Archive member included because of file (symbol)

/Applications/CrossWorks for ARM 2.3/lib/libm_v7em_fpv4_sp_d16_hard_t_le_eabi.a(libm_asm.o)
                              THUMB Debug/ITG3200.o (__aeabi_i2d)
/Applications/CrossWorks for ARM 2.3/lib/libc_v7em_fpv4_sp_d16_hard_t_le_eabi.a(libc2.o)
                              THUMB Debug/main.o (snprintf)
/Applications/CrossWorks for ARM 2.3/lib/libc_v7em_fpv4_sp_d16_hard_t_le_eabi.a(libc2_asm.o)
                              THUMB Debug/queue.o (memcpy)
/Applications/CrossWorks for ARM 2.3/lib/libc_v7em_fpv4_sp_d16_hard_t_le_eabi.a(__vfprintf_double_long_long.o)
                              (__vfprintf_double_long_long)
/Applications/CrossWorks for ARM 2.3/lib/libc_v7em_fpv4_sp_d16_hard_t_le_eabi.a(__vfscanf_int.o)
                              (__vfscanf_int)
/Applications/CrossWorks for ARM 2.3/lib/libc_v7em_fpv4_sp_d16_hard_t_le_eabi.a(libc_asm.o)
                              /Applications/CrossWorks for ARM 2.3/lib/libc_v7em_fpv4_sp_d16_hard_t_le_eabi.a(libc2.o) (__aeabi_uldivmod)
/Applications/CrossWorks for ARM 2.3/lib/libdebugio_v7em_fpv4_sp_d16_hard_t_le_eabi.a(libdebugio.o)
                              (__do_debug_operation_mempoll)
/Applications/CrossWorks for ARM 2.3/lib/libdebugio_v7em_fpv4_sp_d16_hard_t_le_eabi.a(libdebugio_asm.o)
                              THUMB Debug/main.o (debug_printf)
/Applications/CrossWorks for ARM 2.3/lib/libc_targetio_impl_v7em_fpv4_sp_d16_hard_t_le_eabi.a(libc_targetio_impl.o)
                              THUMB Debug/usbd_cdc_vcp.o (printf)
/Applications/CrossWorks for ARM 2.3/lib/libc_user_libc_v7em_fpv4_sp_d16_hard_t_le_eabi.a(user_libc.o)
                              /Applications/CrossWorks for ARM 2.3/lib/libc_v7em_fpv4_sp_d16_hard_t_le_eabi.a(libc2.o) (__errno)
/Applications/CrossWorks for ARM 2.3/lib/libm_v7em_fpv4_sp_d16_hard_t_le_eabi.a(libm2.o)
                              /Applications/CrossWorks for ARM 2.3/lib/libc_v7em_fpv4_sp_d16_hard_t_le_eabi.a(__vfprintf_double_long_long.o) (frexp)
/Applications/CrossWorks for ARM 2.3/lib/libm_v7em_fpv4_sp_d16_hard_t_le_eabi.a(libm2_asm.o)
                              /Applications/CrossWorks for ARM 2.3/lib/libm_v7em_fpv4_sp_d16_hard_t_le_eabi.a(libm2.o) (fabs)

Allocating common symbols
Common symbol       size              file

APP_Tx_Buffer       0x80              THUMB Debug/usbd_cdc_vcp.o
em406a_data         0x8               THUMB Debug/main.o
CompassWriteQueueHandle
                    0x4               THUMB Debug/main.o
xQueueRegistry      0x40              THUMB Debug/queue.o
GyroWriteQueueHandle
                    0x4               THUMB Debug/main.o
TimingDelay         0x4               THUMB Debug/main.o
usbd_cdc_OtherCfgDesc
                    0x43              THUMB Debug/usbd_cdc_core.o
I2C_InitStructure   0x10              THUMB Debug/main.o
APP_tx_ptr_tail     0x4               THUMB Debug/usbd_cdc_vcp.o
USB_Rx_Buffer       0x40              THUMB Debug/usbd_cdc_core.o
USART_InitStructure
                    0x10              THUMB Debug/usbd_cdc_vcp.o
CmdBuff             0x8               THUMB Debug/usbd_cdc_core.o
USB_OTG_dev         0x5f0             THUMB Debug/main.o
APP_Rx_Buffer       0x800             THUMB Debug/usbd_cdc_core.o
NVIC_InitStructure  0x4               THUMB Debug/stm32f4_discovery.o
USBD_StrDesc        0x32              THUMB Debug/usbd_req.o
AccelWriteQueueHandle
                    0x4               THUMB Debug/main.o
APP_tx_ptr_head     0x4               THUMB Debug/usbd_cdc_vcp.o

Discarded input sections

 .text          0x00000000        0x0 THUMB Debug/main.o
 .data          0x00000000        0x0 THUMB Debug/main.o
 .bss           0x00000000        0x0 THUMB Debug/main.o
 .text.QueueReadTestTask
                0x00000000      0x204 THUMB Debug/main.o
 .text.SensorStickReadTask
                0x00000000      0x238 THUMB Debug/main.o
 .text.correct_number_format
                0x00000000       0x28 THUMB Debug/main.o
 .bss.gyro_read_buffer.7888
                0x00000000        0xc THUMB Debug/main.o
 .text          0x00000000        0x0 THUMB Debug/croutine.o
 .data          0x00000000        0x0 THUMB Debug/croutine.o
 .bss           0x00000000        0x0 THUMB Debug/croutine.o
 .bss.pxReadyCoRoutineLists
                0x00000000       0x28 THUMB Debug/croutine.o
 .bss.xDelayedCoRoutineList1
                0x00000000       0x14 THUMB Debug/croutine.o
 .bss.xDelayedCoRoutineList2
                0x00000000       0x14 THUMB Debug/croutine.o
 .bss.pxDelayedCoRoutineList
                0x00000000        0x4 THUMB Debug/croutine.o
 .bss.pxOverflowDelayedCoRoutineList
                0x00000000        0x4 THUMB Debug/croutine.o
 .bss.xPendingReadyCoRoutineList
                0x00000000       0x14 THUMB Debug/croutine.o
 .bss.pxCurrentCoRoutine
                0x00000000        0x4 THUMB Debug/croutine.o
 .bss.uxTopCoRoutineReadyPriority
                0x00000000        0x4 THUMB Debug/croutine.o
[...]
Memory Configuration

Name             Origin             Length             Attributes
UNPLACED_SECTIONS 0xffffffff         0x00000000         xw
FLASH            0x08000000         0x00100000         xr
DATA_SRAM        0x10000000         0x00010000         xw
SYSTEM           0x1fff0000         0x00007a10         xw
OPTION           0x1fffc000         0x00000008         xw
RAM              0x20000000         0x00020000         xw
SRAM1            0x20000000         0x0001c000         xw
SRAM2            0x2001c000         0x00004000         xw
APB1             0x40000000         0x00007800         xw
APB2             0x40010000         0x00004c00         xw
AHB1             0x40020000         0x00080000         xw
AHB2             0x50000000         0x00060c00         xw
AHB3             0xa0000000         0x00001000         xw
PCCARD           0x90000000         0x00000000         xw
NAND2            0x80000000         0x00000000         xw
NAND1            0x70000000         0x00000000         xw
NOR_PSRAM4       0x6c000000         0x00000000         xw
NOR_PSRAM3       0x68000000         0x00000000         xw
NOR_PSRAM2       0x64000000         0x00000000         xw
NOR_PSRAM1       0x60000000         0x00000000         xw
PPB              0xe0000000         0x00100000         xw
CM3_System_Control_Space 0xe000e000         0x00001000         xw
*default*        0x00000000         0xffffffff

Linker script and memory map

                0x08008cb4                __do_debug_operation = __do_debug_operation_mempoll
                0x08007248                __vfprintf = __vfprintf_double_long_long
                0x08008750                __vfscanf = __vfscanf_int
                0x08000000                __FLASH_segment_start__ = 0x8000000
                0x08100000                __FLASH_segment_end__ = 0x8100000
                0x10000000                __DATA_SRAM_segment_start__ = 0x10000000
                0x10010000                __DATA_SRAM_segment_end__ = 0x10010000
                0x1fff0000                __SYSTEM_segment_start__ = 0x1fff0000
                0x1fff7a10                __SYSTEM_segment_end__ = 0x1fff7a10
                0x1fffc000                __OPTION_segment_start__ = 0x1fffc000
                0x1fffc008                __OPTION_segment_end__ = 0x1fffc008
                0x20000000                __RAM_segment_start__ = 0x20000000
                0x20020000                __RAM_segment_end__ = 0x20020000
                0x20000000                __SRAM1_segment_start__ = 0x20000000
                0x2001c000                __SRAM1_segment_end__ = 0x2001c000
                0x2001c000                __SRAM2_segment_start__ = 0x2001c000
                0x20020000                __SRAM2_segment_end__ = 0x20020000
                0x40000000                __APB1_segment_start__ = 0x40000000
                0x40007800                __APB1_segment_end__ = 0x40007800
                0x40010000                __APB2_segment_start__ = 0x40010000
                0x40014c00                __APB2_segment_end__ = 0x40014c00
                0x40020000                __AHB1_segment_start__ = 0x40020000
                0x400a0000                __AHB1_segment_end__ = 0x400a0000
                0x50000000                __AHB2_segment_start__ = 0x50000000
                0x50060c00                __AHB2_segment_end__ = 0x50060c00
                0xa0000000                __AHB3_segment_start__ = 0xa0000000
                0xa0001000                __AHB3_segment_end__ = 0xa0001000
                0x90000000                __PCCARD_segment_start__ = 0x90000000
                0x90000000                __PCCARD_segment_end__ = 0x90000000
                0x80000000                __NAND2_segment_start__ = 0x80000000
                0x80000000                __NAND2_segment_end__ = 0x80000000
                0x70000000                __NAND1_segment_start__ = 0x70000000
                0x70000000                __NAND1_segment_end__ = 0x70000000
                0x6c000000                __NOR_PSRAM4_segment_start__ = 0x6c000000
                0x6c000000                __NOR_PSRAM4_segment_end__ = 0x6c000000
                0x68000000                __NOR_PSRAM3_segment_start__ = 0x68000000
                0x68000000                __NOR_PSRAM3_segment_end__ = 0x68000000
                0x64000000                __NOR_PSRAM2_segment_start__ = 0x64000000
                0x64000000                __NOR_PSRAM2_segment_end__ = 0x64000000
                0x60000000                __NOR_PSRAM1_segment_start__ = 0x60000000
                0x60000000                __NOR_PSRAM1_segment_end__ = 0x60000000
                0xe0000000                __PPB_segment_start__ = 0xe0000000
                0xe0100000                __PPB_segment_end__ = 0xe0100000
                0xe000e000                __CM3_System_Control_Space_segment_start__ = 0xe000e000
                0xe000f000                __CM3_System_Control_Space_segment_end__ = 0xe000f000
                0x00000100                __STACKSIZE__ = 0x100
                0x00000000                __STACKSIZE_PROCESS__ = 0x0
                0x00000000                __STACKSIZE_IRQ__ = 0x0
                0x00000000                __STACKSIZE_FIQ__ = 0x0
                0x00000000                __STACKSIZE_SVC__ = 0x0
                0x00000000                __STACKSIZE_ABT__ = 0x0
                0x00000000                __STACKSIZE_UND__ = 0x0
                0x00000080                __HEAPSIZE__ = 0x80
                0x20000000                __vectors_ram_load_start__ = ALIGN (__RAM_segment_start__, 0x100)

.vectors_ram    0x20000000        0x0
                0x20000000                __vectors_ram_start__ = .
 *(.vectors_ram .vectors_ram.*)
                0x20000000                __vectors_ram_end__ = (__vectors_ram_start__ + SIZEOF (.vectors_ram))
                0x20000000                __vectors_ram_load_end__ = __vectors_ram_end__
                0x00000001                . = ASSERT (((__vectors_ram_end__ >= __RAM_segment_start__) && (__vectors_ram_end__ <= __RAM_segment_end__)), error: .vectors_ram is too large to fit in RAM memory segment)
                0x08000000                __vectors_load_start__ = ALIGN (__FLASH_segment_start__, 0x100)

.vectors        0x08000000      0x188
                0x08000000                __vectors_start__ = .
 *(.vectors .vectors.*)
 .vectors       0x08000000      0x188 THUMB Debug/STM32_Startup.o
                0x08000000                _vectors
                0x08000188                __vectors_end__ = (__vectors_start__ + SIZEOF (.vectors))
                0x08000188                __vectors_load_end__ = __vectors_end__
                0x00000001                . = ASSERT (((__vectors_end__ >= __FLASH_segment_start__) && (__vectors_end__ <= __FLASH_segment_end__)), error: .vectors is too large to fit in FLASH memory segment)
                0x08000188                __init_load_start__ = ALIGN (__vectors_end__, 0x4)

.init           0x08000188      0x240
                0x08000188                __init_start__ = .
 *(.init .init.*)
 .init          0x08000188      0x12c THUMB Debug/thumb_crt0.o
                0x08000188                _start
                0x08000220                exit
                0x08000244                __putchar
                0x08000244                __getchar
 .init          0x080002b4      0x114 THUMB Debug/STM32_Startup.o
                0x080002b4                NMI_Handler
                0x080002b8                MemManage_Handler
                0x080002ba                BusFault_Handler
                0x080002bc                UsageFault_Handler
                0x080002c0                DebugMon_Handler
                0x080002c6                WWDG_IRQHandler
                0x080002c8                PVD_IRQHandler
                0x080002ca                TAMP_STAMP_IRQHandler
                0x080002cc                RTC_WKUP_IRQHandler
                0x080002ce                FLASH_IRQHandler
                0x080002d0                RCC_IRQHandler
                0x080002d2                EXTI0_IRQHandler
                0x080002d4                EXTI1_IRQHandler
                0x080002d6                EXTI2_IRQHandler
                0x080002d8                EXTI3_IRQHandler
                0x080002da                EXTI4_IRQHandler
                0x080002dc                DMA1_Stream0_IRQHandler
                0x080002de                DMA1_Stream1_IRQHandler
                0x080002e0                DMA1_Stream2_IRQHandler
                0x080002e2                DMA1_Stream3_IRQHandler
                0x080002e4                DMA1_Stream4_IRQHandler
                0x080002e6                DMA1_Stream5_IRQHandler
                0x080002e8                DMA1_Stream6_IRQHandler
                0x080002ea                ADC_IRQHandler
                0x080002ec                CAN1_TX_IRQHandler
                0x080002ee                CAN1_RX0_IRQHandler
                0x080002f0                CAN1_RX1_IRQHandler
                0x080002f2                CAN1_SCE_IRQHandler
                0x080002f4                EXTI9_5_IRQHandler
                0x080002f6                TIM1_BRK_TIM9_IRQHandler
                0x080002f8                TIM1_UP_TIM10_IRQHandler
                0x080002fa                TIM1_TRG_COM_TIM11_IRQHandler
                0x080002fc                TIM1_CC_IRQHandler
                0x080002fe                TIM2_IRQHandler
                0x08000300                TIM3_IRQHandler
                0x08000302                TIM4_IRQHandler
                0x08000304                I2C1_EV_IRQHandler
                0x08000306                I2C1_ER_IRQHandler
                0x08000308                I2C2_EV_IRQHandler
                0x0800030a                I2C2_ER_IRQHandler
                0x0800030c                SPI1_IRQHandler
                0x0800030e                SPI2_IRQHandler
                0x08000310                USART1_IRQHandler
                0x08000312                USART2_IRQHandler
                0x08000314                USART3_IRQHandler
                0x08000316                EXTI15_10_IRQHandler
                0x08000318                RTC_Alarm_IRQHandler
                0x0800031c                TIM8_BRK_TIM12_IRQHandler
                0x0800031e                TIM8_UP_TIM13_IRQHandler
                0x08000320                TIM8_TRG_COM_TIM14_IRQHandler
                0x08000322                TIM8_CC_IRQHandler
                0x08000324                DMA1_Stream7_IRQHandler
                0x08000326                FSMC_IRQHandler
                0x08000328                SDIO_IRQHandler
                0x0800032a                TIM5_IRQHandler
                0x0800032c                SPI3_IRQHandler
                0x0800032e                UART4_IRQHandler
                0x08000330                UART5_IRQHandler
                0x08000332                TIM6_DAC_IRQHandler
                0x08000334                TIM7_IRQHandler
                0x08000336                DMA2_Stream0_IRQHandler
                0x08000338                DMA2_Stream1_IRQHandler
                0x0800033a                DMA2_Stream2_IRQHandler
                0x0800033c                DMA2_Stream3_IRQHandler
                0x0800033e                DMA2_Stream4_IRQHandler
                0x08000340                ETH_IRQHandler
                0x08000342                ETH_WKUP_IRQHandler
                0x08000344                CAN2_TX_IRQHandler
                0x08000346                CAN2_RX0_IRQHandler
                0x08000348                CAN2_RX1_IRQHandler
                0x0800034a                CAN2_SCE_IRQHandler
                0x0800034e                DMA2_Stream5_IRQHandler
                0x08000350                DMA2_Stream6_IRQHandler
                0x08000352                DMA2_Stream7_IRQHandler
                0x08000354                USART6_IRQHandler
                0x08000356                I2C3_EV_IRQHandler
                0x08000358                I2C3_ER_IRQHandler
                0x0800035a                OTG_HS_EP1_OUT_IRQHandler
                0x0800035c                OTG_HS_EP1_IN_IRQHandler
                0x0800035e                OTG_HS_WKUP_IRQHandler
                0x08000360                OTG_HS_IRQHandler
                0x08000362                DCMI_IRQHandler
                0x08000364                CRYP_IRQHandler
                0x08000366                HASH_RNG_IRQHandler
                0x08000368                FPU_IRQHandler
                0x0800036a                reset_handler
                0x080003c8                __init_end__ = (__init_start__ + SIZEOF (.init))
                0x080003c8                __init_load_end__ = __init_end__
                0x00000001                . = ASSERT (((__init_end__ >= __FLASH_segment_start__) && (__init_end__ <= __FLASH_segment_end__)), error: .init is too large to fit in FLASH memory segment)
                0x080003c8                __text_load_start__ = ALIGN (__init_end__, 0x4)

.text           0x080003c8     0x8a40
                0x080003c8                __text_start__ = .
 *(.text .text.* .glue_7t .glue_7 .gnu.linkonce.t.* .gcc_except_table .ARM.extab* .gnu.linkonce.armextab.*)
 .glue_7        0x00000000        0x0 linker stubs
 .glue_7t       0x00000000        0x0 linker stubs
 .text.GPSReadoutTask
                0x080003c8       0xb8 THUMB Debug/main.o
                0x080003c8                GPSReadoutTask
 .text.main     0x08000480      0x190 THUMB Debug/main.o
                0x08000480                main
 .text.vListInitialise
                0x08000610       0x40 THUMB Debug/list.o
                0x08000610                vListInitialise
 .text.vListInitialiseItem
                0x08000650       0x1c THUMB Debug/list.o
                0x08000650                vListInitialiseItem
 .text.vListInsertEnd
                0x0800066c       0x50 THUMB Debug/list.o
                0x0800066c                vListInsertEnd
 .text.vListInsert
                0x080006bc       0x74 THUMB Debug/list.o
                0x080006bc                vListInsert
 .text.uxListRemove
                0x08000730       0x58 THUMB Debug/list.o
                0x08000730                uxListRemove
 .text.xQueueGenericReset
                0x08000788       0xbc THUMB Debug/queue.o
                0x08000788                xQueueGenericReset
 .text.xQueueGenericCreate
                0x08000844       0x88 THUMB Debug/queue.o
                0x08000844                xQueueGenericCreate
 .text.xQueueGenericSend
                0x080008cc      0x14c THUMB Debug/queue.o
                0x080008cc                xQueueGenericSend
 .text.xQueueGenericSendFromISR
                0x08000a18       0xb8 THUMB Debug/queue.o
                0x08000a18                xQueueGenericSendFromISR
 .text.xQueueGenericReceive
                0x08000ad0      0x1b4 THUMB Debug/queue.o
                0x08000ad0                xQueueGenericReceive
 .text.prvCopyDataToQueue
                0x08000c84       0xc4 THUMB Debug/queue.o
 .text.prvCopyDataFromQueue
                0x08000d48       0x50 THUMB Debug/queue.o
 .text.prvUnlockQueue
                0x08000d98       0xa0 THUMB Debug/queue.o
 .text.prvIsQueueEmpty
                0x08000e38       0x2c THUMB Debug/queue.o
 .text.prvIsQueueFull
                0x08000e64       0x30 THUMB Debug/queue.o
 .text.vQueueWaitForMessageRestricted
                0x08000e94       0x5c THUMB Debug/queue.o
                0x08000e94                vQueueWaitForMessageRestricted
 .text.xTaskGenericCreate
                0x08000ef0      0x1d0 THUMB Debug/tasks.o
                0x08000ef0                xTaskGenericCreate
 .text.vTaskDelay
                0x080010c0       0x5c THUMB Debug/tasks.o
                0x080010c0                vTaskDelay
 .text.vTaskStartScheduler
                0x0800111c       0x88 THUMB Debug/tasks.o
                0x0800111c                vTaskStartScheduler
 .text.vTaskSuspendAll
                0x080011a4       0x24 THUMB Debug/tasks.o
                0x080011a4                vTaskSuspendAll
 .text.xTaskResumeAll
                0x080011c8      0x164 THUMB Debug/tasks.o
                0x080011c8                xTaskResumeAll
 .text.xTaskGetTickCount
                0x0800132c       0x28 THUMB Debug/tasks.o
                0x0800132c                xTaskGetTickCount
 .text.vTaskIncrementTick
                0x08001354      0x1cc THUMB Debug/tasks.o
                0x08001354                vTaskIncrementTick
 .text.vTaskSwitchContext
                0x08001520       0xd4 THUMB Debug/tasks.o
                0x08001520                vTaskSwitchContext
 .text.vTaskPlaceOnEventList
                0x080015f4       0x84 THUMB Debug/tasks.o
                0x080015f4                vTaskPlaceOnEventList
 .text.vTaskPlaceOnEventListRestricted
                0x08001678       0x60 THUMB Debug/tasks.o
                0x08001678                vTaskPlaceOnEventListRestricted
 .text.xTaskRemoveFromEventList
                0x080016d8       0xd0 THUMB Debug/tasks.o
                0x080016d8                xTaskRemoveFromEventList
 .text.vTaskSetTimeOutState
                0x080017a8       0x38 THUMB Debug/tasks.o
                0x080017a8                vTaskSetTimeOutState
 .text.xTaskCheckForTimeOut
                0x080017e0       0xbc THUMB Debug/tasks.o
                0x080017e0                xTaskCheckForTimeOut
 .text.vTaskMissedYield
                0x0800189c       0x18 THUMB Debug/tasks.o
                0x0800189c                vTaskMissedYield
 .text.prvIdleTask
                0x080018b4       0x24 THUMB Debug/tasks.o
 .text.prvInitialiseTCBVariables
                0x080018d8       0x78 THUMB Debug/tasks.o
 .text.prvInitialiseTaskLists
                0x08001950       0xa4 THUMB Debug/tasks.o
 .text.prvCheckTasksWaitingTermination
                0x080019f4       0x9c THUMB Debug/tasks.o
 .text.prvAddCurrentTaskToDelayedList
                0x08001a90       0x8c THUMB Debug/tasks.o
 .text.prvAllocateTCBAndStack
                0x08001b1c       0x70 THUMB Debug/tasks.o
 .text.prvDeleteTCB
                0x08001b8c       0x20 THUMB Debug/tasks.o
 .text.xTaskGetCurrentTaskHandle
                0x08001bac       0x20 THUMB Debug/tasks.o
                0x08001bac                xTaskGetCurrentTaskHandle
 .text.xTaskGetSchedulerState
                0x08001bcc       0x48 THUMB Debug/tasks.o
                0x08001bcc                xTaskGetSchedulerState
 .text.vTaskPriorityInherit
                0x08001c14       0xdc THUMB Debug/tasks.o
                0x08001c14                vTaskPriorityInherit
 .text.vTaskPriorityDisinherit
                0x08001cf0       0x90 THUMB Debug/tasks.o
                0x08001cf0                vTaskPriorityDisinherit
 .text.xTimerCreateTimerTask
                0x08001d80       0x6c THUMB Debug/timers.o
                0x08001d80                xTimerCreateTimerTask
 .text.xTimerGenericCommand
                0x08001dec       0xac THUMB Debug/timers.o
                0x08001dec                xTimerGenericCommand
 .text.prvProcessExpiredTimer
                0x08001e98       0x7c THUMB Debug/timers.o
 .text.prvTimerTask
                0x08001f14       0x24 THUMB Debug/timers.o
 .text.prvProcessTimerOrBlockTask
                0x08001f38       0x74 THUMB Debug/timers.o
 .text.prvGetNextExpireTime
                0x08001fac       0x54 THUMB Debug/timers.o
 .text.prvSampleTimeNow
                0x08002000       0x58 THUMB Debug/timers.o
 .text.prvInsertTimerInActiveList
                0x08002058       0x94 THUMB Debug/timers.o
 .text.prvProcessReceivedCommands
                0x080020ec      0x10c THUMB Debug/timers.o
 .text.prvSwitchTimerLists
                0x080021f8       0xe8 THUMB Debug/timers.o
 .text.prvCheckForValidListAndQueue
                0x080022e0       0x74 THUMB Debug/timers.o
 .text.pxPortInitialiseStack
                0x08002354       0x70 THUMB Debug/port.o
                0x08002354                pxPortInitialiseStack
 .text.SVC_Handler
                0x080023c4       0x1c THUMB Debug/port.o
                0x080023c4                SVC_Handler
 .text.prvPortStartFirstTask
                0x080023e0       0x14 THUMB Debug/port.o
 .text.xPortStartScheduler
                0x080023f4       0x70 THUMB Debug/port.o
                0x080023f4                xPortStartScheduler
 .text.vPortYieldFromISR
                0x08002464       0x18 THUMB Debug/port.o
                0x08002464                vPortYieldFromISR
 .text.vPortEnterCritical
                0x0800247c       0x24 THUMB Debug/port.o
                0x0800247c                vPortEnterCritical
 .text.vPortExitCritical
                0x080024a0       0x34 THUMB Debug/port.o
                0x080024a0                vPortExitCritical
 .text.ulPortSetInterruptMask
                0x080024d4       0x14 THUMB Debug/port.o
                0x080024d4                ulPortSetInterruptMask
 .text.vPortClearInterruptMask
                0x080024e8        0x8 THUMB Debug/port.o
                0x080024e8                vPortClearInterruptMask
 .text.PendSV_Handler
                0x080024f0       0x50 THUMB Debug/port.o
                0x080024f0                PendSV_Handler
 .text.SysTick_Handler
                0x08002540       0x24 THUMB Debug/port.o
                0x08002540                SysTick_Handler
 .text.vPortSetupTimerInterrupt
                0x08002564       0x2c THUMB Debug/port.o
                0x08002564                vPortSetupTimerInterrupt
 .text.vPortEnableVFP
                0x08002590       0x14 THUMB Debug/port.o
 .text.pvPortMalloc
                0x080025a4      0x1b0 THUMB Debug/heap_2.o
                0x080025a4                pvPortMalloc
 .text.vPortFree
                0x08002754       0x88 THUMB Debug/heap_2.o
                0x08002754                vPortFree
 .text.SystemInit
                0x080027dc       0x84 THUMB Debug/system_stm32f4xx.o
                0x080027dc                SystemInit
 .text.SystemCoreClockUpdate
                0x08002860      0x170 THUMB Debug/system_stm32f4xx.o
                0x08002860                SystemCoreClockUpdate
 .text.SetSysClock
                0x080029d0      0x1e0 THUMB Debug/system_stm32f4xx.o
 .text.I2C1_Init
                0x08002bb0       0xf4 THUMB Debug/I2C.o
                0x08002bb0                I2C1_Init
 .text.LED_orange
                0x08002ca4       0x40 THUMB Debug/STM32_LEDBlinky.o
                0x08002ca4                LED_orange
 .text.IO_Init  0x08002ce4       0x48 THUMB Debug/STM32_LEDBlinky.o
                0x08002ce4                IO_Init
 .text.trace    0x08002d2c       0x20 THUMB Debug/data_trace.o
                0x08002d2c                trace
 .text.HardFault_Handler
                0x08002d4c        0x8 THUMB Debug/stm32fxxx_it.o
                0x08002d4c                HardFault_Handler
 .text.OTG_FS_WKUP_IRQHandler
                0x08002d54       0x44 THUMB Debug/stm32fxxx_it.o
                0x08002d54                OTG_FS_WKUP_IRQHandler
 .text.OTG_FS_IRQHandler
                0x08002d98       0x14 THUMB Debug/stm32fxxx_it.o
                0x08002d98                OTG_FS_IRQHandler
 .text.EM406A_GPS_sample
                0x08002dac      0x164 THUMB Debug/EM_406A_GPS.o
                0x08002dac                EM406A_GPS_sample
 .text.EM406A_GPS_getline
                0x08002f10       0x7c THUMB Debug/EM_406A_GPS.o
                0x08002f10                EM406A_GPS_getline
 .text.Init_USART3
                0x08002f8c      0x124 THUMB Debug/usart_lib.o
                0x08002f8c                Init_USART3
 .text.Init_USART2
                0x080030b0      0x124 THUMB Debug/usart_lib.o
                0x080030b0                Init_USART2
 .text.USART_putchar
                0x080031d4       0x3c THUMB Debug/usart_lib.o
                0x080031d4                USART_putchar
 .text.USART_getchar
                0x08003210       0x34 THUMB Debug/usart_lib.o
                0x08003210                USART_getchar
 .text.USART_putstring
                0x08003244       0x34 THUMB Debug/usart_lib.o
                0x08003244                USART_putstring
 .text.EXTI_ClearITPendingBit
                0x08003278       0x20 THUMB Debug/stm32f4xx_exti.o
                0x08003278                EXTI_ClearITPendingBit
 .text.GPIO_Init
                0x08003298      0x144 THUMB Debug/stm32f4xx_gpio.o
                0x08003298                GPIO_Init
 .text.GPIO_ResetBits
                0x080033dc       0x1c THUMB Debug/stm32f4xx_gpio.o
                0x080033dc                GPIO_ResetBits
 .text.GPIO_ToggleBits
                0x080033f8       0x24 THUMB Debug/stm32f4xx_gpio.o
                0x080033f8                GPIO_ToggleBits
 .text.GPIO_PinAFConfig
                0x0800341c       0xa8 THUMB Debug/stm32f4xx_gpio.o
                0x0800341c                GPIO_PinAFConfig
 .text.I2C_DeInit
                0x080034c4       0x88 THUMB Debug/stm32f4xx_i2c.o
                0x080034c4                I2C_DeInit
 .text.I2C_Init
                0x0800354c      0x1ac THUMB Debug/stm32f4xx_i2c.o
                0x0800354c                I2C_Init
 .text.I2C_StructInit
                0x080036f8       0x44 THUMB Debug/stm32f4xx_i2c.o
                0x080036f8                I2C_StructInit
 .text.I2C_Cmd  0x0800373c       0x40 THUMB Debug/stm32f4xx_i2c.o
                0x0800373c                I2C_Cmd
 .text.RCC_GetClocksFreq
                0x0800377c      0x1cc THUMB Debug/stm32f4xx_rcc.o
                0x0800377c                RCC_GetClocksFreq
 .text.RCC_AHB1PeriphClockCmd
                0x08003948       0x54 THUMB Debug/stm32f4xx_rcc.o
                0x08003948                RCC_AHB1PeriphClockCmd
 .text.RCC_APB1PeriphClockCmd
                0x0800399c       0x54 THUMB Debug/stm32f4xx_rcc.o
                0x0800399c                RCC_APB1PeriphClockCmd
 .text.RCC_APB1PeriphResetCmd
                0x080039f0       0x54 THUMB Debug/stm32f4xx_rcc.o
                0x080039f0                RCC_APB1PeriphResetCmd
 .text.USART_Init
                0x08003a44      0x1ac THUMB Debug/stm32f4xx_usart.o
                0x08003a44                USART_Init
 .text.USART_ClockInit
                0x08003bf0       0x54 THUMB Debug/stm32f4xx_usart.o
                0x08003bf0                USART_ClockInit
 .text.USART_ClockStructInit
                0x08003c44       0x34 THUMB Debug/stm32f4xx_usart.o
                0x08003c44                USART_ClockStructInit
 .text.USART_Cmd
                0x08003c78       0x40 THUMB Debug/stm32f4xx_usart.o
                0x08003c78                USART_Cmd
 .text.USART_ITConfig
                0x08003cb8       0xa4 THUMB Debug/stm32f4xx_usart.o
                0x08003cb8                USART_ITConfig
 .text.USB_OTG_BSP_uDelay
                0x08003d5c       0x58 THUMB Debug/usb_bsp.o
                0x08003d5c                USB_OTG_BSP_uDelay
 .text.USBD_SetupStage
                0x08003db4       0x70 THUMB Debug/usbd_core.o
 .text.USBD_DataOutStage
                0x08003e24       0xd4 THUMB Debug/usbd_core.o
 .text.USBD_DataInStage
                0x08003ef8      0x114 THUMB Debug/usbd_core.o
 .text.USBD_Reset
                0x0800400c       0x54 THUMB Debug/usbd_core.o
 .text.USBD_Resume
                0x08004060       0x2c THUMB Debug/usbd_core.o
 .text.USBD_Suspend
                0x0800408c       0x2c THUMB Debug/usbd_core.o
 .text.USBD_SOF
                0x080040b8       0x30 THUMB Debug/usbd_core.o
 .text.USBD_SetCfg
                0x080040e8       0x34 THUMB Debug/usbd_core.o
                0x080040e8                USBD_SetCfg
 .text.USBD_ClrCfg
                0x0800411c       0x2c THUMB Debug/usbd_core.o
                0x0800411c                USBD_ClrCfg
 .text.USBD_IsoINIncomplete
                0x08004148       0x24 THUMB Debug/usbd_core.o
 .text.USBD_IsoOUTIncomplete
                0x0800416c       0x24 THUMB Debug/usbd_core.o
 .text.USBD_CtlSendData
                0x08004190       0x48 THUMB Debug/usbd_ioreq.o
                0x08004190                USBD_CtlSendData
 .text.USBD_CtlContinueSendData
                0x080041d8       0x30 THUMB Debug/usbd_ioreq.o
                0x080041d8                USBD_CtlContinueSendData
 .text.USBD_CtlContinueRx
                0x08004208       0x30 THUMB Debug/usbd_ioreq.o
                0x08004208                USBD_CtlContinueRx
 .text.USBD_CtlSendStatus
                0x08004238       0x3c THUMB Debug/usbd_ioreq.o
                0x08004238                USBD_CtlSendStatus
 .text.USBD_CtlReceiveStatus
                0x08004274       0x3c THUMB Debug/usbd_ioreq.o
                0x08004274                USBD_CtlReceiveStatus
 .text.USBD_StdDevReq
                0x080042b0       0xa4 THUMB Debug/usbd_req.o
                0x080042b0                USBD_StdDevReq
 .text.USBD_StdItfReq
                0x08004354       0x6c THUMB Debug/usbd_req.o
                0x08004354                USBD_StdItfReq
 .text.USBD_StdEPReq
                0x080043c0      0x1e4 THUMB Debug/usbd_req.o
                0x080043c0                USBD_StdEPReq
 .text.USBD_GetDescriptor
                0x080045a4      0x1c8 THUMB Debug/usbd_req.o
 .text.USBD_SetAddress
                0x0800476c       0x80 THUMB Debug/usbd_req.o
 .text.USBD_SetConfig
                0x080047ec      0x134 THUMB Debug/usbd_req.o
 .text.USBD_GetConfig
                0x08004920       0x68 THUMB Debug/usbd_req.o
 .text.USBD_GetStatus
                0x08004988       0x68 THUMB Debug/usbd_req.o
 .text.USBD_SetFeature
                0x080049f0       0xe0 THUMB Debug/usbd_req.o
 .text.USBD_ClrFeature
                0x08004ad0       0x58 THUMB Debug/usbd_req.o
 .text.USBD_ParseSetupRequest
                0x08004b28       0x94 THUMB Debug/usbd_req.o
                0x08004b28                USBD_ParseSetupRequest
 .text.USBD_CtlError
                0x08004bbc       0x50 THUMB Debug/usbd_req.o
                0x08004bbc                USBD_CtlError
 .text.USB_OTG_WritePacket
                0x08004c0c       0x84 THUMB Debug/usb_core.o
                0x08004c0c                USB_OTG_WritePacket
 .text.USB_OTG_ReadPacket
                0x08004c90       0x68 THUMB Debug/usb_core.o
                0x08004c90                USB_OTG_ReadPacket
 .text.USB_OTG_FlushTxFifo
                0x08004cf8       0x80 THUMB Debug/usb_core.o
                0x08004cf8                USB_OTG_FlushTxFifo
 .text.USB_OTG_GetMode
                0x08004d78       0x20 THUMB Debug/usb_core.o
                0x08004d78                USB_OTG_GetMode
 .text.USB_OTG_IsDeviceMode
                0x08004d98       0x24 THUMB Debug/usb_core.o
                0x08004d98                USB_OTG_IsDeviceMode
 .text.USB_OTG_ReadCoreItr
                0x08004dbc       0x30 THUMB Debug/usb_core.o
                0x08004dbc                USB_OTG_ReadCoreItr
 .text.USB_OTG_GetDeviceSpeed
                0x08004dec       0x50 THUMB Debug/usb_core.o
                0x08004dec                USB_OTG_GetDeviceSpeed
 .text.USB_OTG_EP0Activate
                0x08004e3c       0x80 THUMB Debug/usb_core.o
                0x08004e3c                USB_OTG_EP0Activate
 .text.USB_OTG_EPActivate
                0x08004ebc       0xf8 THUMB Debug/usb_core.o
                0x08004ebc                USB_OTG_EPActivate
 .text.USB_OTG_EPStartXfer
                0x08004fb4      0x2d0 THUMB Debug/usb_core.o
                0x08004fb4                USB_OTG_EPStartXfer
 .text.USB_OTG_EP0StartXfer
                0x08005284      0x200 THUMB Debug/usb_core.o
                0x08005284                USB_OTG_EP0StartXfer
 .text.USB_OTG_EPSetStall
                0x08005484       0x94 THUMB Debug/usb_core.o
                0x08005484                USB_OTG_EPSetStall
 .text.USB_OTG_EPClearStall
                0x08005518       0x84 THUMB Debug/usb_core.o
                0x08005518                USB_OTG_EPClearStall
 .text.USB_OTG_ReadDevAllOutEp_itr
                0x0800559c       0x30 THUMB Debug/usb_core.o
                0x0800559c                USB_OTG_ReadDevAllOutEp_itr
 .text.USB_OTG_ReadDevOutEP_itr
                0x080055cc       0x3c THUMB Debug/usb_core.o
                0x080055cc                USB_OTG_ReadDevOutEP_itr
 .text.USB_OTG_ReadDevAllInEPItr
                0x08005608       0x34 THUMB Debug/usb_core.o
                0x08005608                USB_OTG_ReadDevAllInEPItr
 .text.USB_OTG_EP0_OutStart
                0x0800563c       0x78 THUMB Debug/usb_core.o
                0x0800563c                USB_OTG_EP0_OutStart
 .text.USB_OTG_UngateClock
                0x080056b4       0x54 THUMB Debug/usb_core.o
                0x080056b4                USB_OTG_UngateClock
 .text.DCD_EP_Open
                0x08005708       0xac THUMB Debug/usb_dcd.o
                0x08005708                DCD_EP_Open
 .text.DCD_EP_PrepareRx
                0x080057b4       0x8c THUMB Debug/usb_dcd.o
                0x080057b4                DCD_EP_PrepareRx
 .text.DCD_EP_Tx
                0x08005840       0x84 THUMB Debug/usb_dcd.o
                0x08005840                DCD_EP_Tx
 .text.DCD_EP_Stall
                0x080058c4       0x84 THUMB Debug/usb_dcd.o
                0x080058c4                DCD_EP_Stall
 .text.DCD_EP_ClrStall
                0x08005948       0x84 THUMB Debug/usb_dcd.o
                0x08005948                DCD_EP_ClrStall
 .text.DCD_EP_SetAddress
                0x080059cc       0x3c THUMB Debug/usb_dcd.o
                0x080059cc                DCD_EP_SetAddress
 .text.USBD_OTG_ISR_Handler
                0x08005a08      0x164 THUMB Debug/usb_dcd_int.o
                0x08005a08                USBD_OTG_ISR_Handler
 .text.DCD_HandleResume_ISR
                0x08005b6c       0x8c THUMB Debug/usb_dcd_int.o
 .text.DCD_HandleUSBSuspend_ISR
                0x08005bf8       0xb0 THUMB Debug/usb_dcd_int.o
 .text.DCD_HandleInEP_ISR
                0x08005ca8      0x22c THUMB Debug/usb_dcd_int.o
 .text.DCD_HandleOutEP_ISR
                0x08005ed4      0x1b0 THUMB Debug/usb_dcd_int.o
 .text.DCD_HandleSof_ISR
                0x08006084       0x3c THUMB Debug/usb_dcd_int.o
 .text.DCD_HandleRxStatusQueueLevel_ISR
                0x080060c0      0x114 THUMB Debug/usb_dcd_int.o
 .text.DCD_WriteEmptyTxFifo
                0x080061d4      0x100 THUMB Debug/usb_dcd_int.o
 .text.DCD_HandleUsbReset_ISR
                0x080062d4      0x170 THUMB Debug/usb_dcd_int.o
 .text.DCD_HandleEnumDone_ISR
                0x08006444       0x88 THUMB Debug/usb_dcd_int.o
 .text.DCD_IsoINIncomplete_ISR
                0x080064cc       0x3c THUMB Debug/usb_dcd_int.o
 .text.DCD_IsoOUTIncomplete_ISR
                0x08006508       0x3c THUMB Debug/usb_dcd_int.o
 .text.DCD_ReadDevInEP
                0x08006544       0x58 THUMB Debug/usb_dcd_int.o
 .text.libc.__int64_to_float64
                0x0800659c       0xa0 /Applications/CrossWorks for ARM 2.3/lib/libm_v7em_fpv4_sp_d16_hard_t_le_eabi.a(libm_asm.o)
                0x0800659c                __floatdidf
                0x0800659c                __int64_to_float64
                0x0800659c                __aeabi_l2d
                0x080065c0                __RAL_aeabi_l2d_common
 .text.libc.__uint64_to_float64
                0x0800663c       0x14 /Applications/CrossWorks for ARM 2.3/lib/libm_v7em_fpv4_sp_d16_hard_t_le_eabi.a(libm_asm.o)
                0x0800663c                __uint64_to_float64
                0x0800663c                __aeabi_ul2d
                0x0800663c                __floatundidf
 .text.libc.__float64_to_uint64
                0x08006650       0x50 /Applications/CrossWorks for ARM 2.3/lib/libm_v7em_fpv4_sp_d16_hard_t_le_eabi.a(libm_asm.o)
                0x08006650                __aeabi_d2ulz
                0x08006650                __fixunsdfdi
                0x08006650                __float64_to_uint64
 .text.libc.__float32_to_float64
                0x080066a0       0x38 /Applications/CrossWorks for ARM 2.3/lib/libm_v7em_fpv4_sp_d16_hard_t_le_eabi.a(libm_asm.o)
                0x080066a0                __extendsfdf2
                0x080066a0                __float32_to_float64
                0x080066a0                __aeabi_f2d
 .text.libc.__float64_add
                0x080066d8      0x2b8 /Applications/CrossWorks for ARM 2.3/lib/libm_v7em_fpv4_sp_d16_hard_t_le_eabi.a(libm_asm.o)
                0x080066d8                __aeabi_drsub
                0x080066e0                __float64_sub
                0x080066e0                __aeabi_dsub
                0x080066e0                __subdf3
                0x080066e4                __aeabi_dadd
                0x080066e4                __float64_add
                0x080066e4                __adddf3
 .text.libc.__float64_mul
                0x08006990      0x180 /Applications/CrossWorks for ARM 2.3/lib/libm_v7em_fpv4_sp_d16_hard_t_le_eabi.a(libm_asm.o)
                0x08006990                __aeabi_dmul
                0x08006990                __float64_mul
                0x08006990                __muldf3
 .text.libc.__float64_div
                0x08006b10      0x260 /Applications/CrossWorks for ARM 2.3/lib/libm_v7em_fpv4_sp_d16_hard_t_le_eabi.a(libm_asm.o)
                0x08006b10                __aeabi_ddiv
                0x08006b10                __divdf3
                0x08006b10                __float64_div
 .text.libc.__float64_cmp
                0x08006d70       0x6c /Applications/CrossWorks for ARM 2.3/lib/libm_v7em_fpv4_sp_d16_hard_t_le_eabi.a(libm_asm.o)
                0x08006d70                __ltdf2
                0x08006d70                __eqdf2
                0x08006d70                __gtdf2
                0x08006d70                __cmpdf2
                0x08006d70                __ledf2
                0x08006d70                __nedf2
                0x08006d70                __gedf2
 .text.libc.__aeabi_dcmpeq
                0x08006ddc       0x18 /Applications/CrossWorks for ARM 2.3/lib/libm_v7em_fpv4_sp_d16_hard_t_le_eabi.a(libm_asm.o)
                0x08006ddc                __aeabi_dcmpeq
 .text.libc.__aeabi_dcmplt
                0x08006df4       0x1c /Applications/CrossWorks for ARM 2.3/lib/libm_v7em_fpv4_sp_d16_hard_t_le_eabi.a(libm_asm.o)
                0x08006df4                __aeabi_dcmplt
 .text.libc.__aeabi_dcmpge
                0x08006e10       0x1c /Applications/CrossWorks for ARM 2.3/lib/libm_v7em_fpv4_sp_d16_hard_t_le_eabi.a(libm_asm.o)
                0x08006e10                __aeabi_dcmpge
 .text.libc.__float64_isinf
                0x08006e2c       0x14 /Applications/CrossWorks for ARM 2.3/lib/libm_v7em_fpv4_sp_d16_hard_t_le_eabi.a(libm_asm.o)
                0x08006e2c                __float64_isinf
 .text.libc.__float64_isnan
                0x08006e40       0x14 /Applications/CrossWorks for ARM 2.3/lib/libm_v7em_fpv4_sp_d16_hard_t_le_eabi.a(libm_asm.o)
                0x08006e40                __float64_isnan
 .text.libc.__getc
                0x08006e54       0x24 /Applications/CrossWorks for ARM 2.3/lib/libc_v7em_fpv4_sp_d16_hard_t_le_eabi.a(libc2.o)
                0x08006e54                __getc
 .text.libc.__RAL_pow10
                0x08006e78       0x70 /Applications/CrossWorks for ARM 2.3/lib/libc_v7em_fpv4_sp_d16_hard_t_le_eabi.a(libc2.o)
                0x08006e78                __RAL_pow10
 .text.libc.__putc
                0x08006ee8       0x38 /Applications/CrossWorks for ARM 2.3/lib/libc_v7em_fpv4_sp_d16_hard_t_le_eabi.a(libc2.o)
                0x08006ee8                __putc
 .text.libc.__print_padding
                0x08006f20       0x60 /Applications/CrossWorks for ARM 2.3/lib/libc_v7em_fpv4_sp_d16_hard_t_le_eabi.a(libc2.o)
                0x08006f20                __print_padding
 .text.libc.__pre_padding
                0x08006f80       0x1c /Applications/CrossWorks for ARM 2.3/lib/libc_v7em_fpv4_sp_d16_hard_t_le_eabi.a(libc2.o)
                0x08006f80                __pre_padding
 .text.libc.abs
                0x08006f9c        0x8 /Applications/CrossWorks for ARM 2.3/lib/libc_v7em_fpv4_sp_d16_hard_t_le_eabi.a(libc2.o)
                0x08006f9c                abs
 .text.libc.isupper
                0x08006fa4       0x10 /Applications/CrossWorks for ARM 2.3/lib/libc_v7em_fpv4_sp_d16_hard_t_le_eabi.a(libc2.o)
                0x08006fa4                isupper
 .text.libc.islower
                0x08006fb4       0x10 /Applications/CrossWorks for ARM 2.3/lib/libc_v7em_fpv4_sp_d16_hard_t_le_eabi.a(libc2.o)
                0x08006fb4                islower
 .text.libc.isdigit
                0x08006fc4       0x10 /Applications/CrossWorks for ARM 2.3/lib/libc_v7em_fpv4_sp_d16_hard_t_le_eabi.a(libc2.o)
                0x08006fc4                isdigit
 .text.libc.__digit
                0x08006fd4       0x3c /Applications/CrossWorks for ARM 2.3/lib/libc_v7em_fpv4_sp_d16_hard_t_le_eabi.a(libc2.o)
                0x08006fd4                __digit
 .text.libc.isspace
                0x08007010       0x18 /Applications/CrossWorks for ARM 2.3/lib/libc_v7em_fpv4_sp_d16_hard_t_le_eabi.a(libc2.o)
                0x08007010                isspace
 .text.libc.sprintf
                0x08007028       0x2c /Applications/CrossWorks for ARM 2.3/lib/libc_v7em_fpv4_sp_d16_hard_t_le_eabi.a(libc2.o)
                0x08007028                sprintf
 .text.libc.sscanf
                0x08007054       0x28 /Applications/CrossWorks for ARM 2.3/lib/libc_v7em_fpv4_sp_d16_hard_t_le_eabi.a(libc2.o)
                0x08007054                sscanf
 .text.libc.strncpy
                0x0800707c       0xa0 /Applications/CrossWorks for ARM 2.3/lib/libc_v7em_fpv4_sp_d16_hard_t_le_eabi.a(libc2.o)
                0x0800707c                strncpy
 .text.libc.memcpy
                0x0800711c       0x48 /Applications/CrossWorks for ARM 2.3/lib/libc_v7em_fpv4_sp_d16_hard_t_le_eabi.a(libc2_asm.o)
                0x0800711c                memcpy
                0x0800711c                __aeabi_memcpy
                0x0800711c                __aeabi_memcpy4
                0x0800711c                __aeabi_memcpy8
 .text.libc.memset
                0x08007164       0x70 /Applications/CrossWorks for ARM 2.3/lib/libc_v7em_fpv4_sp_d16_hard_t_le_eabi.a(libc2_asm.o)
                0x08007164                memset
 .text.libc.strlen
                0x080071d4       0x70 /Applications/CrossWorks for ARM 2.3/lib/libc_v7em_fpv4_sp_d16_hard_t_le_eabi.a(libc2_asm.o)
                0x080071d4                strlen
 *fill*         0x08007244        0x4 00
 .text.libc.__vfprintf_double_long_long
                0x08007248     0x1310 /Applications/CrossWorks for ARM 2.3/lib/libc_v7em_fpv4_sp_d16_hard_t_le_eabi.a(__vfprintf_double_long_long.o)
                0x08007248                __vfprintf_double_long_long
 .text.libc.__ungetc
                0x08008558       0x20 /Applications/CrossWorks for ARM 2.3/lib/libc_v7em_fpv4_sp_d16_hard_t_le_eabi.a(__vfscanf_int.o)
 .text.libc.rd_int
                0x08008578      0x1d8 /Applications/CrossWorks for ARM 2.3/lib/libc_v7em_fpv4_sp_d16_hard_t_le_eabi.a(__vfscanf_int.o)
 .text.libc.__vfscanf_int
                0x08008750      0x504 /Applications/CrossWorks for ARM 2.3/lib/libc_v7em_fpv4_sp_d16_hard_t_le_eabi.a(__vfscanf_int.o)
                0x08008750                __vfscanf_int
 .text.libc.__int64_udivmod
                0x08008c54       0x60 /Applications/CrossWorks for ARM 2.3/lib/libc_v7em_fpv4_sp_d16_hard_t_le_eabi.a(libc_asm.o)
                0x08008c54                __int64_udivmod
                0x08008c54                __aeabi_uldivmod
                0x08008c54                __int64_udiv
                0x08008c54                __udivdi3
 .text.libdebugio.__do_debug_operation_mempoll
                0x08008cb4       0x3c /Applications/CrossWorks for ARM 2.3/lib/libdebugio_v7em_fpv4_sp_d16_hard_t_le_eabi.a(libdebugio.o)
                0x08008cb4                __do_debug_operation_mempoll
 .text.libc.debug_printf
                0x08008cf0       0x14 /Applications/CrossWorks for ARM 2.3/lib/libdebugio_v7em_fpv4_sp_d16_hard_t_le_eabi.a(libdebugio_asm.o)
                0x08008cf0                debug_printf
 .text.libc.__errno
                0x08008d04        0xc /Applications/CrossWorks for ARM 2.3/lib/libc_user_libc_v7em_fpv4_sp_d16_hard_t_le_eabi.a(user_libc.o)
                0x08008d04                __errno
 .text.libc.__debug_io_lock
                0x08008d10        0x4 /Applications/CrossWorks for ARM 2.3/lib/libc_user_libc_v7em_fpv4_sp_d16_hard_t_le_eabi.a(user_libc.o)
                0x08008d10                __debug_io_lock
 .text.libc.__debug_io_unlock
                0x08008d14        0x4 /Applications/CrossWorks for ARM 2.3/lib/libc_user_libc_v7em_fpv4_sp_d16_hard_t_le_eabi.a(user_libc.o)
                0x08008d14                __debug_io_unlock
 .text.libc.frexp
                0x08008d18       0x68 /Applications/CrossWorks for ARM 2.3/lib/libm_v7em_fpv4_sp_d16_hard_t_le_eabi.a(libm2.o)
                0x08008d18                frexp
 .text.libc.ldexp
                0x08008d80       0x88 /Applications/CrossWorks for ARM 2.3/lib/libm_v7em_fpv4_sp_d16_hard_t_le_eabi.a(libm2.o)
                0x08008d80                ldexp
                0x08008e08                __text_end__ = (__text_start__ + SIZEOF (.text))
                0x08008e08                __text_load_end__ = __text_end__

.vfp11_veneer   0x00000000        0x0
 .vfp11_veneer  0x00000000        0x0 linker stubs

.v4_bx          0x00000000        0x0
 .v4_bx         0x00000000        0x0 linker stubs

.iplt           0x00000000        0x0
 .iplt          0x00000000        0x0 THUMB Debug/main.o
                0x00000001                . = ASSERT (((__text_end__ >= __FLASH_segment_start__) && (__text_end__ <= __FLASH_segment_end__)), error: .text is too large to fit in FLASH memory segment)
                0x08008e08                __dtors_load_start__ = ALIGN (__text_end__, 0x4)

.dtors          0x08008e08        0x0
                0x08008e08                __dtors_start__ = .
 *(SORT(.dtors.*))
 *(.dtors)
 *(.fini_array .fini_array.*)
                0x08008e08                __dtors_end__ = (__dtors_start__ + SIZEOF (.dtors))
                0x08008e08                __dtors_load_end__ = __dtors_end__
                0x00000001                . = ASSERT (((__dtors_end__ >= __FLASH_segment_start__) && (__dtors_end__ <= __FLASH_segment_end__)), error: .dtors is too large to fit in FLASH memory segment)
                0x08008e08                __ctors_load_start__ = ALIGN (__dtors_end__, 0x4)

.ctors          0x08008e08        0x0
                0x08008e08                __ctors_start__ = .
 *(SORT(.ctors.*))
 *(.ctors)
 *(.init_array .init_array.*)
                0x08008e08                __ctors_end__ = (__ctors_start__ + SIZEOF (.ctors))
                0x08008e08                __ctors_load_end__ = __ctors_end__
                0x00000001                . = ASSERT (((__ctors_end__ >= __FLASH_segment_start__) && (__ctors_end__ <= __FLASH_segment_end__)), error: .ctors is too large to fit in FLASH memory segment)
                0x08008e08                __rodata_load_start__ = ALIGN (__ctors_end__, 0x4)

.rodata         0x08008e08      0x558
                0x08008e08                __rodata_start__ = .
 *(.rodata .rodata.* .gnu.linkonce.r.*)
 .rodata        0x08008e08      0x35c THUMB Debug/main.o
 .rodata        0x08009164        0x8 THUMB Debug/tasks.o
 .rodata        0x0800916c        0x8 THUMB Debug/timers.o
 .rodata.heapSTRUCT_SIZE
                0x08009174        0x2 THUMB Debug/heap_2.o
 *fill*         0x08009176        0x2 00
 .rodata        0x08009178       0x68 THUMB Debug/STM32_LEDBlinky.o
 .rodata        0x080091e0       0x38 THUMB Debug/EM_406A_GPS.o
 .rodata.libc.__float64_infinity
                0x08009218        0x8 /Applications/CrossWorks for ARM 2.3/lib/libm_v7em_fpv4_sp_d16_hard_t_le_eabi.a(libm_asm.o)
                0x08009218                __float64_infinity
 .rodata.libc.__hex_lc
                0x08009220       0x10 /Applications/CrossWorks for ARM 2.3/lib/libc_v7em_fpv4_sp_d16_hard_t_le_eabi.a(libc2.o)
                0x08009220                __hex_lc
 .rodata.libc.power
                0x08009230       0x48 /Applications/CrossWorks for ARM 2.3/lib/libc_v7em_fpv4_sp_d16_hard_t_le_eabi.a(libc2.o)
 .rodata.libc.__hex_uc
                0x08009278       0x10 /Applications/CrossWorks for ARM 2.3/lib/libc_v7em_fpv4_sp_d16_hard_t_le_eabi.a(libc2.o)
                0x08009278                __hex_uc
 .rodata.libc.str1.4
                0x08009288       0x34 /Applications/CrossWorks for ARM 2.3/lib/libc_v7em_fpv4_sp_d16_hard_t_le_eabi.a(__vfprintf_double_long_long.o)
 *fill*         0x080092bc        0x4 00
 .rodata.libc.ipow10
                0x080092c0       0xa0 /Applications/CrossWorks for ARM 2.3/lib/libc_v7em_fpv4_sp_d16_hard_t_le_eabi.a(__vfprintf_double_long_long.o)
                0x08009360                __rodata_end__ = (__rodata_start__ + SIZEOF (.rodata))
                0x08009360                __rodata_load_end__ = __rodata_end__

.rel.dyn        0x08000000        0x0
 .rel.iplt      0x00000000        0x0 THUMB Debug/main.o
                0x00000001                . = ASSERT (((__rodata_end__ >= __FLASH_segment_start__) && (__rodata_end__ <= __FLASH_segment_end__)), error: .rodata is too large to fit in FLASH memory segment)
                0x08009360                __ARM.exidx_load_start__ = ALIGN (__rodata_end__, 0x4)

.ARM.exidx      0x08009360        0x0
                0x08009360                __ARM.exidx_start__ = .
                0x08009360                __exidx_start = __ARM.exidx_start__
 *(.ARM.exidx .ARM.exidx.*)
                0x08009360                __ARM.exidx_end__ = (__ARM.exidx_start__ + SIZEOF (.ARM.exidx))
                0x08009360                __exidx_end = __ARM.exidx_end__
                0x08009360                __ARM.exidx_load_end__ = __ARM.exidx_end__
                0x00000001                . = ASSERT (((__ARM.exidx_end__ >= __FLASH_segment_start__) && (__ARM.exidx_end__ <= __FLASH_segment_end__)), error: .ARM.exidx is too large to fit in FLASH memory segment)
                0x08009360                __fast_load_start__ = ALIGN (__ARM.exidx_end__, 0x4)

.fast           0x20000000        0x0 load address 0x08009360
                0x20000000                __fast_start__ = .
 *(.fast .fast.*)
                0x20000000                __fast_end__ = (__fast_start__ + SIZEOF (.fast))
                0x08009360                __fast_load_end__ = (__fast_load_start__ + SIZEOF (.fast))
                0x00000001                . = ASSERT (((__fast_load_end__ >= __FLASH_segment_start__) && (__fast_load_end__ <= __FLASH_segment_end__)), error: .fast is too large to fit in FLASH memory segment)

.fast_run       0x20000000        0x0
                0x20000000                __fast_run_start__ = .
                0x20000000                . = MAX ((__fast_run_start__ + SIZEOF (.fast)), .)
                0x20000000                __fast_run_end__ = (__fast_run_start__ + SIZEOF (.fast_run))
                0x20000000                __fast_run_load_end__ = __fast_run_end__
                0x00000001                . = ASSERT (((__fast_run_end__ >= __RAM_segment_start__) && (__fast_run_end__ <= __RAM_segment_end__)), error: .fast_run is too large to fit in RAM memory segment)
                0x08009360                __data_load_start__ = ALIGN ((__fast_load_start__ + SIZEOF (.fast)), 0x4)

.data           0x20000000       0x60 load address 0x08009360
                0x20000000                __data_start__ = .
 *(.data .data.* .gnu.linkonce.d.*)
 .data.xNextTaskUnblockTime
                0x20000000        0x4 THUMB Debug/tasks.o
 .data.uxCriticalNesting
                0x20000004        0x4 THUMB Debug/port.o
 .data.xFreeBytesRemaining
                0x20000008        0x4 THUMB Debug/heap_2.o
 .data.SystemCoreClock
                0x2000000c        0x4 THUMB Debug/system_stm32f4xx.o
                0x2000000c                SystemCoreClock
 .data.AHBPrescTable
                0x20000010       0x10 THUMB Debug/system_stm32f4xx.o
                0x20000010                AHBPrescTable
 .data.APBAHBPrescTable
                0x20000020       0x10 THUMB Debug/stm32f4xx_rcc.o
 .data.USBD_DCD_INT_cb
                0x20000030       0x2c THUMB Debug/usbd_core.o
                0x20000030                USBD_DCD_INT_cb
 .data.USBD_DCD_INT_fops
                0x2000005c        0x4 THUMB Debug/usbd_core.o
                0x2000005c                USBD_DCD_INT_fops
                0x20000060                __data_end__ = (__data_start__ + SIZEOF (.data))
                0x080093c0                __data_load_end__ = (__data_load_start__ + SIZEOF (.data))

.igot.plt       0x00000000        0x0
 .igot.plt      0x00000000        0x0 THUMB Debug/main.o
                0x00000001                . = ASSERT (((__data_load_end__ >= __FLASH_segment_start__) && (__data_load_end__ <= __FLASH_segment_end__)), error: .data is too large to fit in FLASH memory segment)

.data_run       0x20000000       0x60 load address 0x08009360
                0x20000000                __data_run_start__ = .
                0x20000060                . = MAX ((__data_run_start__ + SIZEOF (.data)), .)
 *fill*         0x20000000       0x60 00
                0x20000060                __data_run_end__ = (__data_run_start__ + SIZEOF (.data_run))
                0x20000060                __data_run_load_end__ = __data_run_end__
                0x00000001                . = ASSERT (((__data_run_end__ >= __RAM_segment_start__) && (__data_run_end__ <= __RAM_segment_end__)), error: .data_run is too large to fit in RAM memory segment)
                0x20000060                __bss_load_start__ = ALIGN (__data_run_end__, 0x4)

.bss            0x20000060     0x2784
                0x20000060                __bss_start__ = .
 *(.bss .bss.* .gnu.linkonce.b.*)
 .bss.pxCurrentTCB
                0x20000060        0x4 THUMB Debug/tasks.o
                0x20000060                pxCurrentTCB
 .bss.pxReadyTasksLists
                0x20000064       0x64 THUMB Debug/tasks.o
 .bss.xDelayedTaskList1
                0x200000c8       0x14 THUMB Debug/tasks.o
 .bss.xDelayedTaskList2
                0x200000dc       0x14 THUMB Debug/tasks.o
 .bss.pxDelayedTaskList
                0x200000f0        0x4 THUMB Debug/tasks.o
 .bss.pxOverflowDelayedTaskList
                0x200000f4        0x4 THUMB Debug/tasks.o
 .bss.xPendingReadyList
                0x200000f8       0x14 THUMB Debug/tasks.o
 .bss.xTasksWaitingTermination
                0x2000010c       0x14 THUMB Debug/tasks.o
 .bss.uxTasksDeleted
                0x20000120        0x4 THUMB Debug/tasks.o
 .bss.xSuspendedTaskList
                0x20000124       0x14 THUMB Debug/tasks.o
 .bss.uxCurrentNumberOfTasks
                0x20000138        0x4 THUMB Debug/tasks.o
 .bss.xTickCount
                0x2000013c        0x4 THUMB Debug/tasks.o
 .bss.uxTopUsedPriority
                0x20000140        0x4 THUMB Debug/tasks.o
 .bss.uxTopReadyPriority
                0x20000144        0x4 THUMB Debug/tasks.o
 .bss.xSchedulerRunning
                0x20000148        0x4 THUMB Debug/tasks.o
 .bss.uxSchedulerSuspended
                0x2000014c        0x4 THUMB Debug/tasks.o
 .bss.uxMissedTicks
                0x20000150        0x4 THUMB Debug/tasks.o
 .bss.xMissedYield
                0x20000154        0x4 THUMB Debug/tasks.o
 .bss.xNumOfOverflows
                0x20000158        0x4 THUMB Debug/tasks.o
 .bss.uxTaskNumber
                0x2000015c        0x4 THUMB Debug/tasks.o
 .bss.xActiveTimerList1
                0x20000160       0x14 THUMB Debug/timers.o
 .bss.xActiveTimerList2
                0x20000174       0x14 THUMB Debug/timers.o
 .bss.pxCurrentTimerList
                0x20000188        0x4 THUMB Debug/timers.o
 .bss.pxOverflowTimerList
                0x2000018c        0x4 THUMB Debug/timers.o
 .bss.xTimerQueue
                0x20000190        0x4 THUMB Debug/timers.o
 .bss.xLastTime.3987
                0x20000194        0x4 THUMB Debug/timers.o
 .bss.xHeap     0x20000198     0x2000 THUMB Debug/heap_2.o
 .bss.xStart    0x20002198        0x8 THUMB Debug/heap_2.o
 .bss.xEnd      0x200021a0        0x8 THUMB Debug/heap_2.o
 .bss.xHeapHasBeenInitialised.3931
                0x200021a8        0x4 THUMB Debug/heap_2.o
 .bss.USBD_ep_status
                0x200021ac        0x4 THUMB Debug/usbd_req.o
                0x200021ac                USBD_ep_status
 .bss.USBD_default_cfg
                0x200021b0        0x4 THUMB Debug/usbd_req.o
                0x200021b0                USBD_default_cfg
 .bss.USBD_cfg_status
                0x200021b4        0x4 THUMB Debug/usbd_req.o
                0x200021b4                USBD_cfg_status
 .bss.cfgidx.6996
                0x200021b8        0x1 THUMB Debug/usbd_req.o
 *fill*         0x200021b9        0x3 00
 .bss.libc.__format_extender
                0x200021bc        0x4 /Applications/CrossWorks for ARM 2.3/lib/libc_v7em_fpv4_sp_d16_hard_t_le_eabi.a(libc2.o)
                0x200021bc                __format_extender
 .bss.libdebugio.dbgCommWord
                0x200021c0        0x4 /Applications/CrossWorks for ARM 2.3/lib/libdebugio_v7em_fpv4_sp_d16_hard_t_le_eabi.a(libdebugio.o)
                0x200021c0                dbgCommWord
 .bss.libdebugio.dbgCntrlWord_mempoll
                0x200021c4        0x4 /Applications/CrossWorks for ARM 2.3/lib/libdebugio_v7em_fpv4_sp_d16_hard_t_le_eabi.a(libdebugio.o)
                0x200021c4                dbgCntrlWord_mempoll
 .bss.libc.errno
                0x200021c8        0x4 /Applications/CrossWorks for ARM 2.3/lib/libc_user_libc_v7em_fpv4_sp_d16_hard_t_le_eabi.a(user_libc.o)
 *(COMMON)
 COMMON         0x200021cc      0x618 THUMB Debug/main.o
                0x200021cc                em406a_data
                0x200021d4                CompassWriteQueueHandle
                0x200021d8                GyroWriteQueueHandle
                0x200021dc                TimingDelay
                0x200021e0                I2C_InitStructure
                0x200021f0                USB_OTG_dev
                0x200027e0                AccelWriteQueueHandle
                0x200027e4                __bss_end__ = (__bss_start__ + SIZEOF (.bss))
                0x200027e4                __bss_load_end__ = __bss_end__
                0x00000001                . = ASSERT (((__bss_end__ >= __RAM_segment_start__) && (__bss_end__ <= __RAM_segment_end__)), error: .bss is too large to fit in RAM memory segment)
                0x200027e4                __non_init_load_start__ = ALIGN (__bss_end__, 0x4)

.non_init       0x200027e4        0x0
                0x200027e4                __non_init_start__ = .
 *(.non_init .non_init.*)
                0x200027e4                __non_init_end__ = (__non_init_start__ + SIZEOF (.non_init))
                0x200027e4                __non_init_load_end__ = __non_init_end__
                0x00000001                . = ASSERT (((__non_init_end__ >= __RAM_segment_start__) && (__non_init_end__ <= __RAM_segment_end__)), error: .non_init is too large to fit in RAM memory segment)
                0x200027e4                __heap_load_start__ = ALIGN (__non_init_end__, 0x4)

.heap           0x200027e4       0x80
                0x200027e4                __heap_start__ = .
 *(.heap .heap.*)
                0x20002864                . = ALIGN (MAX ((__heap_start__ + __HEAPSIZE__), .), 0x4)
 *fill*         0x200027e4       0x80 00
                0x20002864                __heap_end__ = (__heap_start__ + SIZEOF (.heap))
                0x20002864                __heap_load_end__ = __heap_end__
                0x00000001                . = ASSERT (((__heap_end__ >= __RAM_segment_start__) && (__heap_end__ <= __RAM_segment_end__)), error: .heap is too large to fit in RAM memory segment)
                0x20002864                __stack_load_start__ = ALIGN (__heap_end__, 0x4)

.stack          0x20002864      0x100
                0x20002864                __stack_start__ = .
 *(.stack .stack.*)
                0x20002964                . = ALIGN (MAX ((__stack_start__ + __STACKSIZE__), .), 0x4)
 *fill*         0x20002864      0x100 00
                0x20002964                __stack_end__ = (__stack_start__ + SIZEOF (.stack))
                0x20002964                __stack_load_end__ = __stack_end__
                0x00000001                . = ASSERT (((__stack_end__ >= __RAM_segment_start__) && (__stack_end__ <= __RAM_segment_end__)), error: .stack is too large to fit in RAM memory segment)
                0x20002964                __stack_process_load_start__ = ALIGN (__stack_end__, 0x4)

.stack_process  0x20002964        0x0
                0x20002964                __stack_process_start__ = .
 *(.stack_process .stack_process.*)
                0x20002964                . = ALIGN (MAX ((__stack_process_start__ + __STACKSIZE_PROCESS__), .), 0x4)
                0x20002964                __stack_process_end__ = (__stack_process_start__ + SIZEOF (.stack_process))
                0x20002964                __stack_process_load_end__ = __stack_process_end__
                0x00000001                . = ASSERT (((__stack_process_end__ >= __RAM_segment_start__) && (__stack_process_end__ <= __RAM_segment_end__)), error: .stack_process is too large to fit in RAM memory segment)
                0x20002964                __tbss_load_start__ = ALIGN (__stack_process_end__, 0x4)

.tbss           0x20002964        0x0
                0x20002964                __tbss_start__ = .
 *(.tbss .tbss.*)
                0x20002964                __tbss_end__ = (__tbss_start__ + SIZEOF (.tbss))
                0x20002964                __tbss_load_end__ = __tbss_end__
                0x00000001                . = ASSERT (((__tbss_end__ >= __RAM_segment_start__) && (__tbss_end__ <= __RAM_segment_end__)), error: .tbss is too large to fit in RAM memory segment)
                0x080093c0                __tdata_load_start__ = ALIGN ((__data_load_start__ + SIZEOF (.data)), 0x4)

.tdata          0x20002964        0x0 load address 0x080093c0
                0x20002964                __tdata_start__ = .
 *(.tdata .tdata.*)
                0x20002964                __tdata_end__ = (__tdata_start__ + SIZEOF (.tdata))
                0x080093c0                __tdata_load_end__ = (__tdata_load_start__ + SIZEOF (.tdata))
                0x080093c0                __FLASH_segment_used_end__ = (ALIGN ((__data_load_start__ + SIZEOF (.data)), 0x4) + SIZEOF (.tdata))
                0x00000001                . = ASSERT (((__tdata_load_end__ >= __FLASH_segment_start__) && (__tdata_load_end__ <= __FLASH_segment_end__)), error: .tdata is too large to fit in FLASH memory segment)

.tdata_run      0x20002964        0x0
                0x20002964                __tdata_run_start__ = .
                0x20002964                . = MAX ((__tdata_run_start__ + SIZEOF (.tdata)), .)
                0x20002964                __tdata_run_end__ = (__tdata_run_start__ + SIZEOF (.tdata_run))
                0x20002964                __tdata_run_load_end__ = __tdata_run_end__
                0x20002964                __RAM_segment_used_end__ = (ALIGN (__tbss_end__, 0x4) + SIZEOF (.tdata_run))
                0x00000001                . = ASSERT (((__tdata_run_end__ >= __RAM_segment_start__) && (__tdata_run_end__ <= __RAM_segment_end__)), error: .tdata_run is too large to fit in RAM memory segment)
START GROUP
LOAD THUMB Debug/main.o
LOAD THUMB Debug/croutine.o
LOAD THUMB Debug/list.o
LOAD THUMB Debug/queue.o
LOAD THUMB Debug/tasks.o
LOAD THUMB Debug/timers.o
LOAD THUMB Debug/port.o
LOAD THUMB Debug/heap_2.o
LOAD THUMB Debug/system_stm32f4xx.o
LOAD THUMB Debug/ADXL345.o
LOAD THUMB Debug/I2C.o
LOAD THUMB Debug/HMC5883L.o
LOAD THUMB Debug/STM32_LEDBlinky.o
LOAD THUMB Debug/data_trace.o
LOAD THUMB Debug/ITG3200.o
LOAD THUMB Debug/stm32f4_discovery.o
LOAD THUMB Debug/stm32fxxx_it.o
LOAD THUMB Debug/EM_406A_GPS.o
LOAD THUMB Debug/usart_lib.o
LOAD THUMB Debug/thumb_crt0.o
LOAD THUMB Debug/STM32_Startup.o
LOAD THUMB Debug/misc.o
LOAD THUMB Debug/stm32f4xx_adc.o
LOAD THUMB Debug/stm32f4xx_can.o
LOAD THUMB Debug/stm32f4xx_crc.o
LOAD THUMB Debug/stm32f4xx_cryp.o
LOAD THUMB Debug/stm32f4xx_cryp_aes.o
LOAD THUMB Debug/stm32f4xx_cryp_des.o
LOAD THUMB Debug/stm32f4xx_cryp_tdes.o
LOAD THUMB Debug/stm32f4xx_dac.o
LOAD THUMB Debug/stm32f4xx_dbgmcu.o
LOAD THUMB Debug/stm32f4xx_dcmi.o
LOAD THUMB Debug/stm32f4xx_dma.o
LOAD THUMB Debug/stm32f4xx_exti.o
LOAD THUMB Debug/stm32f4xx_flash.o
LOAD THUMB Debug/stm32f4xx_fsmc.o
LOAD THUMB Debug/stm32f4xx_gpio.o
LOAD THUMB Debug/stm32f4xx_hash.o
LOAD THUMB Debug/stm32f4xx_hash_md5.o
LOAD THUMB Debug/stm32f4xx_hash_sha1.o
LOAD THUMB Debug/stm32f4xx_i2c.o
LOAD THUMB Debug/stm32f4xx_iwdg.o
LOAD THUMB Debug/stm32f4xx_pwr.o
LOAD THUMB Debug/stm32f4xx_rcc.o
LOAD THUMB Debug/stm32f4xx_rng.o
LOAD THUMB Debug/stm32f4xx_rtc.o
LOAD THUMB Debug/stm32f4xx_sdio.o
LOAD THUMB Debug/stm32f4xx_spi.o
LOAD THUMB Debug/stm32f4xx_syscfg.o
LOAD THUMB Debug/stm32f4xx_tim.o
LOAD THUMB Debug/stm32f4xx_usart.o
LOAD THUMB Debug/stm32f4xx_wwdg.o
LOAD THUMB Debug/usb_bsp.o
LOAD THUMB Debug/usbd_cdc_vcp.o
LOAD THUMB Debug/usbd_desc.o
LOAD THUMB Debug/usbd_usr.o
LOAD THUMB Debug/usbd_cdc_core.o
LOAD THUMB Debug/usbd_core.o
LOAD THUMB Debug/usbd_ioreq.o
LOAD THUMB Debug/usbd_req.o
LOAD THUMB Debug/usb_core.o
LOAD THUMB Debug/usb_dcd.o
LOAD THUMB Debug/usb_dcd_int.o
LOAD /Applications/CrossWorks for ARM 2.3/lib/libcm_v7em_fpv4_sp_d16_hard_t_le_eabi.a
LOAD /Applications/CrossWorks for ARM 2.3/lib/libm_v7em_fpv4_sp_d16_hard_t_le_eabi.a
LOAD /Applications/CrossWorks for ARM 2.3/lib/libc_v7em_fpv4_sp_d16_hard_t_le_eabi.a
LOAD /Applications/CrossWorks for ARM 2.3/lib/libcpp_v7em_fpv4_sp_d16_hard_t_le_eabi.a
LOAD /Applications/CrossWorks for ARM 2.3/lib/libdebugio_v7em_fpv4_sp_d16_hard_t_le_eabi.a
LOAD /Applications/CrossWorks for ARM 2.3/lib/libc_targetio_impl_v7em_fpv4_sp_d16_hard_t_le_eabi.a
LOAD /Applications/CrossWorks for ARM 2.3/lib/libc_user_libc_v7em_fpv4_sp_d16_hard_t_le_eabi.a
END GROUP
OUTPUT(THUMB Debug/MissionControl_FW.elf elf32-littlearm)

.debug_frame    0x00000000     0x6b2c
 .debug_frame   0x00000000       0xec THUMB Debug/main.o
 .debug_frame   0x000000ec       0xd8 THUMB Debug/list.o
 .debug_frame   0x000001c4      0x3fc THUMB Debug/queue.o
 .debug_frame   0x000005c0      0x60c THUMB Debug/tasks.o
 .debug_frame   0x00000bcc      0x268 THUMB Debug/timers.o
 .debug_frame   0x00000e34      0x188 THUMB Debug/port.o
 .debug_frame   0x00000fbc       0xa8 THUMB Debug/heap_2.o
 .debug_frame   0x00001064       0x84 THUMB Debug/system_stm32f4xx.o
 .debug_frame   0x000010e8       0xc0 THUMB Debug/I2C.o
 .debug_frame   0x000011a8       0xec THUMB Debug/STM32_LEDBlinky.o
 .debug_frame   0x00001294       0x68 THUMB Debug/data_trace.o
 .debug_frame   0x000012fc       0x9c THUMB Debug/stm32fxxx_it.o
 .debug_frame   0x00001398       0x68 THUMB Debug/EM_406A_GPS.o
 .debug_frame   0x00001400      0x20c THUMB Debug/usart_lib.o
 .debug_frame   0x0000160c      0x148 THUMB Debug/stm32f4xx_exti.o
 .debug_frame   0x00001754      0x244 THUMB Debug/stm32f4xx_gpio.o
 .debug_frame   0x00001998      0x540 THUMB Debug/stm32f4xx_i2c.o
 .debug_frame   0x00001ed8      0x6dc THUMB Debug/stm32f4xx_rcc.o
 .debug_frame   0x000025b4      0x4a0 THUMB Debug/stm32f4xx_usart.o
 .debug_frame   0x00002a54       0xbc THUMB Debug/usb_bsp.o
 .debug_frame   0x00002b10      0x248 THUMB Debug/usbd_core.o
 .debug_frame   0x00002d58      0x140 THUMB Debug/usbd_ioreq.o
 .debug_frame   0x00002e98      0x270 THUMB Debug/usbd_req.o
 .debug_frame   0x00003108      0x5e4 THUMB Debug/usb_core.o
 .debug_frame   0x000036ec      0x248 THUMB Debug/usb_dcd.o
 .debug_frame   0x00003934      0x248 THUMB Debug/usb_dcd_int.o
 .debug_frame   0x00003b7c      0x600 /Applications/CrossWorks for ARM 2.3/lib/libm_v7em_fpv4_sp_d16_hard_t_le_eabi.a(libm_asm.o)
 .debug_frame   0x0000417c     0x1300 /Applications/CrossWorks for ARM 2.3/lib/libc_v7em_fpv4_sp_d16_hard_t_le_eabi.a(libc2.o)
 .debug_frame   0x0000547c      0x120 /Applications/CrossWorks for ARM 2.3/lib/libc_v7em_fpv4_sp_d16_hard_t_le_eabi.a(libc2_asm.o)
 .debug_frame   0x0000559c       0x5c /Applications/CrossWorks for ARM 2.3/lib/libc_v7em_fpv4_sp_d16_hard_t_le_eabi.a(__vfprintf_double_long_long.o)
 .debug_frame   0x000055f8       0x8c /Applications/CrossWorks for ARM 2.3/lib/libc_v7em_fpv4_sp_d16_hard_t_le_eabi.a(__vfscanf_int.o)
 .debug_frame   0x00005684      0x260 /Applications/CrossWorks for ARM 2.3/lib/libc_v7em_fpv4_sp_d16_hard_t_le_eabi.a(libc_asm.o)
 .debug_frame   0x000058e4      0x790 /Applications/CrossWorks for ARM 2.3/lib/libdebugio_v7em_fpv4_sp_d16_hard_t_le_eabi.a(libdebugio.o)
 .debug_frame   0x00006074       0xa0 /Applications/CrossWorks for ARM 2.3/lib/libdebugio_v7em_fpv4_sp_d16_hard_t_le_eabi.a(libdebugio_asm.o)
 .debug_frame   0x00006114       0xa0 /Applications/CrossWorks for ARM 2.3/lib/libc_user_libc_v7em_fpv4_sp_d16_hard_t_le_eabi.a(user_libc.o)
 .debug_frame   0x000061b4      0x978 /Applications/CrossWorks for ARM 2.3/lib/libm_v7em_fpv4_sp_d16_hard_t_le_eabi.a(libm2.o)

.debug_info     0x00000000    0x13ef1
 .debug_info    0x00000000     0x12d0 THUMB Debug/main.o
 .debug_info    0x000012d0      0x28e THUMB Debug/list.o
 .debug_info    0x0000155e      0x9b4 THUMB Debug/queue.o
 .debug_info    0x00001f12      0xdfe THUMB Debug/tasks.o
 .debug_info    0x00002d10      0x754 THUMB Debug/timers.o
 .debug_info    0x00003464      0x234 THUMB Debug/port.o
 .debug_info    0x00003698      0x2b2 THUMB Debug/heap_2.o
 .debug_info    0x0000394a      0x443 THUMB Debug/system_stm32f4xx.o
 .debug_info    0x00003d8d      0x508 THUMB Debug/I2C.o
 .debug_info    0x00004295      0x35e THUMB Debug/STM32_LEDBlinky.o
 .debug_info    0x000045f3       0xf7 THUMB Debug/data_trace.o
 .debug_info    0x000046ea      0xc38 THUMB Debug/stm32fxxx_it.o
 .debug_info    0x00005322      0x2fb THUMB Debug/EM_406A_GPS.o
 .debug_info    0x0000561d      0x802 THUMB Debug/usart_lib.o
 .debug_info    0x00005e1f       0x8c THUMB Debug/thumb_crt0.o
 .debug_info    0x00005eab       0xbc THUMB Debug/STM32_Startup.o
 .debug_info    0x00005f67      0x363 THUMB Debug/stm32f4xx_exti.o
 .debug_info    0x000062ca      0x638 THUMB Debug/stm32f4xx_gpio.o
 .debug_info    0x00006902      0xbbd THUMB Debug/stm32f4xx_i2c.o
 .debug_info    0x000074bf      0xd3d THUMB Debug/stm32f4xx_rcc.o
 .debug_info    0x000081fc      0xa59 THUMB Debug/stm32f4xx_usart.o
 .debug_info    0x00008c55     0x10fe THUMB Debug/usb_bsp.o
 .debug_info    0x00009d53      0xfe1 THUMB Debug/usbd_core.o
 .debug_info    0x0000ad34      0xdd6 THUMB Debug/usbd_ioreq.o
 .debug_info    0x0000bb0a     0x10ea THUMB Debug/usbd_req.o
 .debug_info    0x0000cbf4     0x280e THUMB Debug/usb_core.o
 .debug_info    0x0000f402     0x1174 THUMB Debug/usb_dcd.o
 .debug_info    0x00010576     0x1ff9 THUMB Debug/usb_dcd_int.o
 .debug_info    0x0001256f      0xd02 /Applications/CrossWorks for ARM 2.3/lib/libc_v7em_fpv4_sp_d16_hard_t_le_eabi.a(libc2.o)
 .debug_info    0x00013271       0x37 /Applications/CrossWorks for ARM 2.3/lib/libc_v7em_fpv4_sp_d16_hard_t_le_eabi.a(__vfprintf_double_long_long.o)
 .debug_info    0x000132a8       0x68 /Applications/CrossWorks for ARM 2.3/lib/libc_v7em_fpv4_sp_d16_hard_t_le_eabi.a(__vfscanf_int.o)
 .debug_info    0x00013310      0x55f /Applications/CrossWorks for ARM 2.3/lib/libdebugio_v7em_fpv4_sp_d16_hard_t_le_eabi.a(libdebugio.o)
 .debug_info    0x0001386f       0xd6 /Applications/CrossWorks for ARM 2.3/lib/libc_user_libc_v7em_fpv4_sp_d16_hard_t_le_eabi.a(user_libc.o)
 .debug_info    0x00013945      0x5ac /Applications/CrossWorks for ARM 2.3/lib/libm_v7em_fpv4_sp_d16_hard_t_le_eabi.a(libm2.o)

.debug_abbrev   0x00000000     0x2b5f
 .debug_abbrev  0x00000000      0x228 THUMB Debug/main.o
 .debug_abbrev  0x00000228       0xc0 THUMB Debug/list.o
 .debug_abbrev  0x000002e8      0x164 THUMB Debug/queue.o
 .debug_abbrev  0x0000044c      0x1b7 THUMB Debug/tasks.o
 .debug_abbrev  0x00000603      0x177 THUMB Debug/timers.o
 .debug_abbrev  0x0000077a      0x1c4 THUMB Debug/port.o
 .debug_abbrev  0x0000093e      0x16a THUMB Debug/heap_2.o
 .debug_abbrev  0x00000aa8      0x12d THUMB Debug/system_stm32f4xx.o
 .debug_abbrev  0x00000bd5      0x10e THUMB Debug/I2C.o
 .debug_abbrev  0x00000ce3      0x119 THUMB Debug/STM32_LEDBlinky.o
 .debug_abbrev  0x00000dfc       0x8a THUMB Debug/data_trace.o
 .debug_abbrev  0x00000e86      0x181 THUMB Debug/stm32fxxx_it.o
 .debug_abbrev  0x00001007      0x13c THUMB Debug/EM_406A_GPS.o
 .debug_abbrev  0x00001143      0x223 THUMB Debug/usart_lib.o
 .debug_abbrev  0x00001366       0x14 THUMB Debug/thumb_crt0.o
 .debug_abbrev  0x0000137a       0x14 THUMB Debug/STM32_Startup.o
 .debug_abbrev  0x0000138e      0x166 THUMB Debug/stm32f4xx_exti.o
 .debug_abbrev  0x000014f4      0x180 THUMB Debug/stm32f4xx_gpio.o
 .debug_abbrev  0x00001674      0x15b THUMB Debug/stm32f4xx_i2c.o
 .debug_abbrev  0x000017cf      0x1a8 THUMB Debug/stm32f4xx_rcc.o
 .debug_abbrev  0x00001977      0x14c THUMB Debug/stm32f4xx_usart.o
 .debug_abbrev  0x00001ac3      0x1c1 THUMB Debug/usb_bsp.o
 .debug_abbrev  0x00001c84      0x1e7 THUMB Debug/usbd_core.o
 .debug_abbrev  0x00001e6b      0x179 THUMB Debug/usbd_ioreq.o
 .debug_abbrev  0x00001fe4      0x25d THUMB Debug/usbd_req.o
 .debug_abbrev  0x00002241      0x295 THUMB Debug/usb_core.o
 .debug_abbrev  0x000024d6      0x1ed THUMB Debug/usb_dcd.o
 .debug_abbrev  0x000026c3      0x225 THUMB Debug/usb_dcd_int.o
 .debug_abbrev  0x000028e8       0xcb /Applications/CrossWorks for ARM 2.3/lib/libc_v7em_fpv4_sp_d16_hard_t_le_eabi.a(libc2.o)
 .debug_abbrev  0x000029b3       0x28 /Applications/CrossWorks for ARM 2.3/lib/libc_v7em_fpv4_sp_d16_hard_t_le_eabi.a(__vfprintf_double_long_long.o)
 .debug_abbrev  0x000029db       0x49 /Applications/CrossWorks for ARM 2.3/lib/libc_v7em_fpv4_sp_d16_hard_t_le_eabi.a(__vfscanf_int.o)
 .debug_abbrev  0x00002a24       0x3e /Applications/CrossWorks for ARM 2.3/lib/libdebugio_v7em_fpv4_sp_d16_hard_t_le_eabi.a(libdebugio.o)
 .debug_abbrev  0x00002a62       0x28 /Applications/CrossWorks for ARM 2.3/lib/libc_user_libc_v7em_fpv4_sp_d16_hard_t_le_eabi.a(user_libc.o)
 .debug_abbrev  0x00002a8a       0xd5 /Applications/CrossWorks for ARM 2.3/lib/libm_v7em_fpv4_sp_d16_hard_t_le_eabi.a(libm2.o)

.debug_loc      0x00000000     0x6e7c
 .debug_loc     0x00000000      0x11e THUMB Debug/main.o
 .debug_loc     0x0000011e      0x118 THUMB Debug/list.o
 .debug_loc     0x00000236      0x508 THUMB Debug/queue.o
 .debug_loc     0x0000073e      0x7b0 THUMB Debug/tasks.o
 .debug_loc     0x00000eee      0x304 THUMB Debug/timers.o
 .debug_loc     0x000011f2      0x16c THUMB Debug/port.o
 .debug_loc     0x0000135e       0xc8 THUMB Debug/heap_2.o
 .debug_loc     0x00001426       0x9c THUMB Debug/system_stm32f4xx.o
 .debug_loc     0x000014c2       0xe0 THUMB Debug/I2C.o
 .debug_loc     0x000015a2      0x118 THUMB Debug/STM32_LEDBlinky.o
 .debug_loc     0x000016ba       0x70 THUMB Debug/data_trace.o
 .debug_loc     0x0000172a       0xb0 THUMB Debug/stm32fxxx_it.o
 .debug_loc     0x000017da       0x72 THUMB Debug/EM_406A_GPS.o
 .debug_loc     0x0000184c      0x2a0 THUMB Debug/usart_lib.o
 .debug_loc     0x00001aec      0x1b4 THUMB Debug/stm32f4xx_exti.o
 .debug_loc     0x00001ca0      0x310 THUMB Debug/stm32f4xx_gpio.o
 .debug_loc     0x00001fb0      0x738 THUMB Debug/stm32f4xx_i2c.o
 .debug_loc     0x000026e8      0x97c THUMB Debug/stm32f4xx_rcc.o
 .debug_loc     0x00003064      0x658 THUMB Debug/stm32f4xx_usart.o
 .debug_loc     0x000036bc       0xe0 THUMB Debug/usb_bsp.o
 .debug_loc     0x0000379c      0x2d8 THUMB Debug/usbd_core.o
 .debug_loc     0x00003a74      0x188 THUMB Debug/usbd_ioreq.o
 .debug_loc     0x00003bfc      0x310 THUMB Debug/usbd_req.o
 .debug_loc     0x00003f0c      0x7e0 THUMB Debug/usb_core.o
 .debug_loc     0x000046ec      0x2d8 THUMB Debug/usb_dcd.o
 .debug_loc     0x000049c4      0x2d8 THUMB Debug/usb_dcd_int.o
 .debug_loc     0x00004c9c     0x109f /Applications/CrossWorks for ARM 2.3/lib/libc_v7em_fpv4_sp_d16_hard_t_le_eabi.a(libc2.o)
 .debug_loc     0x00005d3b       0x3a /Applications/CrossWorks for ARM 2.3/lib/libc_v7em_fpv4_sp_d16_hard_t_le_eabi.a(__vfprintf_double_long_long.o)
 .debug_loc     0x00005d75       0x79 /Applications/CrossWorks for ARM 2.3/lib/libc_v7em_fpv4_sp_d16_hard_t_le_eabi.a(__vfscanf_int.o)
 .debug_loc     0x00005dee      0x7f4 /Applications/CrossWorks for ARM 2.3/lib/libdebugio_v7em_fpv4_sp_d16_hard_t_le_eabi.a(libdebugio.o)
 .debug_loc     0x000065e2      0x89a /Applications/CrossWorks for ARM 2.3/lib/libm_v7em_fpv4_sp_d16_hard_t_le_eabi.a(libm2.o)

.debug_aranges  0x00000000     0x17e8
 .debug_aranges
                0x00000000       0x40 THUMB Debug/main.o
 .debug_aranges
                0x00000040       0x40 THUMB Debug/list.o
 .debug_aranges
                0x00000080       0xd0 THUMB Debug/queue.o
 .debug_aranges
                0x00000150      0x138 THUMB Debug/tasks.o
 .debug_aranges
                0x00000288       0x88 THUMB Debug/timers.o
 .debug_aranges
                0x00000310       0x88 THUMB Debug/port.o
 .debug_aranges
                0x00000398       0x38 THUMB Debug/heap_2.o
 .debug_aranges
                0x000003d0       0x30 THUMB Debug/system_stm32f4xx.o
 .debug_aranges
                0x00000400       0x38 THUMB Debug/I2C.o
 .debug_aranges
                0x00000438       0x40 THUMB Debug/STM32_LEDBlinky.o
 .debug_aranges
                0x00000478       0x28 THUMB Debug/data_trace.o
 .debug_aranges
                0x000004a0       0x38 THUMB Debug/stm32fxxx_it.o
 .debug_aranges
                0x000004d8       0x28 THUMB Debug/EM_406A_GPS.o
 .debug_aranges
                0x00000500       0x78 THUMB Debug/usart_lib.o
 .debug_aranges
                0x00000578       0x20 THUMB Debug/thumb_crt0.o
 .debug_aranges
                0x00000598       0x20 THUMB Debug/STM32_Startup.o
 .debug_aranges
                0x000005b8       0x58 THUMB Debug/stm32f4xx_exti.o
 .debug_aranges
                0x00000610       0x88 THUMB Debug/stm32f4xx_gpio.o
 .debug_aranges
                0x00000698      0x120 THUMB Debug/stm32f4xx_i2c.o
 .debug_aranges
                0x000007b8      0x178 THUMB Debug/stm32f4xx_rcc.o
 .debug_aranges
                0x00000930      0x100 THUMB Debug/stm32f4xx_usart.o
 .debug_aranges
                0x00000a30       0x38 THUMB Debug/usb_bsp.o
 .debug_aranges
                0x00000a68       0x80 THUMB Debug/usbd_core.o
 .debug_aranges
                0x00000ae8       0x50 THUMB Debug/usbd_ioreq.o
 .debug_aranges
                0x00000b38       0x88 THUMB Debug/usbd_req.o
 .debug_aranges
                0x00000bc0      0x138 THUMB Debug/usb_core.o
 .debug_aranges
                0x00000cf8       0x80 THUMB Debug/usb_dcd.o
 .debug_aranges
                0x00000d78       0x80 THUMB Debug/usb_dcd_int.o
 .debug_aranges
                0x00000df8      0x508 /Applications/CrossWorks for ARM 2.3/lib/libc_v7em_fpv4_sp_d16_hard_t_le_eabi.a(libc2.o)
 .debug_aranges
                0x00001300       0x20 /Applications/CrossWorks for ARM 2.3/lib/libc_v7em_fpv4_sp_d16_hard_t_le_eabi.a(__vfprintf_double_long_long.o)
 .debug_aranges
                0x00001320       0x30 /Applications/CrossWorks for ARM 2.3/lib/libc_v7em_fpv4_sp_d16_hard_t_le_eabi.a(__vfscanf_int.o)
 .debug_aranges
                0x00001350      0x218 /Applications/CrossWorks for ARM 2.3/lib/libdebugio_v7em_fpv4_sp_d16_hard_t_le_eabi.a(libdebugio.o)
 .debug_aranges
                0x00001568       0x60 /Applications/CrossWorks for ARM 2.3/lib/libc_user_libc_v7em_fpv4_sp_d16_hard_t_le_eabi.a(user_libc.o)
 .debug_aranges
                0x000015c8      0x220 /Applications/CrossWorks for ARM 2.3/lib/libm_v7em_fpv4_sp_d16_hard_t_le_eabi.a(libm2.o)

.debug_ranges   0x00000000     0x15a8
 .debug_ranges  0x00000000       0x30 THUMB Debug/main.o
 .debug_ranges  0x00000030       0x30 THUMB Debug/list.o
 .debug_ranges  0x00000060       0xc0 THUMB Debug/queue.o
 .debug_ranges  0x00000120      0x128 THUMB Debug/tasks.o
 .debug_ranges  0x00000248       0x78 THUMB Debug/timers.o
 .debug_ranges  0x000002c0       0x78 THUMB Debug/port.o
 .debug_ranges  0x00000338       0x28 THUMB Debug/heap_2.o
 .debug_ranges  0x00000360       0x20 THUMB Debug/system_stm32f4xx.o
 .debug_ranges  0x00000380       0x28 THUMB Debug/I2C.o
 .debug_ranges  0x000003a8       0x30 THUMB Debug/STM32_LEDBlinky.o
 .debug_ranges  0x000003d8       0x18 THUMB Debug/data_trace.o
 .debug_ranges  0x000003f0       0x28 THUMB Debug/stm32fxxx_it.o
 .debug_ranges  0x00000418       0x18 THUMB Debug/EM_406A_GPS.o
 .debug_ranges  0x00000430       0x68 THUMB Debug/usart_lib.o
 .debug_ranges  0x00000498       0x48 THUMB Debug/stm32f4xx_exti.o
 .debug_ranges  0x000004e0       0x78 THUMB Debug/stm32f4xx_gpio.o
 .debug_ranges  0x00000558      0x110 THUMB Debug/stm32f4xx_i2c.o
 .debug_ranges  0x00000668      0x168 THUMB Debug/stm32f4xx_rcc.o
 .debug_ranges  0x000007d0       0xf0 THUMB Debug/stm32f4xx_usart.o
 .debug_ranges  0x000008c0       0x28 THUMB Debug/usb_bsp.o
 .debug_ranges  0x000008e8       0x70 THUMB Debug/usbd_core.o
 .debug_ranges  0x00000958       0x40 THUMB Debug/usbd_ioreq.o
 .debug_ranges  0x00000998       0x78 THUMB Debug/usbd_req.o
 .debug_ranges  0x00000a10      0x128 THUMB Debug/usb_core.o
 .debug_ranges  0x00000b38       0x70 THUMB Debug/usb_dcd.o
 .debug_ranges  0x00000ba8       0x70 THUMB Debug/usb_dcd_int.o
 .debug_ranges  0x00000c18      0x4f8 /Applications/CrossWorks for ARM 2.3/lib/libc_v7em_fpv4_sp_d16_hard_t_le_eabi.a(libc2.o)
 .debug_ranges  0x00001110       0x10 /Applications/CrossWorks for ARM 2.3/lib/libc_v7em_fpv4_sp_d16_hard_t_le_eabi.a(__vfprintf_double_long_long.o)
 .debug_ranges  0x00001120       0x20 /Applications/CrossWorks for ARM 2.3/lib/libc_v7em_fpv4_sp_d16_hard_t_le_eabi.a(__vfscanf_int.o)
 .debug_ranges  0x00001140      0x208 /Applications/CrossWorks for ARM 2.3/lib/libdebugio_v7em_fpv4_sp_d16_hard_t_le_eabi.a(libdebugio.o)
 .debug_ranges  0x00001348       0x50 /Applications/CrossWorks for ARM 2.3/lib/libc_user_libc_v7em_fpv4_sp_d16_hard_t_le_eabi.a(user_libc.o)
 .debug_ranges  0x00001398      0x210 /Applications/CrossWorks for ARM 2.3/lib/libm_v7em_fpv4_sp_d16_hard_t_le_eabi.a(libm2.o)

.debug_line     0x00000000     0x6d11
 .debug_line    0x00000000      0x4d5 THUMB Debug/main.o
 .debug_line    0x000004d5      0x191 THUMB Debug/list.o
 .debug_line    0x00000666      0x5aa THUMB Debug/queue.o
 .debug_line    0x00000c10      0x7b2 THUMB Debug/tasks.o
 .debug_line    0x000013c2      0x31f THUMB Debug/timers.o
 .debug_line    0x000016e1      0x1fe THUMB Debug/port.o
 .debug_line    0x000018df      0x1a5 THUMB Debug/heap_2.o
 .debug_line    0x00001a84      0x210 THUMB Debug/system_stm32f4xx.o
 .debug_line    0x00001c94      0x274 THUMB Debug/I2C.o
 .debug_line    0x00001f08      0x2d1 THUMB Debug/STM32_LEDBlinky.o
 .debug_line    0x000021d9       0x7c THUMB Debug/data_trace.o
 .debug_line    0x00002255      0x24d THUMB Debug/stm32fxxx_it.o
 .debug_line    0x000024a2      0x1e4 THUMB Debug/EM_406A_GPS.o
 .debug_line    0x00002686      0x381 THUMB Debug/usart_lib.o
 .debug_line    0x00002a07       0xf3 THUMB Debug/thumb_crt0.o
 .debug_line    0x00002afa      0x135 THUMB Debug/STM32_Startup.o
 .debug_line    0x00002c2f      0x2b1 THUMB Debug/stm32f4xx_exti.o
 .debug_line    0x00002ee0      0x34b THUMB Debug/stm32f4xx_gpio.o
 .debug_line    0x0000322b      0x4e8 THUMB Debug/stm32f4xx_i2c.o
 .debug_line    0x00003713      0x5a7 THUMB Debug/stm32f4xx_rcc.o
 .debug_line    0x00003cba      0x4b0 THUMB Debug/stm32f4xx_usart.o
 .debug_line    0x0000416a      0x312 THUMB Debug/usb_bsp.o
 .debug_line    0x0000447c      0x393 THUMB Debug/usbd_core.o
 .debug_line    0x0000480f      0x2ab THUMB Debug/usbd_ioreq.o
 .debug_line    0x00004aba      0x4a5 THUMB Debug/usbd_req.o
 .debug_line    0x00004f5f      0x6df THUMB Debug/usb_core.o
 .debug_line    0x0000563e      0x35d THUMB Debug/usb_dcd.o
 .debug_line    0x0000599b      0x3d9 THUMB Debug/usb_dcd_int.o
 .debug_line    0x00005d74      0x5b7 /Applications/CrossWorks for ARM 2.3/lib/libc_v7em_fpv4_sp_d16_hard_t_le_eabi.a(libc2.o)
 .debug_line    0x0000632b       0x79 /Applications/CrossWorks for ARM 2.3/lib/libc_v7em_fpv4_sp_d16_hard_t_le_eabi.a(__vfprintf_double_long_long.o)
 .debug_line    0x000063a4       0x78 /Applications/CrossWorks for ARM 2.3/lib/libc_v7em_fpv4_sp_d16_hard_t_le_eabi.a(__vfscanf_int.o)
 .debug_line    0x0000641c      0x558 /Applications/CrossWorks for ARM 2.3/lib/libdebugio_v7em_fpv4_sp_d16_hard_t_le_eabi.a(libdebugio.o)
 .debug_line    0x00006974       0x78 /Applications/CrossWorks for ARM 2.3/lib/libc_user_libc_v7em_fpv4_sp_d16_hard_t_le_eabi.a(user_libc.o)
 .debug_line    0x000069ec      0x325 /Applications/CrossWorks for ARM 2.3/lib/libm_v7em_fpv4_sp_d16_hard_t_le_eabi.a(libm2.o)

.debug_str      0x00000000     0x5d43
 .debug_str     0x00000000      0xbce THUMB Debug/main.o
                                0xccb (size before relaxing)
 .debug_str     0x00000bce      0x16d THUMB Debug/list.o
                                0x21d (size before relaxing)
 .debug_str     0x00000d3b      0x460 THUMB Debug/queue.o
                                0x622 (size before relaxing)
 .debug_str     0x0000119b      0x6f0 THUMB Debug/tasks.o
                                0x8e5 (size before relaxing)
 .debug_str     0x0000188b      0x368 THUMB Debug/timers.o
                                0x545 (size before relaxing)
 .debug_str     0x00001bf3      0x19b THUMB Debug/port.o
                                0x292 (size before relaxing)
 .debug_str     0x00001d8e      0x18b THUMB Debug/heap_2.o
                                0x27d (size before relaxing)
 .debug_str     0x00001f19      0x186 THUMB Debug/system_stm32f4xx.o
                                0x2f2 (size before relaxing)
 .debug_str     0x0000209f      0x20e THUMB Debug/I2C.o
                                0x40b (size before relaxing)
 .debug_str     0x000022ad       0x63 THUMB Debug/STM32_LEDBlinky.o
                                0x354 (size before relaxing)
 .debug_str     0x00002310       0x56 THUMB Debug/data_trace.o
                                0x12e (size before relaxing)
 .debug_str     0x00002366       0x87 THUMB Debug/stm32fxxx_it.o
                                0x8fc (size before relaxing)
 .debug_str     0x000023ed       0x6d THUMB Debug/EM_406A_GPS.o
                                0x236 (size before relaxing)
 .debug_str     0x0000245a      0x253 THUMB Debug/usart_lib.o
                                0x584 (size before relaxing)
 .debug_str     0x000026ad      0x1f5 THUMB Debug/stm32f4xx_exti.o
                                0x315 (size before relaxing)
 .debug_str     0x000028a2      0x1af THUMB Debug/stm32f4xx_gpio.o
                                0x44a (size before relaxing)
 .debug_str     0x00002a51      0x3cf THUMB Debug/stm32f4xx_i2c.o
                                0x61b (size before relaxing)
 .debug_str     0x00002e20      0x50e THUMB Debug/stm32f4xx_rcc.o
                                0x7f7 (size before relaxing)
 .debug_str     0x0000332e      0x374 THUMB Debug/stm32f4xx_usart.o
                                0x636 (size before relaxing)
 .debug_str     0x000036a2      0x5ca THUMB Debug/usb_bsp.o
                               0x105f (size before relaxing)
 .debug_str     0x00003c6c      0x1cf THUMB Debug/usbd_core.o
                                0xa8a (size before relaxing)
 .debug_str     0x00003e3b       0xf2 THUMB Debug/usbd_ioreq.o
                                0x974 (size before relaxing)
 .debug_str     0x00003f2d      0x213 THUMB Debug/usbd_req.o
                                0xab5 (size before relaxing)
 .debug_str     0x00004140      0xb55 THUMB Debug/usb_core.o
                               0x163c (size before relaxing)
 .debug_str     0x00004c95      0x12a THUMB Debug/usb_dcd.o
                                0xadc (size before relaxing)
 .debug_str     0x00004dbf      0x2f8 THUMB Debug/usb_dcd_int.o
                               0x123a (size before relaxing)
 .debug_str     0x000050b7      0x583 /Applications/CrossWorks for ARM 2.3/lib/libc_v7em_fpv4_sp_d16_hard_t_le_eabi.a(libc2.o)
                                0x659 (size before relaxing)
 .debug_str     0x0000563a       0x75 /Applications/CrossWorks for ARM 2.3/lib/libc_v7em_fpv4_sp_d16_hard_t_le_eabi.a(__vfprintf_double_long_long.o)
                                 0xbe (size before relaxing)
 .debug_str     0x000056af       0x80 /Applications/CrossWorks for ARM 2.3/lib/libc_v7em_fpv4_sp_d16_hard_t_le_eabi.a(__vfscanf_int.o)
                                 0xc9 (size before relaxing)
 .debug_str     0x0000572f      0x3b7 /Applications/CrossWorks for ARM 2.3/lib/libdebugio_v7em_fpv4_sp_d16_hard_t_le_eabi.a(libdebugio.o)
                                0x400 (size before relaxing)
 .debug_str     0x00005ae6       0xd6 /Applications/CrossWorks for ARM 2.3/lib/libc_user_libc_v7em_fpv4_sp_d16_hard_t_le_eabi.a(user_libc.o)
                                0x11f (size before relaxing)
 .debug_str     0x00005bbc      0x187 /Applications/CrossWorks for ARM 2.3/lib/libm_v7em_fpv4_sp_d16_hard_t_le_eabi.a(libm2.o)
                                0x210 (size before relaxing)

.comment        0x00000000       0x4e
 .comment       0x00000000       0x4e THUMB Debug/main.o
                                 0x4f (size before relaxing)
 .comment       0x00000000       0x4f THUMB Debug/list.o
 .comment       0x00000000       0x4f THUMB Debug/queue.o
 .comment       0x00000000       0x4f THUMB Debug/tasks.o
 .comment       0x00000000       0x4f THUMB Debug/timers.o
 .comment       0x00000000       0x4f THUMB Debug/port.o
 .comment       0x00000000       0x4f THUMB Debug/heap_2.o
 .comment       0x00000000       0x4f THUMB Debug/system_stm32f4xx.o
 .comment       0x00000000       0x4f THUMB Debug/I2C.o
 .comment       0x00000000       0x4f THUMB Debug/STM32_LEDBlinky.o
 .comment       0x00000000       0x4f THUMB Debug/data_trace.o
 .comment       0x00000000       0x4f THUMB Debug/stm32fxxx_it.o
 .comment       0x00000000       0x4f THUMB Debug/EM_406A_GPS.o
 .comment       0x00000000       0x4f THUMB Debug/usart_lib.o
 .comment       0x00000000       0x4f THUMB Debug/stm32f4xx_exti.o
 .comment       0x00000000       0x4f THUMB Debug/stm32f4xx_gpio.o
 .comment       0x00000000       0x4f THUMB Debug/stm32f4xx_i2c.o
 .comment       0x00000000       0x4f THUMB Debug/stm32f4xx_rcc.o
 .comment       0x00000000       0x4f THUMB Debug/stm32f4xx_usart.o
 .comment       0x00000000       0x4f THUMB Debug/usb_bsp.o
 .comment       0x00000000       0x4f THUMB Debug/usbd_core.o
 .comment       0x00000000       0x4f THUMB Debug/usbd_ioreq.o
 .comment       0x00000000       0x4f THUMB Debug/usbd_req.o
 .comment       0x00000000       0x4f THUMB Debug/usb_core.o
 .comment       0x00000000       0x4f THUMB Debug/usb_dcd.o
 .comment       0x00000000       0x4f THUMB Debug/usb_dcd_int.o
 .comment       0x00000000       0x4f /Applications/CrossWorks for ARM 2.3/lib/libc_v7em_fpv4_sp_d16_hard_t_le_eabi.a(libc2.o)
 .comment       0x00000000       0x4f /Applications/CrossWorks for ARM 2.3/lib/libc_v7em_fpv4_sp_d16_hard_t_le_eabi.a(__vfprintf_double_long_long.o)
 .comment       0x00000000       0x4f /Applications/CrossWorks for ARM 2.3/lib/libc_v7em_fpv4_sp_d16_hard_t_le_eabi.a(__vfscanf_int.o)
 .comment       0x00000000       0x4f /Applications/CrossWorks for ARM 2.3/lib/libdebugio_v7em_fpv4_sp_d16_hard_t_le_eabi.a(libdebugio.o)
 .comment       0x00000000       0x4f /Applications/CrossWorks for ARM 2.3/lib/libc_user_libc_v7em_fpv4_sp_d16_hard_t_le_eabi.a(user_libc.o)
 .comment       0x00000000       0x4f /Applications/CrossWorks for ARM 2.3/lib/libm_v7em_fpv4_sp_d16_hard_t_le_eabi.a(libm2.o)

.ARM.attributes
                0x00000000       0x39
 .ARM.attributes
                0x00000000       0x3b THUMB Debug/main.o
 .ARM.attributes
                0x0000003b       0x3b THUMB Debug/list.o
 .ARM.attributes
                0x00000076       0x3b THUMB Debug/queue.o
 .ARM.attributes
                0x000000b1       0x3b THUMB Debug/tasks.o
 .ARM.attributes
                0x000000ec       0x3b THUMB Debug/timers.o
 .ARM.attributes
                0x00000127       0x3b THUMB Debug/port.o
 .ARM.attributes
                0x00000162       0x3b THUMB Debug/heap_2.o
 .ARM.attributes
                0x0000019d       0x3b THUMB Debug/system_stm32f4xx.o
 .ARM.attributes
                0x000001d8       0x3b THUMB Debug/I2C.o
 .ARM.attributes
                0x00000213       0x3b THUMB Debug/STM32_LEDBlinky.o
 .ARM.attributes
                0x0000024e       0x3b THUMB Debug/data_trace.o
 .ARM.attributes
                0x00000289       0x3b THUMB Debug/stm32fxxx_it.o
 .ARM.attributes
                0x000002c4       0x3b THUMB Debug/EM_406A_GPS.o
 .ARM.attributes
                0x000002ff       0x3b THUMB Debug/usart_lib.o
 .ARM.attributes
                0x0000033a       0x27 THUMB Debug/thumb_crt0.o
 .ARM.attributes
                0x00000361       0x27 THUMB Debug/STM32_Startup.o
 .ARM.attributes
                0x00000388       0x3b THUMB Debug/stm32f4xx_exti.o
 .ARM.attributes
                0x000003c3       0x3b THUMB Debug/stm32f4xx_gpio.o
 .ARM.attributes
                0x000003fe       0x3b THUMB Debug/stm32f4xx_i2c.o
 .ARM.attributes
                0x00000439       0x3b THUMB Debug/stm32f4xx_rcc.o
 .ARM.attributes
                0x00000474       0x3b THUMB Debug/stm32f4xx_usart.o
 .ARM.attributes
                0x000004af       0x3b THUMB Debug/usb_bsp.o
 .ARM.attributes
                0x000004ea       0x3b THUMB Debug/usbd_core.o
 .ARM.attributes
                0x00000525       0x3b THUMB Debug/usbd_ioreq.o
 .ARM.attributes
                0x00000560       0x3b THUMB Debug/usbd_req.o
 .ARM.attributes
                0x0000059b       0x3b THUMB Debug/usb_core.o
 .ARM.attributes
                0x000005d6       0x3b THUMB Debug/usb_dcd.o
 .ARM.attributes
                0x00000611       0x3b THUMB Debug/usb_dcd_int.o
 .ARM.attributes
                0x0000064c       0x22 /Applications/CrossWorks for ARM 2.3/lib/libm_v7em_fpv4_sp_d16_hard_t_le_eabi.a(libm_asm.o)
 .ARM.attributes