Archive member included because of file (symbol)

/Applications/CrossWorks for ARM 2.3/lib/libm_v7em_fpv4_sp_d16_hard_t_le_eabi.a(libm_asm.o)
                              THUMB Debug/ITG3200.o (__aeabi_i2d)
/Applications/CrossWorks for ARM 2.3/lib/libc_v7em_fpv4_sp_d16_hard_t_le_eabi.a(libc2.o)
                              THUMB Debug/main.o (snprintf)
/Applications/CrossWorks for ARM 2.3/lib/libc_v7em_fpv4_sp_d16_hard_t_le_eabi.a(libc2_asm.o)
                              THUMB Debug/queue.o (memcpy)
/Applications/CrossWorks for ARM 2.3/lib/libc_v7em_fpv4_sp_d16_hard_t_le_eabi.a(__vfprintf_double_long_long.o)
                              (__vfprintf_double_long_long)
/Applications/CrossWorks for ARM 2.3/lib/libc_v7em_fpv4_sp_d16_hard_t_le_eabi.a(__vfscanf_int.o)
                              (__vfscanf_int)
/Applications/CrossWorks for ARM 2.3/lib/libc_v7em_fpv4_sp_d16_hard_t_le_eabi.a(libc_asm.o)
                              /Applications/CrossWorks for ARM 2.3/lib/libc_v7em_fpv4_sp_d16_hard_t_le_eabi.a(libc2.o) (__aeabi_uldivmod)
/Applications/CrossWorks for ARM 2.3/lib/libdebugio_v7em_fpv4_sp_d16_hard_t_le_eabi.a(libdebugio.o)
                              (__do_debug_operation_mempoll)
/Applications/CrossWorks for ARM 2.3/lib/libdebugio_v7em_fpv4_sp_d16_hard_t_le_eabi.a(libdebugio_asm.o)
                              THUMB Debug/main.o (debug_printf)
/Applications/CrossWorks for ARM 2.3/lib/libc_targetio_impl_v7em_fpv4_sp_d16_hard_t_le_eabi.a(libc_targetio_impl.o)
                              THUMB Debug/usbd_cdc_vcp.o (printf)
/Applications/CrossWorks for ARM 2.3/lib/libc_user_libc_v7em_fpv4_sp_d16_hard_t_le_eabi.a(user_libc.o)
                              /Applications/CrossWorks for ARM 2.3/lib/libc_v7em_fpv4_sp_d16_hard_t_le_eabi.a(libc2.o) (__errno)
/Applications/CrossWorks for ARM 2.3/lib/libm_v7em_fpv4_sp_d16_hard_t_le_eabi.a(libm2.o)
                              /Applications/CrossWorks for ARM 2.3/lib/libc_v7em_fpv4_sp_d16_hard_t_le_eabi.a(__vfprintf_double_long_long.o) (frexp)
/Applications/CrossWorks for ARM 2.3/lib/libm_v7em_fpv4_sp_d16_hard_t_le_eabi.a(libm2_asm.o)
                              /Applications/CrossWorks for ARM 2.3/lib/libm_v7em_fpv4_sp_d16_hard_t_le_eabi.a(libm2.o) (fabs)

Allocating common symbols
Common symbol       size              file

APP_Tx_Buffer       0x80              THUMB Debug/usbd_cdc_vcp.o
CompassWriteQueueHandle
                    0x4               THUMB Debug/main.o
xQueueRegistry      0x40              THUMB Debug/queue.o
GyroWriteQueueHandle
                    0x4               THUMB Debug/main.o
TimingDelay         0x4               THUMB Debug/main.o
usbd_cdc_OtherCfgDesc
                    0x43              THUMB Debug/usbd_cdc_core.o
I2C_InitStructure   0x10              THUMB Debug/main.o
APP_tx_ptr_tail     0x4               THUMB Debug/usbd_cdc_vcp.o
USB_Rx_Buffer       0x40              THUMB Debug/usbd_cdc_core.o
USART_InitStructure
                    0x10              THUMB Debug/usbd_cdc_vcp.o
CmdBuff             0x8               THUMB Debug/usbd_cdc_core.o
USB_OTG_dev         0x5f0             THUMB Debug/main.o
APP_Rx_Buffer       0x800             THUMB Debug/usbd_cdc_core.o
NVIC_InitStructure  0x4               THUMB Debug/stm32f4_discovery.o
USBD_StrDesc        0x32              THUMB Debug/usbd_req.o
AccelWriteQueueHandle
                    0x4               THUMB Debug/main.o
APP_tx_ptr_head     0x4               THUMB Debug/usbd_cdc_vcp.o

Discarded input sections

 .text          0x00000000        0x0 THUMB Debug/main.o
 .data          0x00000000        0x0 THUMB Debug/main.o
 .bss           0x00000000        0x0 THUMB Debug/main.o
 .text          0x00000000        0x0 THUMB Debug/croutine.o
 .data          0x00000000        0x0 THUMB Debug/croutine.o
 .bss           0x00000000        0x0 THUMB Debug/croutine.o
 .bss.pxReadyCoRoutineLists
                0x00000000       0x28 THUMB Debug/croutine.o
 .bss.xDelayedCoRoutineList1
                0x00000000       0x14 THUMB Debug/croutine.o
 .bss.xDelayedCoRoutineList2
                0x00000000       0x14 THUMB Debug/croutine.o
 .bss.pxDelayedCoRoutineList
                0x00000000        0x4 THUMB Debug/croutine.o
 .bss.pxOverflowDelayedCoRoutineList
                0x00000000        0x4 THUMB Debug/croutine.o
 .bss.xPendingReadyCoRoutineList
                0x00000000       0x14 THUMB Debug/croutine.o
 .bss.pxCurrentCoRoutine
                0x00000000        0x4 THUMB Debug/croutine.o
 .bss.uxTopCoRoutineReadyPriority
                0x00000000        0x4 THUMB Debug/croutine.o
 .bss.xCoRoutineTickCount
                0x00000000        0x4 THUMB Debug/croutine.o
 .bss.xLastTickCount
                0x00000000        0x4 THUMB Debug/croutine.o
 .bss.xPassedTicks
                0x00000000        0x4 THUMB Debug/croutine.o
 .text.xCoRoutineCreate
                0x00000000       0xf0 THUMB Debug/croutine.o
 .text.vCoRoutineAddToDelayedList
[...]
Memory Configuration

Name             Origin             Length             Attributes
UNPLACED_SECTIONS 0xffffffff         0x00000000         xw
FLASH            0x08000000         0x00100000         xr
DATA_SRAM        0x10000000         0x00010000         xw
SYSTEM           0x1fff0000         0x00007a10         xw
OPTION           0x1fffc000         0x00000008         xw
RAM              0x20000000         0x00020000         xw
SRAM1            0x20000000         0x0001c000         xw
SRAM2            0x2001c000         0x00004000         xw
APB1             0x40000000         0x00007800         xw
APB2             0x40010000         0x00004c00         xw
AHB1             0x40020000         0x00080000         xw
AHB2             0x50000000         0x00060c00         xw
AHB3             0xa0000000         0x00001000         xw
PCCARD           0x90000000         0x00000000         xw
NAND2            0x80000000         0x00000000         xw
NAND1            0x70000000         0x00000000         xw
NOR_PSRAM4       0x6c000000         0x00000000         xw
NOR_PSRAM3       0x68000000         0x00000000         xw
NOR_PSRAM2       0x64000000         0x00000000         xw
NOR_PSRAM1       0x60000000         0x00000000         xw
PPB              0xe0000000         0x00100000         xw
CM3_System_Control_Space 0xe000e000         0x00001000         xw
*default*        0x00000000         0xffffffff

Linker script and memory map

                0x0800b6b4                __do_debug_operation = __do_debug_operation_mempoll
                0x08009c48                __vfprintf = __vfprintf_double_long_long
                0x0800b150                __vfscanf = __vfscanf_int
                0x08000000                __FLASH_segment_start__ = 0x8000000
                0x08100000                __FLASH_segment_end__ = 0x8100000
                0x10000000                __DATA_SRAM_segment_start__ = 0x10000000
                0x10010000                __DATA_SRAM_segment_end__ = 0x10010000
                0x1fff0000                __SYSTEM_segment_start__ = 0x1fff0000
                0x1fff7a10                __SYSTEM_segment_end__ = 0x1fff7a10
                0x1fffc000                __OPTION_segment_start__ = 0x1fffc000
                0x1fffc008                __OPTION_segment_end__ = 0x1fffc008
                0x20000000                __RAM_segment_start__ = 0x20000000
                0x20020000                __RAM_segment_end__ = 0x20020000
                0x20000000                __SRAM1_segment_start__ = 0x20000000
                0x2001c000                __SRAM1_segment_end__ = 0x2001c000
                0x2001c000                __SRAM2_segment_start__ = 0x2001c000
                0x20020000                __SRAM2_segment_end__ = 0x20020000
                0x40000000                __APB1_segment_start__ = 0x40000000
                0x40007800                __APB1_segment_end__ = 0x40007800
                0x40010000                __APB2_segment_start__ = 0x40010000
                0x40014c00                __APB2_segment_end__ = 0x40014c00
                0x40020000                __AHB1_segment_start__ = 0x40020000
                0x400a0000                __AHB1_segment_end__ = 0x400a0000
                0x50000000                __AHB2_segment_start__ = 0x50000000
                0x50060c00                __AHB2_segment_end__ = 0x50060c00
                0xa0000000                __AHB3_segment_start__ = 0xa0000000
                0xa0001000                __AHB3_segment_end__ = 0xa0001000
                0x90000000                __PCCARD_segment_start__ = 0x90000000
                0x90000000                __PCCARD_segment_end__ = 0x90000000
                0x80000000                __NAND2_segment_start__ = 0x80000000
                0x80000000                __NAND2_segment_end__ = 0x80000000
                0x70000000                __NAND1_segment_start__ = 0x70000000
                0x70000000                __NAND1_segment_end__ = 0x70000000
                0x6c000000                __NOR_PSRAM4_segment_start__ = 0x6c000000
                0x6c000000                __NOR_PSRAM4_segment_end__ = 0x6c000000
                0x68000000                __NOR_PSRAM3_segment_start__ = 0x68000000
                0x68000000                __NOR_PSRAM3_segment_end__ = 0x68000000
                0x64000000                __NOR_PSRAM2_segment_start__ = 0x64000000
                0x64000000                __NOR_PSRAM2_segment_end__ = 0x64000000
                0x60000000                __NOR_PSRAM1_segment_start__ = 0x60000000
                0x60000000                __NOR_PSRAM1_segment_end__ = 0x60000000
                0xe0000000                __PPB_segment_start__ = 0xe0000000
                0xe0100000                __PPB_segment_end__ = 0xe0100000
                0xe000e000                __CM3_System_Control_Space_segment_start__ = 0xe000e000
                0xe000f000                __CM3_System_Control_Space_segment_end__ = 0xe000f000
                0x00000100                __STACKSIZE__ = 0x100
                0x00000000                __STACKSIZE_PROCESS__ = 0x0
                0x00000000                __STACKSIZE_IRQ__ = 0x0
                0x00000000                __STACKSIZE_FIQ__ = 0x0
                0x00000000                __STACKSIZE_SVC__ = 0x0
                0x00000000                __STACKSIZE_ABT__ = 0x0
                0x00000000                __STACKSIZE_UND__ = 0x0
                0x00000080                __HEAPSIZE__ = 0x80
                0x20000000                __vectors_ram_load_start__ = ALIGN (__RAM_segment_start__, 0x100)

.vectors_ram    0x20000000        0x0
                0x20000000                __vectors_ram_start__ = .
 *(.vectors_ram .vectors_ram.*)
                0x20000000                __vectors_ram_end__ = (__vectors_ram_start__ + SIZEOF (.vectors_ram))
                0x20000000                __vectors_ram_load_end__ = __vectors_ram_end__
                0x00000001                . = ASSERT (((__vectors_ram_end__ >= __RAM_segment_start__) && (__vectors_ram_end__ <= __RAM_segment_end__)), error: .vectors_ram is too large to fit in RAM memory segment)
                0x08000000                __vectors_load_start__ = ALIGN (__FLASH_segment_start__, 0x100)

.vectors        0x08000000      0x188
                0x08000000                __vectors_start__ = .
 *(.vectors .vectors.*)
 .vectors       0x08000000      0x188 THUMB Debug/STM32_Startup.o
                0x08000000                _vectors
                0x08000188                __vectors_end__ = (__vectors_start__ + SIZEOF (.vectors))
                0x08000188                __vectors_load_end__ = __vectors_end__
                0x00000001                . = ASSERT (((__vectors_end__ >= __FLASH_segment_start__) && (__vectors_end__ <= __FLASH_segment_end__)), error: .vectors is too large to fit in FLASH memory segment)
                0x08000188                __init_load_start__ = ALIGN (__vectors_end__, 0x4)

.init           0x08000188      0x240
                0x08000188                __init_start__ = .
 *(.init .init.*)
 .init          0x08000188      0x12c THUMB Debug/thumb_crt0.o
                0x08000188                _start
                0x08000220                exit
                0x08000244                __putchar
                0x08000244                __getchar
 .init          0x080002b4      0x114 THUMB Debug/STM32_Startup.o
                0x080002b4                NMI_Handler
                0x080002b8                MemManage_Handler
                0x080002ba                BusFault_Handler
                0x080002bc                UsageFault_Handler
                0x080002c0                DebugMon_Handler
                0x080002c6                WWDG_IRQHandler
                0x080002c8                PVD_IRQHandler
                0x080002ca                TAMP_STAMP_IRQHandler
                0x080002cc                RTC_WKUP_IRQHandler
                0x080002ce                FLASH_IRQHandler
                0x080002d0                RCC_IRQHandler
                0x080002d2                EXTI0_IRQHandler
                0x080002d4                EXTI1_IRQHandler
                0x080002d6                EXTI2_IRQHandler
                0x080002d8                EXTI3_IRQHandler
                0x080002da                EXTI4_IRQHandler
                0x080002dc                DMA1_Stream0_IRQHandler
                0x080002de                DMA1_Stream1_IRQHandler
                0x080002e0                DMA1_Stream2_IRQHandler
                0x080002e2                DMA1_Stream3_IRQHandler
                0x080002e4                DMA1_Stream4_IRQHandler
                0x080002e6                DMA1_Stream5_IRQHandler
                0x080002e8                DMA1_Stream6_IRQHandler
                0x080002ea                ADC_IRQHandler
                0x080002ec                CAN1_TX_IRQHandler
                0x080002ee                CAN1_RX0_IRQHandler
                0x080002f0                CAN1_RX1_IRQHandler
                0x080002f2                CAN1_SCE_IRQHandler
                0x080002f4                EXTI9_5_IRQHandler
                0x080002f6                TIM1_BRK_TIM9_IRQHandler
                0x080002f8                TIM1_UP_TIM10_IRQHandler
                0x080002fa                TIM1_TRG_COM_TIM11_IRQHandler
                0x080002fc                TIM1_CC_IRQHandler
                0x080002fe                TIM2_IRQHandler
                0x08000300                TIM3_IRQHandler
                0x08000302                TIM4_IRQHandler
                0x08000304                I2C1_EV_IRQHandler
                0x08000306                I2C1_ER_IRQHandler
                0x08000308                I2C2_EV_IRQHandler
                0x0800030a                I2C2_ER_IRQHandler
                0x0800030c                SPI1_IRQHandler
                0x0800030e                SPI2_IRQHandler
                0x08000310                USART1_IRQHandler
                0x08000314                USART3_IRQHandler
                0x08000316                EXTI15_10_IRQHandler
                0x08000318                RTC_Alarm_IRQHandler
                0x0800031c                TIM8_BRK_TIM12_IRQHandler
                0x0800031e                TIM8_UP_TIM13_IRQHandler
                0x08000320                TIM8_TRG_COM_TIM14_IRQHandler
                0x08000322                TIM8_CC_IRQHandler
                0x08000324                DMA1_Stream7_IRQHandler
                0x08000326                FSMC_IRQHandler
                0x08000328                SDIO_IRQHandler
                0x0800032a                TIM5_IRQHandler
                0x0800032c                SPI3_IRQHandler
                0x0800032e                UART4_IRQHandler
                0x08000330                UART5_IRQHandler
                0x08000332                TIM6_DAC_IRQHandler
                0x08000334                TIM7_IRQHandler
                0x08000336                DMA2_Stream0_IRQHandler
                0x08000338                DMA2_Stream1_IRQHandler
                0x0800033a                DMA2_Stream2_IRQHandler
                0x0800033c                DMA2_Stream3_IRQHandler
                0x0800033e                DMA2_Stream4_IRQHandler
                0x08000340                ETH_IRQHandler
                0x08000342                ETH_WKUP_IRQHandler
                0x08000344                CAN2_TX_IRQHandler
                0x08000346                CAN2_RX0_IRQHandler
                0x08000348                CAN2_RX1_IRQHandler
                0x0800034a                CAN2_SCE_IRQHandler
                0x0800034e                DMA2_Stream5_IRQHandler
                0x08000350                DMA2_Stream6_IRQHandler
                0x08000352                DMA2_Stream7_IRQHandler
                0x08000354                USART6_IRQHandler
                0x08000356                I2C3_EV_IRQHandler
                0x08000358                I2C3_ER_IRQHandler
                0x0800035a                OTG_HS_EP1_OUT_IRQHandler
                0x0800035c                OTG_HS_EP1_IN_IRQHandler
                0x0800035e                OTG_HS_WKUP_IRQHandler
                0x08000360                OTG_HS_IRQHandler
                0x08000362                DCMI_IRQHandler
                0x08000364                CRYP_IRQHandler
                0x08000366                HASH_RNG_IRQHandler
                0x08000368                FPU_IRQHandler
                0x0800036a                reset_handler
                0x080003c8                __init_end__ = (__init_start__ + SIZEOF (.init))
                0x080003c8                __init_load_end__ = __init_end__
                0x00000001                . = ASSERT (((__init_end__ >= __FLASH_segment_start__) && (__init_end__ <= __FLASH_segment_end__)), error: .init is too large to fit in FLASH memory segment)
                0x080003c8                __text_load_start__ = ALIGN (__init_end__, 0x4)

.text           0x080003c8     0xb440
                0x080003c8                __text_start__ = .
 *(.text .text.* .glue_7t .glue_7 .gnu.linkonce.t.* .gcc_except_table .ARM.extab* .gnu.linkonce.armextab.*)
 .glue_7        0x00000000        0x0 linker stubs
 .glue_7t       0x00000000        0x0 linker stubs
 .text.QueueReadTestTask
                0x080003c8      0x258 THUMB Debug/main.o
 .text.SensorStickReadTask
                0x08000620      0x29c THUMB Debug/main.o
 .text.main     0x080008bc      0x1d0 THUMB Debug/main.o
                0x080008bc                main
 .text.correct_number_format
                0x08000a8c       0x28 THUMB Debug/main.o
                0x08000a8c                correct_number_format
 .text.vListInitialise
                0x08000ab4       0x40 THUMB Debug/list.o
                0x08000ab4                vListInitialise
 .text.vListInitialiseItem
                0x08000af4       0x1c THUMB Debug/list.o
                0x08000af4                vListInitialiseItem
 .text.vListInsertEnd
                0x08000b10       0x50 THUMB Debug/list.o
                0x08000b10                vListInsertEnd
 .text.vListInsert
                0x08000b60       0x74 THUMB Debug/list.o
                0x08000b60                vListInsert
 .text.uxListRemove
                0x08000bd4       0x58 THUMB Debug/list.o
                0x08000bd4                uxListRemove
 .text.xQueueGenericReset
                0x08000c2c       0xbc THUMB Debug/queue.o
                0x08000c2c                xQueueGenericReset
 .text.xQueueGenericCreate
                0x08000ce8       0x88 THUMB Debug/queue.o
                0x08000ce8                xQueueGenericCreate
 .text.xQueueGenericSend
                0x08000d70      0x14c THUMB Debug/queue.o
                0x08000d70                xQueueGenericSend
 .text.xQueueGenericSendFromISR
                0x08000ebc       0xb8 THUMB Debug/queue.o
                0x08000ebc                xQueueGenericSendFromISR
 .text.xQueueGenericReceive
                0x08000f74      0x1b4 THUMB Debug/queue.o
                0x08000f74                xQueueGenericReceive
 .text.prvCopyDataToQueue
                0x08001128       0xc4 THUMB Debug/queue.o
 .text.prvCopyDataFromQueue
                0x080011ec       0x50 THUMB Debug/queue.o
 .text.prvUnlockQueue
                0x0800123c       0xa0 THUMB Debug/queue.o
 .text.prvIsQueueEmpty
                0x080012dc       0x2c THUMB Debug/queue.o
 .text.prvIsQueueFull
                0x08001308       0x30 THUMB Debug/queue.o
 .text.vQueueWaitForMessageRestricted
                0x08001338       0x5c THUMB Debug/queue.o
                0x08001338                vQueueWaitForMessageRestricted
 .text.xTaskGenericCreate
                0x08001394      0x1d0 THUMB Debug/tasks.o
                0x08001394                xTaskGenericCreate
 .text.vTaskDelay
                0x08001564       0x5c THUMB Debug/tasks.o
                0x08001564                vTaskDelay
 .text.vTaskStartScheduler
                0x080015c0       0x88 THUMB Debug/tasks.o
                0x080015c0                vTaskStartScheduler
 .text.vTaskSuspendAll
                0x08001648       0x24 THUMB Debug/tasks.o
                0x08001648                vTaskSuspendAll
 .text.xTaskResumeAll
                0x0800166c      0x164 THUMB Debug/tasks.o
                0x0800166c                xTaskResumeAll
 .text.xTaskGetTickCount
                0x080017d0       0x28 THUMB Debug/tasks.o
                0x080017d0                xTaskGetTickCount
 .text.vTaskIncrementTick
                0x080017f8      0x1cc THUMB Debug/tasks.o
                0x080017f8                vTaskIncrementTick
 .text.vTaskSwitchContext
                0x080019c4       0xd4 THUMB Debug/tasks.o
                0x080019c4                vTaskSwitchContext
 .text.vTaskPlaceOnEventList
                0x08001a98       0x84 THUMB Debug/tasks.o
                0x08001a98                vTaskPlaceOnEventList
 .text.vTaskPlaceOnEventListRestricted
                0x08001b1c       0x60 THUMB Debug/tasks.o
                0x08001b1c                vTaskPlaceOnEventListRestricted
 .text.xTaskRemoveFromEventList
                0x08001b7c       0xd0 THUMB Debug/tasks.o
                0x08001b7c                xTaskRemoveFromEventList
 .text.vTaskSetTimeOutState
                0x08001c4c       0x38 THUMB Debug/tasks.o
                0x08001c4c                vTaskSetTimeOutState
 .text.xTaskCheckForTimeOut
                0x08001c84       0xbc THUMB Debug/tasks.o
                0x08001c84                xTaskCheckForTimeOut
 .text.vTaskMissedYield
                0x08001d40       0x18 THUMB Debug/tasks.o
                0x08001d40                vTaskMissedYield
 .text.prvIdleTask
                0x08001d58       0x24 THUMB Debug/tasks.o
 .text.prvInitialiseTCBVariables
                0x08001d7c       0x78 THUMB Debug/tasks.o
 .text.prvInitialiseTaskLists
                0x08001df4       0xa4 THUMB Debug/tasks.o
 .text.prvCheckTasksWaitingTermination
                0x08001e98       0x9c THUMB Debug/tasks.o
 .text.prvAddCurrentTaskToDelayedList
                0x08001f34       0x8c THUMB Debug/tasks.o
 .text.prvAllocateTCBAndStack
                0x08001fc0       0x70 THUMB Debug/tasks.o
 .text.prvDeleteTCB
                0x08002030       0x20 THUMB Debug/tasks.o
 .text.xTaskGetCurrentTaskHandle
                0x08002050       0x20 THUMB Debug/tasks.o
                0x08002050                xTaskGetCurrentTaskHandle
 .text.xTaskGetSchedulerState
                0x08002070       0x48 THUMB Debug/tasks.o
                0x08002070                xTaskGetSchedulerState
 .text.vTaskPriorityInherit
                0x080020b8       0xdc THUMB Debug/tasks.o
                0x080020b8                vTaskPriorityInherit
 .text.vTaskPriorityDisinherit
                0x08002194       0x90 THUMB Debug/tasks.o
                0x08002194                vTaskPriorityDisinherit
 .text.xTimerCreateTimerTask
                0x08002224       0x6c THUMB Debug/timers.o
                0x08002224                xTimerCreateTimerTask
 .text.xTimerGenericCommand
                0x08002290       0xac THUMB Debug/timers.o
                0x08002290                xTimerGenericCommand
 .text.prvProcessExpiredTimer
                0x0800233c       0x7c THUMB Debug/timers.o
 .text.prvTimerTask
                0x080023b8       0x24 THUMB Debug/timers.o
 .text.prvProcessTimerOrBlockTask
                0x080023dc       0x74 THUMB Debug/timers.o
 .text.prvGetNextExpireTime
                0x08002450       0x54 THUMB Debug/timers.o
 .text.prvSampleTimeNow
                0x080024a4       0x58 THUMB Debug/timers.o
 .text.prvInsertTimerInActiveList
                0x080024fc       0x94 THUMB Debug/timers.o
 .text.prvProcessReceivedCommands
                0x08002590      0x10c THUMB Debug/timers.o
 .text.prvSwitchTimerLists
                0x0800269c       0xe8 THUMB Debug/timers.o
 .text.prvCheckForValidListAndQueue
                0x08002784       0x74 THUMB Debug/timers.o
 .text.pxPortInitialiseStack
                0x080027f8       0x70 THUMB Debug/port.o
                0x080027f8                pxPortInitialiseStack
 .text.SVC_Handler
                0x08002868       0x1c THUMB Debug/port.o
                0x08002868                SVC_Handler
 .text.prvPortStartFirstTask
                0x08002884       0x14 THUMB Debug/port.o
 .text.xPortStartScheduler
                0x08002898       0x70 THUMB Debug/port.o
                0x08002898                xPortStartScheduler
 .text.vPortYieldFromISR
                0x08002908       0x18 THUMB Debug/port.o
                0x08002908                vPortYieldFromISR
 .text.vPortEnterCritical
                0x08002920       0x24 THUMB Debug/port.o
                0x08002920                vPortEnterCritical
 .text.vPortExitCritical
                0x08002944       0x34 THUMB Debug/port.o
                0x08002944                vPortExitCritical
 .text.ulPortSetInterruptMask
                0x08002978       0x14 THUMB Debug/port.o
                0x08002978                ulPortSetInterruptMask
 .text.vPortClearInterruptMask
                0x0800298c        0x8 THUMB Debug/port.o
                0x0800298c                vPortClearInterruptMask
 .text.PendSV_Handler
                0x08002994       0x50 THUMB Debug/port.o
                0x08002994                PendSV_Handler
 .text.SysTick_Handler
                0x080029e4       0x24 THUMB Debug/port.o
                0x080029e4                SysTick_Handler
 .text.vPortSetupTimerInterrupt
                0x08002a08       0x2c THUMB Debug/port.o
                0x08002a08                vPortSetupTimerInterrupt
 .text.vPortEnableVFP
                0x08002a34       0x14 THUMB Debug/port.o
 .text.pvPortMalloc
                0x08002a48      0x1b0 THUMB Debug/heap_2.o
                0x08002a48                pvPortMalloc
 .text.vPortFree
                0x08002bf8       0x88 THUMB Debug/heap_2.o
                0x08002bf8                vPortFree
 .text.SystemInit
                0x08002c80       0x84 THUMB Debug/system_stm32f4xx.o
                0x08002c80                SystemInit
 .text.SystemCoreClockUpdate
                0x08002d04      0x170 THUMB Debug/system_stm32f4xx.o
                0x08002d04                SystemCoreClockUpdate
 .text.SetSysClock
                0x08002e74      0x1e0 THUMB Debug/system_stm32f4xx.o
 .text.ADXL345_init
                0x08003054       0x44 THUMB Debug/ADXL345.o
                0x08003054                ADXL345_init
 .text.ADXL345_read_ack
                0x08003098       0x90 THUMB Debug/ADXL345.o
                0x08003098                ADXL345_read_ack
 .text.ADXL345_read_burst
                0x08003128       0xdc THUMB Debug/ADXL345.o
                0x08003128                ADXL345_read_burst
 .text.ADXL345_read_nack
                0x08003204       0x50 THUMB Debug/ADXL345.o
                0x08003204                ADXL345_read_nack
 .text.ADXL345_write_register
                0x08003254       0x70 THUMB Debug/ADXL345.o
                0x08003254                ADXL345_write_register
 .text.I2C1_Init
                0x080032c4       0xf4 THUMB Debug/I2C.o
                0x080032c4                I2C1_Init
 .text.I2C_start
                0x080033b8       0x94 THUMB Debug/I2C.o
                0x080033b8                I2C_start
 .text.I2C_stop
                0x0800344c       0x1c THUMB Debug/I2C.o
                0x0800344c                I2C_stop
 .text.LED_orange
                0x08003468       0x40 THUMB Debug/STM32_LEDBlinky.o
                0x08003468                LED_orange
 .text.IO_Init  0x080034a8       0x48 THUMB Debug/STM32_LEDBlinky.o
                0x080034a8                IO_Init
 .text.trace    0x080034f0       0x20 THUMB Debug/data_trace.o
                0x080034f0                trace
 .text.trace_data
                0x08003510       0x28 THUMB Debug/data_trace.o
                0x08003510                trace_data
 .text.ITG3200_init
                0x08003538       0x44 THUMB Debug/ITG3200.o
                0x08003538                ITG3200_init
 .text.ITG3200_read_register
                0x0800357c       0x98 THUMB Debug/ITG3200.o
                0x0800357c                ITG3200_read_register
 .text.ITG3200_read_burst
                0x08003614       0xb4 THUMB Debug/ITG3200.o
                0x08003614                ITG3200_read_burst
 .text.ITG3200_read_temp
                0x080036c8       0xb8 THUMB Debug/ITG3200.o
                0x080036c8                ITG3200_read_temp
 .text.ITG3200_write_register
                0x08003780       0x60 THUMB Debug/ITG3200.o
                0x08003780                ITG3200_write_register
 .text.STM_EVAL_LEDOn
                0x080037e0       0x34 THUMB Debug/stm32f4_discovery.o
                0x080037e0                STM_EVAL_LEDOn
 .text.STM_EVAL_LEDOff
                0x08003814       0x34 THUMB Debug/stm32f4_discovery.o
                0x08003814                STM_EVAL_LEDOff
 .text.STM_EVAL_PBInit
                0x08003848       0xec THUMB Debug/stm32f4_discovery.o
                0x08003848                STM_EVAL_PBInit
 .text.HardFault_Handler
                0x08003934        0x8 THUMB Debug/stm32fxxx_it.o
                0x08003934                HardFault_Handler
 .text.OTG_FS_WKUP_IRQHandler
                0x0800393c       0x44 THUMB Debug/stm32fxxx_it.o
                0x0800393c                OTG_FS_WKUP_IRQHandler
 .text.OTG_FS_IRQHandler
                0x08003980       0x14 THUMB Debug/stm32fxxx_it.o
                0x08003980                OTG_FS_IRQHandler
 .text.QueueFull
                0x08003994       0x48 THUMB Debug/usart_lib.o
 .text.QueueEmpty
                0x080039dc       0x28 THUMB Debug/usart_lib.o
 .text.QueueAvail
                0x08003a04       0x3c THUMB Debug/usart_lib.o
                0x08003a04                QueueAvail
 .text.Enqueue  0x08003a40       0x6c THUMB Debug/usart_lib.o
                0x08003a40                Enqueue
 .text.Dequeue  0x08003aac       0x6c THUMB Debug/usart_lib.o
                0x08003aac                Dequeue
 .text.USART2_IRQHandler
                0x08003b18       0xfc THUMB Debug/usart_lib.o
                0x08003b18                USART2_IRQHandler
 .text.NVIC_PriorityGroupConfig
                0x08003c14       0x28 THUMB Debug/misc.o
                0x08003c14                NVIC_PriorityGroupConfig
 .text.NVIC_Init
                0x08003c3c       0xe4 THUMB Debug/misc.o
                0x08003c3c                NVIC_Init
 .text.EXTI_Init
                0x08003d20      0x138 THUMB Debug/stm32f4xx_exti.o
                0x08003d20                EXTI_Init
 .text.EXTI_ClearITPendingBit
                0x08003e58       0x20 THUMB Debug/stm32f4xx_exti.o
                0x08003e58                EXTI_ClearITPendingBit
 .text.GPIO_Init
                0x08003e78      0x144 THUMB Debug/stm32f4xx_gpio.o
                0x08003e78                GPIO_Init
 .text.GPIO_ResetBits
                0x08003fbc       0x1c THUMB Debug/stm32f4xx_gpio.o
                0x08003fbc                GPIO_ResetBits
 .text.GPIO_WriteBit
                0x08003fd8       0x30 THUMB Debug/stm32f4xx_gpio.o
                0x08003fd8                GPIO_WriteBit
 .text.GPIO_ToggleBits
                0x08004008       0x24 THUMB Debug/stm32f4xx_gpio.o
                0x08004008                GPIO_ToggleBits
 .text.GPIO_PinAFConfig
                0x0800402c       0xa8 THUMB Debug/stm32f4xx_gpio.o
                0x0800402c                GPIO_PinAFConfig
 .text.I2C_DeInit
                0x080040d4       0x88 THUMB Debug/stm32f4xx_i2c.o
                0x080040d4                I2C_DeInit
 .text.I2C_Init
                0x0800415c      0x1ac THUMB Debug/stm32f4xx_i2c.o
                0x0800415c                I2C_Init
 .text.I2C_StructInit
                0x08004308       0x44 THUMB Debug/stm32f4xx_i2c.o
                0x08004308                I2C_StructInit
 .text.I2C_Cmd  0x0800434c       0x40 THUMB Debug/stm32f4xx_i2c.o
                0x0800434c                I2C_Cmd
 .text.I2C_GenerateSTART
                0x0800438c       0x40 THUMB Debug/stm32f4xx_i2c.o
                0x0800438c                I2C_GenerateSTART
 .text.I2C_GenerateSTOP
                0x080043cc       0x40 THUMB Debug/stm32f4xx_i2c.o
                0x080043cc                I2C_GenerateSTOP
 .text.I2C_Send7bitAddress
                0x0800440c       0x3c THUMB Debug/stm32f4xx_i2c.o
                0x0800440c                I2C_Send7bitAddress
 .text.I2C_AcknowledgeConfig
                0x08004448       0x40 THUMB Debug/stm32f4xx_i2c.o
                0x08004448                I2C_AcknowledgeConfig
 .text.I2C_SendData
                0x08004488       0x20 THUMB Debug/stm32f4xx_i2c.o
                0x08004488                I2C_SendData
 .text.I2C_ReceiveData
                0x080044a8       0x1c THUMB Debug/stm32f4xx_i2c.o
                0x080044a8                I2C_ReceiveData
 .text.I2C_CheckEvent
                0x080044c4       0x70 THUMB Debug/stm32f4xx_i2c.o
                0x080044c4                I2C_CheckEvent
 .text.I2C_GetFlagStatus
                0x08004534       0x78 THUMB Debug/stm32f4xx_i2c.o
                0x08004534                I2C_GetFlagStatus
 .text.RCC_GetClocksFreq
                0x080045ac      0x1cc THUMB Debug/stm32f4xx_rcc.o
                0x080045ac                RCC_GetClocksFreq
 .text.RCC_AHB1PeriphClockCmd
                0x08004778       0x54 THUMB Debug/stm32f4xx_rcc.o
                0x08004778                RCC_AHB1PeriphClockCmd
 .text.RCC_AHB2PeriphClockCmd
                0x080047cc       0x54 THUMB Debug/stm32f4xx_rcc.o
                0x080047cc                RCC_AHB2PeriphClockCmd
 .text.RCC_APB1PeriphClockCmd
                0x08004820       0x54 THUMB Debug/stm32f4xx_rcc.o
                0x08004820                RCC_APB1PeriphClockCmd
 .text.RCC_APB2PeriphClockCmd
                0x08004874       0x54 THUMB Debug/stm32f4xx_rcc.o
                0x08004874                RCC_APB2PeriphClockCmd
 .text.RCC_APB1PeriphResetCmd
                0x080048c8       0x54 THUMB Debug/stm32f4xx_rcc.o
                0x080048c8                RCC_APB1PeriphResetCmd
 .text.SYSCFG_EXTILineConfig
                0x0800491c       0xb0 THUMB Debug/stm32f4xx_syscfg.o
                0x0800491c                SYSCFG_EXTILineConfig
 .text.USART_SendData
                0x080049cc       0x28 THUMB Debug/stm32f4xx_usart.o
                0x080049cc                USART_SendData
 .text.USART_ReceiveData
                0x080049f4       0x24 THUMB Debug/stm32f4xx_usart.o
                0x080049f4                USART_ReceiveData
 .text.USART_ITConfig
                0x08004a18       0xa4 THUMB Debug/stm32f4xx_usart.o
                0x08004a18                USART_ITConfig
 .text.USART_GetITStatus
                0x08004abc       0xc4 THUMB Debug/stm32f4xx_usart.o
                0x08004abc                USART_GetITStatus
 .text.USART_ClearITPendingBit
                0x08004b80       0x44 THUMB Debug/stm32f4xx_usart.o
                0x08004b80                USART_ClearITPendingBit
 .text.USB_OTG_BSP_Init
                0x08004bc4      0x114 THUMB Debug/usb_bsp.o
                0x08004bc4                USB_OTG_BSP_Init
 .text.USB_OTG_BSP_EnableInterrupt
                0x08004cd8       0x3c THUMB Debug/usb_bsp.o
                0x08004cd8                USB_OTG_BSP_EnableInterrupt
 .text.USB_OTG_BSP_uDelay
                0x08004d14       0x58 THUMB Debug/usb_bsp.o
                0x08004d14                USB_OTG_BSP_uDelay
 .text.USB_OTG_BSP_mDelay
                0x08004d6c       0x20 THUMB Debug/usb_bsp.o
                0x08004d6c                USB_OTG_BSP_mDelay
 .text.VCP_Init
                0x08004d8c       0x10 THUMB Debug/usbd_cdc_vcp.o
 .text.VCP_DeInit
                0x08004d9c       0x10 THUMB Debug/usbd_cdc_vcp.o
 .text.VCP_Ctrl
                0x08004dac      0x150 THUMB Debug/usbd_cdc_vcp.o
 .text.VCP_send_str
                0x08004efc       0x34 THUMB Debug/usbd_cdc_vcp.o
                0x08004efc                VCP_send_str
 .text.VCP_DataTx
                0x08004f30       0x84 THUMB Debug/usbd_cdc_vcp.o
 .text.VCP_DataRx
                0x08004fb4       0xa0 THUMB Debug/usbd_cdc_vcp.o
 .text.USBD_USR_DeviceDescriptor
                0x08005054       0x28 THUMB Debug/usbd_desc.o
                0x08005054                USBD_USR_DeviceDescriptor
 .text.USBD_USR_LangIDStrDescriptor
                0x0800507c       0x28 THUMB Debug/usbd_desc.o
                0x0800507c                USBD_USR_LangIDStrDescriptor
 .text.USBD_USR_ProductStrDescriptor
                0x080050a4       0x54 THUMB Debug/usbd_desc.o
                0x080050a4                USBD_USR_ProductStrDescriptor
 .text.USBD_USR_ManufacturerStrDescriptor
                0x080050f8       0x34 THUMB Debug/usbd_desc.o
                0x080050f8                USBD_USR_ManufacturerStrDescriptor
 .text.USBD_USR_SerialStrDescriptor
                0x0800512c       0x54 THUMB Debug/usbd_desc.o
                0x0800512c                USBD_USR_SerialStrDescriptor
 .text.USBD_USR_ConfigStrDescriptor
                0x08005180       0x54 THUMB Debug/usbd_desc.o
                0x08005180                USBD_USR_ConfigStrDescriptor
 .text.USBD_USR_InterfaceStrDescriptor
                0x080051d4       0x54 THUMB Debug/usbd_desc.o
                0x080051d4                USBD_USR_InterfaceStrDescriptor
 .text.NVIC_SetPriority
                0x08005228       0x5c THUMB Debug/usbd_usr.o
 .text.SysTick_Config
                0x08005284       0x64 THUMB Debug/usbd_usr.o
 .text.USBD_USR_Init
                0x080052e8       0x30 THUMB Debug/usbd_usr.o
                0x080052e8                USBD_USR_Init
 .text.USBD_USR_DeviceReset
                0x08005318       0x28 THUMB Debug/usbd_usr.o
                0x08005318                USBD_USR_DeviceReset
 .text.USBD_USR_DeviceConfigured
                0x08005340        0xc THUMB Debug/usbd_usr.o
                0x08005340                USBD_USR_DeviceConfigured
 .text.USBD_USR_DeviceConnected
                0x0800534c        0xc THUMB Debug/usbd_usr.o
                0x0800534c                USBD_USR_DeviceConnected
 .text.USBD_USR_DeviceDisconnected
                0x08005358        0xc THUMB Debug/usbd_usr.o
                0x08005358                USBD_USR_DeviceDisconnected
 .text.USBD_USR_DeviceSuspended
                0x08005364        0xc THUMB Debug/usbd_usr.o
                0x08005364                USBD_USR_DeviceSuspended
 .text.USBD_USR_DeviceResumed
                0x08005370        0xc THUMB Debug/usbd_usr.o
                0x08005370                USBD_USR_DeviceResumed
 .text.usbd_cdc_Init
                0x0800537c       0xb0 THUMB Debug/usbd_cdc_core.o
 .text.usbd_cdc_DeInit
                0x0800542c       0x44 THUMB Debug/usbd_cdc_core.o
 .text.usbd_cdc_Setup
                0x08005470      0x154 THUMB Debug/usbd_cdc_core.o
 .text.usbd_cdc_EP0_RxReady
                0x080055c4       0x60 THUMB Debug/usbd_cdc_core.o
 .text.usbd_cdc_DataIn
                0x08005624      0x120 THUMB Debug/usbd_cdc_core.o
 .text.usbd_cdc_DataOut
                0x08005744       0x6c THUMB Debug/usbd_cdc_core.o
 .text.usbd_cdc_SOF
                0x080057b0       0x50 THUMB Debug/usbd_cdc_core.o
 .text.Handle_USBAsynchXfer
                0x08005800      0x1a0 THUMB Debug/usbd_cdc_core.o
 .text.USBD_cdc_GetCfgDesc
                0x080059a0       0x28 THUMB Debug/usbd_cdc_core.o
 .text.USBD_Init
                0x080059c8       0x58 THUMB Debug/usbd_core.o
                0x080059c8                USBD_Init
 .text.USBD_DeInit
                0x08005a20       0x18 THUMB Debug/usbd_core.o
                0x08005a20                USBD_DeInit
 .text.USBD_SetupStage
                0x08005a38       0x70 THUMB Debug/usbd_core.o
 .text.USBD_DataOutStage
                0x08005aa8       0xd4 THUMB Debug/usbd_core.o
 .text.USBD_DataInStage
                0x08005b7c      0x114 THUMB Debug/usbd_core.o
 .text.USBD_Reset
                0x08005c90       0x54 THUMB Debug/usbd_core.o
 .text.USBD_Resume
                0x08005ce4       0x2c THUMB Debug/usbd_core.o
 .text.USBD_Suspend
                0x08005d10       0x2c THUMB Debug/usbd_core.o
 .text.USBD_SOF
                0x08005d3c       0x30 THUMB Debug/usbd_core.o
 .text.USBD_SetCfg
                0x08005d6c       0x34 THUMB Debug/usbd_core.o
                0x08005d6c                USBD_SetCfg
 .text.USBD_ClrCfg
                0x08005da0       0x2c THUMB Debug/usbd_core.o
                0x08005da0                USBD_ClrCfg
 .text.USBD_IsoINIncomplete
                0x08005dcc       0x24 THUMB Debug/usbd_core.o
 .text.USBD_IsoOUTIncomplete
                0x08005df0       0x24 THUMB Debug/usbd_core.o
 .text.USBD_CtlSendData
                0x08005e14       0x48 THUMB Debug/usbd_ioreq.o
                0x08005e14                USBD_CtlSendData
 .text.USBD_CtlContinueSendData
                0x08005e5c       0x30 THUMB Debug/usbd_ioreq.o
                0x08005e5c                USBD_CtlContinueSendData
 .text.USBD_CtlPrepareRx
                0x08005e8c       0x48 THUMB Debug/usbd_ioreq.o
                0x08005e8c                USBD_CtlPrepareRx
 .text.USBD_CtlContinueRx
                0x08005ed4       0x30 THUMB Debug/usbd_ioreq.o
                0x08005ed4                USBD_CtlContinueRx
 .text.USBD_CtlSendStatus
                0x08005f04       0x3c THUMB Debug/usbd_ioreq.o
                0x08005f04                USBD_CtlSendStatus
 .text.USBD_CtlReceiveStatus
                0x08005f40       0x3c THUMB Debug/usbd_ioreq.o
                0x08005f40                USBD_CtlReceiveStatus
 .text.USBD_StdDevReq
                0x08005f7c       0xa4 THUMB Debug/usbd_req.o
                0x08005f7c                USBD_StdDevReq
 .text.USBD_StdItfReq
                0x08006020       0x6c THUMB Debug/usbd_req.o
                0x08006020                USBD_StdItfReq
 .text.USBD_StdEPReq
                0x0800608c      0x1e4 THUMB Debug/usbd_req.o
                0x0800608c                USBD_StdEPReq
 .text.USBD_GetDescriptor
                0x08006270      0x1c8 THUMB Debug/usbd_req.o
 .text.USBD_SetAddress
                0x08006438       0x80 THUMB Debug/usbd_req.o
 .text.USBD_SetConfig
                0x080064b8      0x134 THUMB Debug/usbd_req.o
 .text.USBD_GetConfig
                0x080065ec       0x68 THUMB Debug/usbd_req.o
 .text.USBD_GetStatus
                0x08006654       0x68 THUMB Debug/usbd_req.o
 .text.USBD_SetFeature
                0x080066bc       0xe0 THUMB Debug/usbd_req.o
 .text.USBD_ClrFeature
                0x0800679c       0x58 THUMB Debug/usbd_req.o
 .text.USBD_ParseSetupRequest
                0x080067f4       0x94 THUMB Debug/usbd_req.o
                0x080067f4                USBD_ParseSetupRequest
 .text.USBD_CtlError
                0x08006888       0x50 THUMB Debug/usbd_req.o
                0x08006888                USBD_CtlError
 .text.USBD_GetString
                0x080068d8       0x9c THUMB Debug/usbd_req.o
                0x080068d8                USBD_GetString
 .text.USBD_GetLen
                0x08006974       0x38 THUMB Debug/usbd_req.o
 .text.USB_OTG_EnableCommonInt
                0x080069ac       0x44 THUMB Debug/usb_core.o
 .text.USB_OTG_CoreReset
                0x080069f0       0xa8 THUMB Debug/usb_core.o
 .text.USB_OTG_WritePacket
                0x08006a98       0x84 THUMB Debug/usb_core.o
                0x08006a98                USB_OTG_WritePacket
 .text.USB_OTG_ReadPacket
                0x08006b1c       0x68 THUMB Debug/usb_core.o
                0x08006b1c                USB_OTG_ReadPacket
 .text.USB_OTG_SelectCore
                0x08006b84      0x1b4 THUMB Debug/usb_core.o
                0x08006b84                USB_OTG_SelectCore
 .text.USB_OTG_CoreInit
                0x08006d38      0x1f8 THUMB Debug/usb_core.o
                0x08006d38                USB_OTG_CoreInit
 .text.USB_OTG_EnableGlobalInt
                0x08006f30       0x3c THUMB Debug/usb_core.o
                0x08006f30                USB_OTG_EnableGlobalInt
 .text.USB_OTG_DisableGlobalInt
                0x08006f6c       0x40 THUMB Debug/usb_core.o
                0x08006f6c                USB_OTG_DisableGlobalInt
 .text.USB_OTG_FlushTxFifo
                0x08006fac       0x80 THUMB Debug/usb_core.o
                0x08006fac                USB_OTG_FlushTxFifo
 .text.USB_OTG_FlushRxFifo
                0x0800702c       0x6c THUMB Debug/usb_core.o
                0x0800702c                USB_OTG_FlushRxFifo
 .text.USB_OTG_SetCurrentMode
                0x08007098       0x64 THUMB Debug/usb_core.o
                0x08007098                USB_OTG_SetCurrentMode
 .text.USB_OTG_GetMode
                0x080070fc       0x20 THUMB Debug/usb_core.o
                0x080070fc                USB_OTG_GetMode
 .text.USB_OTG_IsDeviceMode
                0x0800711c       0x24 THUMB Debug/usb_core.o
                0x0800711c                USB_OTG_IsDeviceMode
 .text.USB_OTG_ReadCoreItr
                0x08007140       0x30 THUMB Debug/usb_core.o
                0x08007140                USB_OTG_ReadCoreItr
 .text.USB_OTG_InitDevSpeed
                0x08007170       0x38 THUMB Debug/usb_core.o
                0x08007170                USB_OTG_InitDevSpeed
 .text.USB_OTG_CoreInitDev
                0x080071a8      0x2d4 THUMB Debug/usb_core.o
                0x080071a8                USB_OTG_CoreInitDev
 .text.USB_OTG_EnableDevInt
                0x0800747c       0xa4 THUMB Debug/usb_core.o
                0x0800747c                USB_OTG_EnableDevInt
 .text.USB_OTG_GetDeviceSpeed
                0x08007520       0x50 THUMB Debug/usb_core.o
                0x08007520                USB_OTG_GetDeviceSpeed
 .text.USB_OTG_EP0Activate
                0x08007570       0x80 THUMB Debug/usb_core.o
                0x08007570                USB_OTG_EP0Activate
 .text.USB_OTG_EPActivate
                0x080075f0       0xf8 THUMB Debug/usb_core.o
                0x080075f0                USB_OTG_EPActivate
 .text.USB_OTG_EPDeactivate
                0x080076e8       0xa4 THUMB Debug/usb_core.o
                0x080076e8                USB_OTG_EPDeactivate
 .text.USB_OTG_EPStartXfer
                0x0800778c      0x2d0 THUMB Debug/usb_core.o
                0x0800778c                USB_OTG_EPStartXfer
 .text.USB_OTG_EP0StartXfer
                0x08007a5c      0x200 THUMB Debug/usb_core.o
                0x08007a5c                USB_OTG_EP0StartXfer
 .text.USB_OTG_EPSetStall
                0x08007c5c       0x94 THUMB Debug/usb_core.o
                0x08007c5c                USB_OTG_EPSetStall
 .text.USB_OTG_EPClearStall
                0x08007cf0       0x84 THUMB Debug/usb_core.o
                0x08007cf0                USB_OTG_EPClearStall
 .text.USB_OTG_ReadDevAllOutEp_itr
                0x08007d74       0x30 THUMB Debug/usb_core.o
                0x08007d74                USB_OTG_ReadDevAllOutEp_itr
 .text.USB_OTG_ReadDevOutEP_itr
                0x08007da4       0x3c THUMB Debug/usb_core.o
                0x08007da4                USB_OTG_ReadDevOutEP_itr
 .text.USB_OTG_ReadDevAllInEPItr
                0x08007de0       0x34 THUMB Debug/usb_core.o
                0x08007de0                USB_OTG_ReadDevAllInEPItr
 .text.USB_OTG_EP0_OutStart
                0x08007e14       0x78 THUMB Debug/usb_core.o
                0x08007e14                USB_OTG_EP0_OutStart
 .text.USB_OTG_UngateClock
                0x08007e8c       0x54 THUMB Debug/usb_core.o
                0x08007e8c                USB_OTG_UngateClock
 .text.DCD_Init
                0x08007ee0      0x12c THUMB Debug/usb_dcd.o
                0x08007ee0                DCD_Init
 .text.DCD_EP_Open
                0x0800800c       0xac THUMB Debug/usb_dcd.o
                0x0800800c                DCD_EP_Open
 .text.DCD_EP_Close
                0x080080b8       0x80 THUMB Debug/usb_dcd.o
                0x080080b8                DCD_EP_Close
 .text.DCD_EP_PrepareRx
                0x08008138       0x8c THUMB Debug/usb_dcd.o
                0x08008138                DCD_EP_PrepareRx
 .text.DCD_EP_Tx
                0x080081c4       0x84 THUMB Debug/usb_dcd.o
                0x080081c4                DCD_EP_Tx
 .text.DCD_EP_Stall
                0x08008248       0x84 THUMB Debug/usb_dcd.o
                0x08008248                DCD_EP_Stall
 .text.DCD_EP_ClrStall
                0x080082cc       0x84 THUMB Debug/usb_dcd.o
                0x080082cc                DCD_EP_ClrStall
 .text.DCD_EP_SetAddress
                0x08008350       0x3c THUMB Debug/usb_dcd.o
                0x08008350                DCD_EP_SetAddress
 .text.USBD_OTG_ISR_Handler
                0x0800838c      0x164 THUMB Debug/usb_dcd_int.o
                0x0800838c                USBD_OTG_ISR_Handler
 .text.DCD_HandleResume_ISR
                0x080084f0       0x8c THUMB Debug/usb_dcd_int.o
 .text.DCD_HandleUSBSuspend_ISR
                0x0800857c       0xb0 THUMB Debug/usb_dcd_int.o
 .text.DCD_HandleInEP_ISR
                0x0800862c      0x22c THUMB Debug/usb_dcd_int.o
 .text.DCD_HandleOutEP_ISR
                0x08008858      0x1b0 THUMB Debug/usb_dcd_int.o
 .text.DCD_HandleSof_ISR
                0x08008a08       0x3c THUMB Debug/usb_dcd_int.o
 .text.DCD_HandleRxStatusQueueLevel_ISR
                0x08008a44      0x114 THUMB Debug/usb_dcd_int.o
 .text.DCD_WriteEmptyTxFifo
                0x08008b58      0x100 THUMB Debug/usb_dcd_int.o
 .text.DCD_HandleUsbReset_ISR
                0x08008c58      0x170 THUMB Debug/usb_dcd_int.o
 .text.DCD_HandleEnumDone_ISR
                0x08008dc8       0x88 THUMB Debug/usb_dcd_int.o
 .text.DCD_IsoINIncomplete_ISR
                0x08008e50       0x3c THUMB Debug/usb_dcd_int.o
 .text.DCD_IsoOUTIncomplete_ISR
                0x08008e8c       0x3c THUMB Debug/usb_dcd_int.o
 .text.DCD_ReadDevInEP
                0x08008ec8       0x58 THUMB Debug/usb_dcd_int.o
 .text.libc.__int32_to_float64
                0x08008f20       0x30 /Applications/CrossWorks for ARM 2.3/lib/libm_v7em_fpv4_sp_d16_hard_t_le_eabi.a(libm_asm.o)
                0x08008f20                __floatsidf
                0x08008f20                __aeabi_i2d
                0x08008f20                __int32_to_float64
 .text.libc.__int64_to_float64
                0x08008f50       0xa0 /Applications/CrossWorks for ARM 2.3/lib/libm_v7em_fpv4_sp_d16_hard_t_le_eabi.a(libm_asm.o)
                0x08008f50                __floatdidf
                0x08008f50                __int64_to_float64
                0x08008f50                __aeabi_l2d
                0x08008f74                __RAL_aeabi_l2d_common
 .text.libc.__uint64_to_float64
                0x08008ff0       0x14 /Applications/CrossWorks for ARM 2.3/lib/libm_v7em_fpv4_sp_d16_hard_t_le_eabi.a(libm_asm.o)
                0x08008ff0                __uint64_to_float64
                0x08008ff0                __aeabi_ul2d
                0x08008ff0                __floatundidf
 .text.libc.__float64_to_uint64
                0x08009004       0x50 /Applications/CrossWorks for ARM 2.3/lib/libm_v7em_fpv4_sp_d16_hard_t_le_eabi.a(libm_asm.o)
                0x08009004                __aeabi_d2ulz
                0x08009004                __fixunsdfdi
                0x08009004                __float64_to_uint64
 .text.libc.__float32_to_float64
                0x08009054       0x38 /Applications/CrossWorks for ARM 2.3/lib/libm_v7em_fpv4_sp_d16_hard_t_le_eabi.a(libm_asm.o)
                0x08009054                __extendsfdf2
                0x08009054                __float32_to_float64
                0x08009054                __aeabi_f2d
 .text.libc.__float64_to_float32
                0x0800908c       0x78 /Applications/CrossWorks for ARM 2.3/lib/libm_v7em_fpv4_sp_d16_hard_t_le_eabi.a(libm_asm.o)
                0x0800908c                __aeabi_d2f
                0x0800908c                __truncdfsf2
                0x0800908c                __float64_to_float32
 .text.libc.__float64_add
                0x08009104      0x2b8 /Applications/CrossWorks for ARM 2.3/lib/libm_v7em_fpv4_sp_d16_hard_t_le_eabi.a(libm_asm.o)
                0x08009104                __aeabi_drsub
                0x0800910c                __float64_sub
                0x0800910c                __aeabi_dsub
                0x0800910c                __subdf3
                0x08009110                __aeabi_dadd
                0x08009110                __float64_add
                0x08009110                __adddf3
 .text.libc.__float64_mul
                0x080093bc      0x180 /Applications/CrossWorks for ARM 2.3/lib/libm_v7em_fpv4_sp_d16_hard_t_le_eabi.a(libm_asm.o)
                0x080093bc                __aeabi_dmul
                0x080093bc                __float64_mul
                0x080093bc                __muldf3
 .text.libc.__float64_div
                0x0800953c      0x260 /Applications/CrossWorks for ARM 2.3/lib/libm_v7em_fpv4_sp_d16_hard_t_le_eabi.a(libm_asm.o)
                0x0800953c                __aeabi_ddiv
                0x0800953c                __divdf3
                0x0800953c                __float64_div
 .text.libc.__float64_cmp
                0x0800979c       0x6c /Applications/CrossWorks for ARM 2.3/lib/libm_v7em_fpv4_sp_d16_hard_t_le_eabi.a(libm_asm.o)
                0x0800979c                __ltdf2
                0x0800979c                __eqdf2
                0x0800979c                __gtdf2
                0x0800979c                __cmpdf2
                0x0800979c                __ledf2
                0x0800979c                __nedf2
                0x0800979c                __gedf2
 .text.libc.__aeabi_dcmpeq
                0x08009808       0x18 /Applications/CrossWorks for ARM 2.3/lib/libm_v7em_fpv4_sp_d16_hard_t_le_eabi.a(libm_asm.o)
                0x08009808                __aeabi_dcmpeq
 .text.libc.__aeabi_dcmplt
                0x08009820       0x1c /Applications/CrossWorks for ARM 2.3/lib/libm_v7em_fpv4_sp_d16_hard_t_le_eabi.a(libm_asm.o)
                0x08009820                __aeabi_dcmplt
 .text.libc.__aeabi_dcmpge
                0x0800983c       0x1c /Applications/CrossWorks for ARM 2.3/lib/libm_v7em_fpv4_sp_d16_hard_t_le_eabi.a(libm_asm.o)
                0x0800983c                __aeabi_dcmpge
 .text.libc.__float64_isinf
                0x08009858       0x14 /Applications/CrossWorks for ARM 2.3/lib/libm_v7em_fpv4_sp_d16_hard_t_le_eabi.a(libm_asm.o)
                0x08009858                __float64_isinf
 .text.libc.__float64_isnan
                0x0800986c       0x14 /Applications/CrossWorks for ARM 2.3/lib/libm_v7em_fpv4_sp_d16_hard_t_le_eabi.a(libm_asm.o)
                0x0800986c                __float64_isnan
 .text.libc.__getc
                0x08009880       0x24 /Applications/CrossWorks for ARM 2.3/lib/libc_v7em_fpv4_sp_d16_hard_t_le_eabi.a(libc2.o)
                0x08009880                __getc
 .text.libc.__RAL_pow10
                0x080098a4       0x70 /Applications/CrossWorks for ARM 2.3/lib/libc_v7em_fpv4_sp_d16_hard_t_le_eabi.a(libc2.o)
                0x080098a4                __RAL_pow10
 .text.libc.__putc
                0x08009914       0x38 /Applications/CrossWorks for ARM 2.3/lib/libc_v7em_fpv4_sp_d16_hard_t_le_eabi.a(libc2.o)
                0x08009914                __putc
 .text.libc.__print_padding
                0x0800994c       0x60 /Applications/CrossWorks for ARM 2.3/lib/libc_v7em_fpv4_sp_d16_hard_t_le_eabi.a(libc2.o)
                0x0800994c                __print_padding
 .text.libc.__pre_padding
                0x080099ac       0x1c /Applications/CrossWorks for ARM 2.3/lib/libc_v7em_fpv4_sp_d16_hard_t_le_eabi.a(libc2.o)
                0x080099ac                __pre_padding
 .text.libc.abs
                0x080099c8        0x8 /Applications/CrossWorks for ARM 2.3/lib/libc_v7em_fpv4_sp_d16_hard_t_le_eabi.a(libc2.o)
                0x080099c8                abs
 .text.libc.isupper
                0x080099d0       0x10 /Applications/CrossWorks for ARM 2.3/lib/libc_v7em_fpv4_sp_d16_hard_t_le_eabi.a(libc2.o)
                0x080099d0                isupper
 .text.libc.islower
                0x080099e0       0x10 /Applications/CrossWorks for ARM 2.3/lib/libc_v7em_fpv4_sp_d16_hard_t_le_eabi.a(libc2.o)
                0x080099e0                islower
 .text.libc.isdigit
                0x080099f0       0x10 /Applications/CrossWorks for ARM 2.3/lib/libc_v7em_fpv4_sp_d16_hard_t_le_eabi.a(libc2.o)
                0x080099f0                isdigit
 .text.libc.__digit
                0x08009a00       0x3c /Applications/CrossWorks for ARM 2.3/lib/libc_v7em_fpv4_sp_d16_hard_t_le_eabi.a(libc2.o)
                0x08009a00                __digit
 .text.libc.isspace
                0x08009a3c       0x18 /Applications/CrossWorks for ARM 2.3/lib/libc_v7em_fpv4_sp_d16_hard_t_le_eabi.a(libc2.o)
                0x08009a3c                isspace
 .text.libc.snprintf
                0x08009a54       0x2c /Applications/CrossWorks for ARM 2.3/lib/libc_v7em_fpv4_sp_d16_hard_t_le_eabi.a(libc2.o)
                0x08009a54                snprintf
 .text.libc.strncpy
                0x08009a80       0xa0 /Applications/CrossWorks for ARM 2.3/lib/libc_v7em_fpv4_sp_d16_hard_t_le_eabi.a(libc2.o)
                0x08009a80                strncpy
 .text.libc.memcpy
                0x08009b20       0x48 /Applications/CrossWorks for ARM 2.3/lib/libc_v7em_fpv4_sp_d16_hard_t_le_eabi.a(libc2_asm.o)
                0x08009b20                memcpy
                0x08009b20                __aeabi_memcpy
                0x08009b20                __aeabi_memcpy4
                0x08009b20                __aeabi_memcpy8
 .text.libc.memset
                0x08009b68       0x70 /Applications/CrossWorks for ARM 2.3/lib/libc_v7em_fpv4_sp_d16_hard_t_le_eabi.a(libc2_asm.o)
                0x08009b68                memset
 .text.libc.strlen
                0x08009bd8       0x70 /Applications/CrossWorks for ARM 2.3/lib/libc_v7em_fpv4_sp_d16_hard_t_le_eabi.a(libc2_asm.o)
                0x08009bd8                strlen
 .text.libc.__vfprintf_double_long_long
                0x08009c48     0x1310 /Applications/CrossWorks for ARM 2.3/lib/libc_v7em_fpv4_sp_d16_hard_t_le_eabi.a(__vfprintf_double_long_long.o)
                0x08009c48                __vfprintf_double_long_long
 .text.libc.__ungetc
                0x0800af58       0x20 /Applications/CrossWorks for ARM 2.3/lib/libc_v7em_fpv4_sp_d16_hard_t_le_eabi.a(__vfscanf_int.o)
 .text.libc.rd_int
                0x0800af78      0x1d8 /Applications/CrossWorks for ARM 2.3/lib/libc_v7em_fpv4_sp_d16_hard_t_le_eabi.a(__vfscanf_int.o)
 .text.libc.__vfscanf_int
                0x0800b150      0x504 /Applications/CrossWorks for ARM 2.3/lib/libc_v7em_fpv4_sp_d16_hard_t_le_eabi.a(__vfscanf_int.o)
                0x0800b150                __vfscanf_int
 .text.libc.__int64_udivmod
                0x0800b654       0x60 /Applications/CrossWorks for ARM 2.3/lib/libc_v7em_fpv4_sp_d16_hard_t_le_eabi.a(libc_asm.o)
                0x0800b654                __int64_udivmod
                0x0800b654                __aeabi_uldivmod
                0x0800b654                __int64_udiv
                0x0800b654                __udivdi3
 .text.libdebugio.__do_debug_operation_mempoll
                0x0800b6b4       0x3c /Applications/CrossWorks for ARM 2.3/lib/libdebugio_v7em_fpv4_sp_d16_hard_t_le_eabi.a(libdebugio.o)
                0x0800b6b4                __do_debug_operation_mempoll
 .text.libc.debug_printf
                0x0800b6f0       0x14 /Applications/CrossWorks for ARM 2.3/lib/libdebugio_v7em_fpv4_sp_d16_hard_t_le_eabi.a(libdebugio_asm.o)
                0x0800b6f0                debug_printf
 .text.libc.__errno
                0x0800b704        0xc /Applications/CrossWorks for ARM 2.3/lib/libc_user_libc_v7em_fpv4_sp_d16_hard_t_le_eabi.a(user_libc.o)
                0x0800b704                __errno
 .text.libc.__debug_io_lock
                0x0800b710        0x4 /Applications/CrossWorks for ARM 2.3/lib/libc_user_libc_v7em_fpv4_sp_d16_hard_t_le_eabi.a(user_libc.o)
                0x0800b710                __debug_io_lock
 .text.libc.__debug_io_unlock
                0x0800b714        0x4 /Applications/CrossWorks for ARM 2.3/lib/libc_user_libc_v7em_fpv4_sp_d16_hard_t_le_eabi.a(user_libc.o)
                0x0800b714                __debug_io_unlock
 .text.libc.frexp
                0x0800b718       0x68 /Applications/CrossWorks for ARM 2.3/lib/libm_v7em_fpv4_sp_d16_hard_t_le_eabi.a(libm2.o)
                0x0800b718                frexp
 .text.libc.ldexp
                0x0800b780       0x88 /Applications/CrossWorks for ARM 2.3/lib/libm_v7em_fpv4_sp_d16_hard_t_le_eabi.a(libm2.o)
                0x0800b780                ldexp
                0x0800b808                __text_end__ = (__text_start__ + SIZEOF (.text))
                0x0800b808                __text_load_end__ = __text_end__

.vfp11_veneer   0x00000000        0x0
 .vfp11_veneer  0x00000000        0x0 linker stubs

.v4_bx          0x00000000        0x0
 .v4_bx         0x00000000        0x0 linker stubs

.iplt           0x00000000        0x0
 .iplt          0x00000000        0x0 THUMB Debug/main.o
                0x00000001                . = ASSERT (((__text_end__ >= __FLASH_segment_start__) && (__text_end__ <= __FLASH_segment_end__)), error: .text is too large to fit in FLASH memory segment)
                0x0800b808                __dtors_load_start__ = ALIGN (__text_end__, 0x4)

.dtors          0x0800b808        0x0
                0x0800b808                __dtors_start__ = .
 *(SORT(.dtors.*))
 *(.dtors)
 *(.fini_array .fini_array.*)
                0x0800b808                __dtors_end__ = (__dtors_start__ + SIZEOF (.dtors))
                0x0800b808                __dtors_load_end__ = __dtors_end__
                0x00000001                . = ASSERT (((__dtors_end__ >= __FLASH_segment_start__) && (__dtors_end__ <= __FLASH_segment_end__)), error: .dtors is too large to fit in FLASH memory segment)
                0x0800b808                __ctors_load_start__ = ALIGN (__dtors_end__, 0x4)

.ctors          0x0800b808        0x0
                0x0800b808                __ctors_start__ = .
 *(SORT(.ctors.*))
 *(.ctors)
 *(.init_array .init_array.*)
                0x0800b808                __ctors_end__ = (__ctors_start__ + SIZEOF (.ctors))
                0x0800b808                __ctors_load_end__ = __ctors_end__
                0x00000001                . = ASSERT (((__ctors_end__ >= __FLASH_segment_start__) && (__ctors_end__ <= __FLASH_segment_end__)), error: .ctors is too large to fit in FLASH memory segment)
                0x0800b808                __rodata_load_start__ = ALIGN (__ctors_end__, 0x4)

.rodata         0x0800b808      0x610
                0x0800b808                __rodata_start__ = .
 *(.rodata .rodata.* .gnu.linkonce.r.*)
 .rodata        0x0800b808      0x374 THUMB Debug/main.o
 .rodata        0x0800bb7c        0x8 THUMB Debug/tasks.o
 .rodata        0x0800bb84        0x8 THUMB Debug/timers.o
 .rodata.heapSTRUCT_SIZE
                0x0800bb8c        0x2 THUMB Debug/heap_2.o
 *fill*         0x0800bb8e        0x2 00
 .rodata        0x0800bb90       0x68 THUMB Debug/STM32_LEDBlinky.o
 .rodata        0x0800bbf8       0x1c THUMB Debug/ITG3200.o
 .rodata.GPIO_PIN
                0x0800bc14        0x8 THUMB Debug/stm32f4_discovery.o
                0x0800bc14                GPIO_PIN
 .rodata.BUTTON_PIN
                0x0800bc1c        0x4 THUMB Debug/stm32f4_discovery.o
                0x0800bc1c                BUTTON_PIN
 .rodata.BUTTON_CLK
                0x0800bc20        0x4 THUMB Debug/stm32f4_discovery.o
                0x0800bc20                BUTTON_CLK
 .rodata.BUTTON_EXTI_LINE
                0x0800bc24        0x4 THUMB Debug/stm32f4_discovery.o
                0x0800bc24                BUTTON_EXTI_LINE
 .rodata.BUTTON_PORT_SOURCE
                0x0800bc28        0x4 THUMB Debug/stm32f4_discovery.o
                0x0800bc28                BUTTON_PORT_SOURCE
 .rodata.BUTTON_PIN_SOURCE
                0x0800bc2c        0x4 THUMB Debug/stm32f4_discovery.o
                0x0800bc2c                BUTTON_PIN_SOURCE
 .rodata.BUTTON_IRQn
                0x0800bc30        0x4 THUMB Debug/stm32f4_discovery.o
                0x0800bc30                BUTTON_IRQn
 .rodata        0x0800bc34       0x98 THUMB Debug/usbd_desc.o
 .rodata.libc.__float64_infinity
                0x0800bccc        0x8 /Applications/CrossWorks for ARM 2.3/lib/libm_v7em_fpv4_sp_d16_hard_t_le_eabi.a(libm_asm.o)
                0x0800bccc                __float64_infinity
 .rodata.libc.__hex_lc
                0x0800bcd4       0x10 /Applications/CrossWorks for ARM 2.3/lib/libc_v7em_fpv4_sp_d16_hard_t_le_eabi.a(libc2.o)
                0x0800bcd4                __hex_lc
 *fill*         0x0800bce4        0x4 00
 .rodata.libc.power
                0x0800bce8       0x48 /Applications/CrossWorks for ARM 2.3/lib/libc_v7em_fpv4_sp_d16_hard_t_le_eabi.a(libc2.o)
 .rodata.libc.__hex_uc
                0x0800bd30       0x10 /Applications/CrossWorks for ARM 2.3/lib/libc_v7em_fpv4_sp_d16_hard_t_le_eabi.a(libc2.o)
                0x0800bd30                __hex_uc
 .rodata.libc.str1.4
                0x0800bd40       0x34 /Applications/CrossWorks for ARM 2.3/lib/libc_v7em_fpv4_sp_d16_hard_t_le_eabi.a(__vfprintf_double_long_long.o)
 *fill*         0x0800bd74        0x4 00
 .rodata.libc.ipow10
                0x0800bd78       0xa0 /Applications/CrossWorks for ARM 2.3/lib/libc_v7em_fpv4_sp_d16_hard_t_le_eabi.a(__vfprintf_double_long_long.o)
                0x0800be18                __rodata_end__ = (__rodata_start__ + SIZEOF (.rodata))
                0x0800be18                __rodata_load_end__ = __rodata_end__

.rel.dyn        0x08000000        0x0
 .rel.iplt      0x00000000        0x0 THUMB Debug/main.o
                0x00000001                . = ASSERT (((__rodata_end__ >= __FLASH_segment_start__) && (__rodata_end__ <= __FLASH_segment_end__)), error: .rodata is too large to fit in FLASH memory segment)
                0x0800be18                __ARM.exidx_load_start__ = ALIGN (__rodata_end__, 0x4)

.ARM.exidx      0x0800be18        0x0
                0x0800be18                __ARM.exidx_start__ = .
                0x0800be18                __exidx_start = __ARM.exidx_start__
 *(.ARM.exidx .ARM.exidx.*)
                0x0800be18                __ARM.exidx_end__ = (__ARM.exidx_start__ + SIZEOF (.ARM.exidx))
                0x0800be18                __exidx_end = __ARM.exidx_end__
                0x0800be18                __ARM.exidx_load_end__ = __ARM.exidx_end__
                0x00000001                . = ASSERT (((__ARM.exidx_end__ >= __FLASH_segment_start__) && (__ARM.exidx_end__ <= __FLASH_segment_end__)), error: .ARM.exidx is too large to fit in FLASH memory segment)
                0x0800be18                __fast_load_start__ = ALIGN (__ARM.exidx_end__, 0x4)

.fast           0x20000000        0x0 load address 0x0800be18
                0x20000000                __fast_start__ = .
 *(.fast .fast.*)
                0x20000000                __fast_end__ = (__fast_start__ + SIZEOF (.fast))
                0x0800be18                __fast_load_end__ = (__fast_load_start__ + SIZEOF (.fast))
                0x00000001                . = ASSERT (((__fast_load_end__ >= __FLASH_segment_start__) && (__fast_load_end__ <= __FLASH_segment_end__)), error: .fast is too large to fit in FLASH memory segment)

.fast_run       0x20000000        0x0
                0x20000000                __fast_run_start__ = .
                0x20000000                . = MAX ((__fast_run_start__ + SIZEOF (.fast)), .)
                0x20000000                __fast_run_end__ = (__fast_run_start__ + SIZEOF (.fast_run))
                0x20000000                __fast_run_load_end__ = __fast_run_end__
                0x00000001                . = ASSERT (((__fast_run_end__ >= __RAM_segment_start__) && (__fast_run_end__ <= __RAM_segment_end__)), error: .fast_run is too large to fit in RAM memory segment)
                0x0800be18                __data_load_start__ = ALIGN ((__fast_load_start__ + SIZEOF (.fast)), 0x4)

.data           0x20000000      0x154 load address 0x0800be18
                0x20000000                __data_start__ = .
 *(.data .data.* .gnu.linkonce.d.*)
 .data.xNextTaskUnblockTime
                0x20000000        0x4 THUMB Debug/tasks.o
 .data.uxCriticalNesting
                0x20000004        0x4 THUMB Debug/port.o
 .data.xFreeBytesRemaining
                0x20000008        0x4 THUMB Debug/heap_2.o
 .data.SystemCoreClock
                0x2000000c        0x4 THUMB Debug/system_stm32f4xx.o
                0x2000000c                SystemCoreClock
 .data.AHBPrescTable
                0x20000010       0x10 THUMB Debug/system_stm32f4xx.o
                0x20000010                AHBPrescTable
 .data.GPIO_PORT
                0x20000020       0x10 THUMB Debug/stm32f4_discovery.o
                0x20000020                GPIO_PORT
 .data.BUTTON_PORT
                0x20000030        0x4 THUMB Debug/stm32f4_discovery.o
                0x20000030                BUTTON_PORT
 .data.APBAHBPrescTable
                0x20000034       0x10 THUMB Debug/stm32f4xx_rcc.o
 .data.linecoding
                0x20000044        0x8 THUMB Debug/usbd_cdc_vcp.o
                0x20000044                linecoding
 .data.VCP_fops
                0x2000004c       0x14 THUMB Debug/usbd_cdc_vcp.o
                0x2000004c                VCP_fops
 .data.USR_desc
                0x20000060       0x1c THUMB Debug/usbd_desc.o
                0x20000060                USR_desc
 .data.USBD_DeviceDesc
                0x2000007c       0x14 THUMB Debug/usbd_desc.o
                0x2000007c                USBD_DeviceDesc
 .data.USBD_LangIDDesc
                0x20000090        0x4 THUMB Debug/usbd_desc.o
                0x20000090                USBD_LangIDDesc
 .data.USR_cb   0x20000094       0x1c THUMB Debug/usbd_usr.o
                0x20000094                USR_cb
 .data.usbd_cdc_CfgDesc
                0x200000b0       0x44 THUMB Debug/usbd_cdc_core.o
                0x200000b0                usbd_cdc_CfgDesc
 .data.cdcCmd   0x200000f4        0x4 THUMB Debug/usbd_cdc_core.o
 .data.USBD_CDC_cb
                0x200000f8       0x2c THUMB Debug/usbd_cdc_core.o
                0x200000f8                USBD_CDC_cb
 .data.USBD_DCD_INT_cb
                0x20000124       0x2c THUMB Debug/usbd_core.o
                0x20000124                USBD_DCD_INT_cb
 .data.USBD_DCD_INT_fops
                0x20000150        0x4 THUMB Debug/usbd_core.o
                0x20000150                USBD_DCD_INT_fops
                0x20000154                __data_end__ = (__data_start__ + SIZEOF (.data))
                0x0800bf6c                __data_load_end__ = (__data_load_start__ + SIZEOF (.data))

.igot.plt       0x00000000        0x0
 .igot.plt      0x00000000        0x0 THUMB Debug/main.o
                0x00000001                . = ASSERT (((__data_load_end__ >= __FLASH_segment_start__) && (__data_load_end__ <= __FLASH_segment_end__)), error: .data is too large to fit in FLASH memory segment)

.data_run       0x20000000      0x154 load address 0x0800be18
                0x20000000                __data_run_start__ = .
                0x20000154                . = MAX ((__data_run_start__ + SIZEOF (.data)), .)
 *fill*         0x20000000      0x154 00
                0x20000154                __data_run_end__ = (__data_run_start__ + SIZEOF (.data_run))
                0x20000154                __data_run_load_end__ = __data_run_end__
                0x00000001                . = ASSERT (((__data_run_end__ >= __RAM_segment_start__) && (__data_run_end__ <= __RAM_segment_end__)), error: .data_run is too large to fit in RAM memory segment)
                0x20000154                __bss_load_start__ = ALIGN (__data_run_end__, 0x4)

.bss            0x20000154     0x314a
                0x20000154                __bss_start__ = .
 *(.bss .bss.* .gnu.linkonce.b.*)
 .bss.gyro_read_buffer.7864
                0x20000154        0xc THUMB Debug/main.o
 .bss.pxCurrentTCB
                0x20000160        0x4 THUMB Debug/tasks.o
                0x20000160                pxCurrentTCB
 .bss.pxReadyTasksLists
                0x20000164       0x64 THUMB Debug/tasks.o
 .bss.xDelayedTaskList1
                0x200001c8       0x14 THUMB Debug/tasks.o
 .bss.xDelayedTaskList2
                0x200001dc       0x14 THUMB Debug/tasks.o
 .bss.pxDelayedTaskList
                0x200001f0        0x4 THUMB Debug/tasks.o
 .bss.pxOverflowDelayedTaskList
                0x200001f4        0x4 THUMB Debug/tasks.o
 .bss.xPendingReadyList
                0x200001f8       0x14 THUMB Debug/tasks.o
 .bss.xTasksWaitingTermination
                0x2000020c       0x14 THUMB Debug/tasks.o
 .bss.uxTasksDeleted
                0x20000220        0x4 THUMB Debug/tasks.o
 .bss.xSuspendedTaskList
                0x20000224       0x14 THUMB Debug/tasks.o
 .bss.uxCurrentNumberOfTasks
                0x20000238        0x4 THUMB Debug/tasks.o
 .bss.xTickCount
                0x2000023c        0x4 THUMB Debug/tasks.o
 .bss.uxTopUsedPriority
                0x20000240        0x4 THUMB Debug/tasks.o
 .bss.uxTopReadyPriority
                0x20000244        0x4 THUMB Debug/tasks.o
 .bss.xSchedulerRunning
                0x20000248        0x4 THUMB Debug/tasks.o
 .bss.uxSchedulerSuspended
                0x2000024c        0x4 THUMB Debug/tasks.o
 .bss.uxMissedTicks
                0x20000250        0x4 THUMB Debug/tasks.o
 .bss.xMissedYield
                0x20000254        0x4 THUMB Debug/tasks.o
 .bss.xNumOfOverflows
                0x20000258        0x4 THUMB Debug/tasks.o
 .bss.uxTaskNumber
                0x2000025c        0x4 THUMB Debug/tasks.o
 .bss.xActiveTimerList1
                0x20000260       0x14 THUMB Debug/timers.o
 .bss.xActiveTimerList2
                0x20000274       0x14 THUMB Debug/timers.o
 .bss.pxCurrentTimerList
                0x20000288        0x4 THUMB Debug/timers.o
 .bss.pxOverflowTimerList
                0x2000028c        0x4 THUMB Debug/timers.o
 .bss.xTimerQueue
                0x20000290        0x4 THUMB Debug/timers.o
 .bss.xLastTime.3987
                0x20000294        0x4 THUMB Debug/timers.o
 .bss.xHeap     0x20000298     0x2000 THUMB Debug/heap_2.o
 .bss.xStart    0x20002298        0x8 THUMB Debug/heap_2.o
 .bss.xEnd      0x200022a0        0x8 THUMB Debug/heap_2.o
 .bss.xHeapHasBeenInitialised.3931
                0x200022a8        0x4 THUMB Debug/heap_2.o
 .bss.RxOverflow
                0x200022ac        0x4 THUMB Debug/usart_lib.o
 .bss.TxPrimed  0x200022b0        0x4 THUMB Debug/usart_lib.o
 .bss.UART2_TXq
                0x200022b4       0x24 THUMB Debug/usart_lib.o
 .bss.UART2_RXq
                0x200022d8       0x24 THUMB Debug/usart_lib.o
 .bss.usbd_cdc_AltSet
                0x200022fc        0x4 THUMB Debug/usbd_cdc_core.o
 .bss.APP_Rx_ptr_in
                0x20002300        0x4 THUMB Debug/usbd_cdc_core.o
                0x20002300                APP_Rx_ptr_in
 .bss.APP_Rx_ptr_out
                0x20002304        0x4 THUMB Debug/usbd_cdc_core.o
                0x20002304                APP_Rx_ptr_out
 .bss.APP_Rx_length
                0x20002308        0x4 THUMB Debug/usbd_cdc_core.o
                0x20002308                APP_Rx_length
 .bss.USB_Tx_State
                0x2000230c        0x1 THUMB Debug/usbd_cdc_core.o
                0x2000230c                USB_Tx_State
 *fill*         0x2000230d        0x3 00
 .bss.cdcLen    0x20002310        0x4 THUMB Debug/usbd_cdc_core.o
 .bss.FrameCount.6990
                0x20002314        0x4 THUMB Debug/usbd_cdc_core.o
 .bss.USBD_ep_status
                0x20002318        0x4 THUMB Debug/usbd_req.o
                0x20002318                USBD_ep_status
 .bss.USBD_default_cfg
                0x2000231c        0x4 THUMB Debug/usbd_req.o
                0x2000231c                USBD_default_cfg
 .bss.USBD_cfg_status
                0x20002320        0x4 THUMB Debug/usbd_req.o
                0x20002320                USBD_cfg_status
 .bss.cfgidx.6996
                0x20002324        0x1 THUMB Debug/usbd_req.o
 *fill*         0x20002325        0x3 00
 .bss.libc.__format_extender
                0x20002328        0x4 /Applications/CrossWorks for ARM 2.3/lib/libc_v7em_fpv4_sp_d16_hard_t_le_eabi.a(libc2.o)
                0x20002328                __format_extender
 .bss.libdebugio.dbgCommWord
                0x2000232c        0x4 /Applications/CrossWorks for ARM 2.3/lib/libdebugio_v7em_fpv4_sp_d16_hard_t_le_eabi.a(libdebugio.o)
                0x2000232c                dbgCommWord
 .bss.libdebugio.dbgCntrlWord_mempoll
                0x20002330        0x4 /Applications/CrossWorks for ARM 2.3/lib/libdebugio_v7em_fpv4_sp_d16_hard_t_le_eabi.a(libdebugio.o)
                0x20002330                dbgCntrlWord_mempoll
 .bss.libc.errno
                0x20002334        0x4 /Applications/CrossWorks for ARM 2.3/lib/libc_user_libc_v7em_fpv4_sp_d16_hard_t_le_eabi.a(user_libc.o)
 *(COMMON)
 COMMON         0x20002338      0x610 THUMB Debug/main.o
                0x20002338                CompassWriteQueueHandle
                0x2000233c                GyroWriteQueueHandle
                0x20002340                TimingDelay
                0x20002344                I2C_InitStructure
                0x20002354                USB_OTG_dev
                0x20002944                AccelWriteQueueHandle
 COMMON         0x20002948       0x98 THUMB Debug/usbd_cdc_vcp.o
                0x20002948                APP_Tx_Buffer
                0x200029c8                APP_tx_ptr_tail
                0x200029cc                USART_InitStructure
                0x200029dc                APP_tx_ptr_head
 COMMON         0x200029e0      0x88c THUMB Debug/usbd_cdc_core.o
                0x200029e0                usbd_cdc_OtherCfgDesc
                0x20002a24                USB_Rx_Buffer
                0x20002a64                CmdBuff
                0x20002a6c                APP_Rx_Buffer
 COMMON         0x2000326c       0x32 THUMB Debug/usbd_req.o
                0x2000326c                USBD_StrDesc
                0x2000329e                __bss_end__ = (__bss_start__ + SIZEOF (.bss))
                0x2000329e                __bss_load_end__ = __bss_end__
                0x00000001                . = ASSERT (((__bss_end__ >= __RAM_segment_start__) && (__bss_end__ <= __RAM_segment_end__)), error: .bss is too large to fit in RAM memory segment)
                0x200032a0                __non_init_load_start__ = ALIGN (__bss_end__, 0x4)

.non_init       0x200032a0        0x0
                0x200032a0                __non_init_start__ = .
 *(.non_init .non_init.*)
                0x200032a0                __non_init_end__ = (__non_init_start__ + SIZEOF (.non_init))
                0x200032a0                __non_init_load_end__ = __non_init_end__
                0x00000001                . = ASSERT (((__non_init_end__ >= __RAM_segment_start__) && (__non_init_end__ <= __RAM_segment_end__)), error: .non_init is too large to fit in RAM memory segment)
                0x200032a0                __heap_load_start__ = ALIGN (__non_init_end__, 0x4)

.heap           0x200032a0       0x80
                0x200032a0                __heap_start__ = .
 *(.heap .heap.*)
                0x20003320                . = ALIGN (MAX ((__heap_start__ + __HEAPSIZE__), .), 0x4)
 *fill*         0x200032a0       0x80 00
                0x20003320                __heap_end__ = (__heap_start__ + SIZEOF (.heap))
                0x20003320                __heap_load_end__ = __heap_end__
                0x00000001                . = ASSERT (((__heap_end__ >= __RAM_segment_start__) && (__heap_end__ <= __RAM_segment_end__)), error: .heap is too large to fit in RAM memory segment)
                0x20003320                __stack_load_start__ = ALIGN (__heap_end__, 0x4)

.stack          0x20003320      0x100
                0x20003320                __stack_start__ = .
 *(.stack .stack.*)
                0x20003420                . = ALIGN (MAX ((__stack_start__ + __STACKSIZE__), .), 0x4)
 *fill*         0x20003320      0x100 00
                0x20003420                __stack_end__ = (__stack_start__ + SIZEOF (.stack))
                0x20003420                __stack_load_end__ = __stack_end__
                0x00000001                . = ASSERT (((__stack_end__ >= __RAM_segment_start__) && (__stack_end__ <= __RAM_segment_end__)), error: .stack is too large to fit in RAM memory segment)
                0x20003420                __stack_process_load_start__ = ALIGN (__stack_end__, 0x4)

.stack_process  0x20003420        0x0
                0x20003420                __stack_process_start__ = .
 *(.stack_process .stack_process.*)
                0x20003420                . = ALIGN (MAX ((__stack_process_start__ + __STACKSIZE_PROCESS__), .), 0x4)
                0x20003420                __stack_process_end__ = (__stack_process_start__ + SIZEOF (.stack_process))
                0x20003420                __stack_process_load_end__ = __stack_process_end__
                0x00000001                . = ASSERT (((__stack_process_end__ >= __RAM_segment_start__) && (__stack_process_end__ <= __RAM_segment_end__)), error: .stack_process is too large to fit in RAM memory segment)
                0x20003420                __tbss_load_start__ = ALIGN (__stack_process_end__, 0x4)

.tbss           0x20003420        0x0
                0x20003420                __tbss_start__ = .
 *(.tbss .tbss.*)
                0x20003420                __tbss_end__ = (__tbss_start__ + SIZEOF (.tbss))
                0x20003420                __tbss_load_end__ = __tbss_end__
                0x00000001                . = ASSERT (((__tbss_end__ >= __RAM_segment_start__) && (__tbss_end__ <= __RAM_segment_end__)), error: .tbss is too large to fit in RAM memory segment)
                0x0800bf6c                __tdata_load_start__ = ALIGN ((__data_load_start__ + SIZEOF (.data)), 0x4)

.tdata          0x20003420        0x0 load address 0x0800bf6c
                0x20003420                __tdata_start__ = .
 *(.tdata .tdata.*)
                0x20003420                __tdata_end__ = (__tdata_start__ + SIZEOF (.tdata))
                0x0800bf6c                __tdata_load_end__ = (__tdata_load_start__ + SIZEOF (.tdata))
                0x0800bf6c                __FLASH_segment_used_end__ = (ALIGN ((__data_load_start__ + SIZEOF (.data)), 0x4) + SIZEOF (.tdata))
                0x00000001                . = ASSERT (((__tdata_load_end__ >= __FLASH_segment_start__) && (__tdata_load_end__ <= __FLASH_segment_end__)), error: .tdata is too large to fit in FLASH memory segment)

.tdata_run      0x20003420        0x0
                0x20003420                __tdata_run_start__ = .
                0x20003420                . = MAX ((__tdata_run_start__ + SIZEOF (.tdata)), .)
                0x20003420                __tdata_run_end__ = (__tdata_run_start__ + SIZEOF (.tdata_run))
                0x20003420                __tdata_run_load_end__ = __tdata_run_end__
                0x20003420                __RAM_segment_used_end__ = (ALIGN (__tbss_end__, 0x4) + SIZEOF (.tdata_run))
                0x00000001                . = ASSERT (((__tdata_run_end__ >= __RAM_segment_start__) && (__tdata_run_end__ <= __RAM_segment_end__)), error: .tdata_run is too large to fit in RAM memory segment)
START GROUP
LOAD THUMB Debug/main.o
LOAD THUMB Debug/croutine.o
LOAD THUMB Debug/list.o
LOAD THUMB Debug/queue.o
LOAD THUMB Debug/tasks.o
LOAD THUMB Debug/timers.o
LOAD THUMB Debug/port.o
LOAD THUMB Debug/heap_2.o
LOAD THUMB Debug/system_stm32f4xx.o
LOAD THUMB Debug/ADXL345.o
LOAD THUMB Debug/I2C.o
LOAD THUMB Debug/HMC5883L.o
LOAD THUMB Debug/STM32_LEDBlinky.o
LOAD THUMB Debug/data_trace.o
LOAD THUMB Debug/ITG3200.o
LOAD THUMB Debug/stm32f4_discovery.o
LOAD THUMB Debug/stm32fxxx_it.o
LOAD THUMB Debug/EM_406A_GPS.o
LOAD THUMB Debug/usart_lib.o
LOAD THUMB Debug/thumb_crt0.o
LOAD THUMB Debug/STM32_Startup.o
LOAD THUMB Debug/misc.o
LOAD THUMB Debug/stm32f4xx_adc.o
LOAD THUMB Debug/stm32f4xx_can.o
LOAD THUMB Debug/stm32f4xx_crc.o
LOAD THUMB Debug/stm32f4xx_cryp.o
LOAD THUMB Debug/stm32f4xx_cryp_aes.o
LOAD THUMB Debug/stm32f4xx_cryp_des.o
LOAD THUMB Debug/stm32f4xx_cryp_tdes.o
LOAD THUMB Debug/stm32f4xx_dac.o
LOAD THUMB Debug/stm32f4xx_dbgmcu.o
LOAD THUMB Debug/stm32f4xx_dcmi.o
LOAD THUMB Debug/stm32f4xx_dma.o
LOAD THUMB Debug/stm32f4xx_exti.o
LOAD THUMB Debug/stm32f4xx_flash.o
LOAD THUMB Debug/stm32f4xx_fsmc.o
LOAD THUMB Debug/stm32f4xx_gpio.o
LOAD THUMB Debug/stm32f4xx_hash.o
LOAD THUMB Debug/stm32f4xx_hash_md5.o
LOAD THUMB Debug/stm32f4xx_hash_sha1.o
LOAD THUMB Debug/stm32f4xx_i2c.o
LOAD THUMB Debug/stm32f4xx_iwdg.o
LOAD THUMB Debug/stm32f4xx_pwr.o
LOAD THUMB Debug/stm32f4xx_rcc.o
LOAD THUMB Debug/stm32f4xx_rng.o
LOAD THUMB Debug/stm32f4xx_rtc.o
LOAD THUMB Debug/stm32f4xx_sdio.o
LOAD THUMB Debug/stm32f4xx_spi.o
LOAD THUMB Debug/stm32f4xx_syscfg.o
LOAD THUMB Debug/stm32f4xx_tim.o
LOAD THUMB Debug/stm32f4xx_usart.o
LOAD THUMB Debug/stm32f4xx_wwdg.o
LOAD THUMB Debug/usb_bsp.o
LOAD THUMB Debug/usbd_cdc_vcp.o
LOAD THUMB Debug/usbd_desc.o
LOAD THUMB Debug/usbd_usr.o
LOAD THUMB Debug/usbd_cdc_core.o
LOAD THUMB Debug/usbd_core.o
LOAD THUMB Debug/usbd_ioreq.o
LOAD THUMB Debug/usbd_req.o
LOAD THUMB Debug/usb_core.o
LOAD THUMB Debug/usb_dcd.o
LOAD THUMB Debug/usb_dcd_int.o
LOAD /Applications/CrossWorks for ARM 2.3/lib/libcm_v7em_fpv4_sp_d16_hard_t_le_eabi.a
LOAD /Applications/CrossWorks for ARM 2.3/lib/libm_v7em_fpv4_sp_d16_hard_t_le_eabi.a
LOAD /Applications/CrossWorks for ARM 2.3/lib/libc_v7em_fpv4_sp_d16_hard_t_le_eabi.a
LOAD /Applications/CrossWorks for ARM 2.3/lib/libcpp_v7em_fpv4_sp_d16_hard_t_le_eabi.a
LOAD /Applications/CrossWorks for ARM 2.3/lib/libdebugio_v7em_fpv4_sp_d16_hard_t_le_eabi.a
LOAD /Applications/CrossWorks for ARM 2.3/lib/libc_targetio_impl_v7em_fpv4_sp_d16_hard_t_le_eabi.a
LOAD /Applications/CrossWorks for ARM 2.3/lib/libc_user_libc_v7em_fpv4_sp_d16_hard_t_le_eabi.a
END GROUP
OUTPUT(THUMB Debug/MissionControl_FW.elf elf32-littlearm)

.debug_frame    0x00000000     0x7554
 .debug_frame   0x00000000       0xbc THUMB Debug/main.o
 .debug_frame   0x000000bc       0xd8 THUMB Debug/list.o
 .debug_frame   0x00000194      0x3fc THUMB Debug/queue.o
 .debug_frame   0x00000590      0x60c THUMB Debug/tasks.o
 .debug_frame   0x00000b9c      0x268 THUMB Debug/timers.o
 .debug_frame   0x00000e04      0x188 THUMB Debug/port.o
 .debug_frame   0x00000f8c       0xa8 THUMB Debug/heap_2.o
 .debug_frame   0x00001034       0x84 THUMB Debug/system_stm32f4xx.o
 .debug_frame   0x000010b8      0x170 THUMB Debug/ADXL345.o
 .debug_frame   0x00001228       0x94 THUMB Debug/I2C.o
 .debug_frame   0x000012bc       0xec THUMB Debug/STM32_LEDBlinky.o
 .debug_frame   0x000013a8       0x68 THUMB Debug/data_trace.o
 .debug_frame   0x00001410      0x134 THUMB Debug/ITG3200.o
 .debug_frame   0x00001544      0x10c THUMB Debug/stm32f4_discovery.o
 .debug_frame   0x00001650       0x9c THUMB Debug/stm32fxxx_it.o
 .debug_frame   0x000016ec      0x190 THUMB Debug/usart_lib.o
 .debug_frame   0x0000187c       0xd8 THUMB Debug/misc.o
 .debug_frame   0x00001954      0x148 THUMB Debug/stm32f4xx_exti.o
 .debug_frame   0x00001a9c      0x244 THUMB Debug/stm32f4xx_gpio.o
 .debug_frame   0x00001ce0      0x540 THUMB Debug/stm32f4xx_i2c.o
 .debug_frame   0x00002220      0x6dc THUMB Debug/stm32f4xx_rcc.o
 .debug_frame   0x000028fc      0x100 THUMB Debug/stm32f4xx_syscfg.o
 .debug_frame   0x000029fc      0x4a0 THUMB Debug/stm32f4xx_usart.o
 .debug_frame   0x00002e9c       0xbc THUMB Debug/usb_bsp.o
 .debug_frame   0x00002f58      0x1bc THUMB Debug/usbd_cdc_vcp.o
 .debug_frame   0x00003114      0x13c THUMB Debug/usbd_desc.o
 .debug_frame   0x00003250      0x150 THUMB Debug/usbd_usr.o
 .debug_frame   0x000033a0      0x198 THUMB Debug/usbd_cdc_core.o
 .debug_frame   0x00003538      0x248 THUMB Debug/usbd_core.o
 .debug_frame   0x00003780      0x140 THUMB Debug/usbd_ioreq.o
 .debug_frame   0x000038c0      0x270 THUMB Debug/usbd_req.o
 .debug_frame   0x00003b30      0x5e4 THUMB Debug/usb_core.o
 .debug_frame   0x00004114      0x248 THUMB Debug/usb_dcd.o
 .debug_frame   0x0000435c      0x248 THUMB Debug/usb_dcd_int.o
 .debug_frame   0x000045a4      0x600 /Applications/CrossWorks for ARM 2.3/lib/libm_v7em_fpv4_sp_d16_hard_t_le_eabi.a(libm_asm.o)
 .debug_frame   0x00004ba4     0x1300 /Applications/CrossWorks for ARM 2.3/lib/libc_v7em_fpv4_sp_d16_hard_t_le_eabi.a(libc2.o)
 .debug_frame   0x00005ea4      0x120 /Applications/CrossWorks for ARM 2.3/lib/libc_v7em_fpv4_sp_d16_hard_t_le_eabi.a(libc2_asm.o)
 .debug_frame   0x00005fc4       0x5c /Applications/CrossWorks for ARM 2.3/lib/libc_v7em_fpv4_sp_d16_hard_t_le_eabi.a(__vfprintf_double_long_long.o)
 .debug_frame   0x00006020       0x8c /Applications/CrossWorks for ARM 2.3/lib/libc_v7em_fpv4_sp_d16_hard_t_le_eabi.a(__vfscanf_int.o)
 .debug_frame   0x000060ac      0x260 /Applications/CrossWorks for ARM 2.3/lib/libc_v7em_fpv4_sp_d16_hard_t_le_eabi.a(libc_asm.o)
 .debug_frame   0x0000630c      0x790 /Applications/CrossWorks for ARM 2.3/lib/libdebugio_v7em_fpv4_sp_d16_hard_t_le_eabi.a(libdebugio.o)
 .debug_frame   0x00006a9c       0xa0 /Applications/CrossWorks for ARM 2.3/lib/libdebugio_v7em_fpv4_sp_d16_hard_t_le_eabi.a(libdebugio_asm.o)
 .debug_frame   0x00006b3c       0xa0 /Applications/CrossWorks for ARM 2.3/lib/libc_user_libc_v7em_fpv4_sp_d16_hard_t_le_eabi.a(user_libc.o)
 .debug_frame   0x00006bdc      0x978 /Applications/CrossWorks for ARM 2.3/lib/libm_v7em_fpv4_sp_d16_hard_t_le_eabi.a(libm2.o)

.debug_info     0x00000000    0x17ae1
 .debug_info    0x00000000     0x1125 THUMB Debug/main.o
 .debug_info    0x00001125      0x28e THUMB Debug/list.o
 .debug_info    0x000013b3      0x9b4 THUMB Debug/queue.o
 .debug_info    0x00001d67      0xdfe THUMB Debug/tasks.o
 .debug_info    0x00002b65      0x754 THUMB Debug/timers.o
 .debug_info    0x000032b9      0x234 THUMB Debug/port.o
 .debug_info    0x000034ed      0x2b2 THUMB Debug/heap_2.o
 .debug_info    0x0000379f      0x443 THUMB Debug/system_stm32f4xx.o
 .debug_info    0x00003be2      0x9a0 THUMB Debug/ADXL345.o
 .debug_info    0x00004582      0x4d1 THUMB Debug/I2C.o
 .debug_info    0x00004a53      0x35e THUMB Debug/STM32_LEDBlinky.o
 .debug_info    0x00004db1       0xf7 THUMB Debug/data_trace.o
 .debug_info    0x00004ea8      0x497 THUMB Debug/ITG3200.o
 .debug_info    0x0000533f      0x8a5 THUMB Debug/stm32f4_discovery.o
 .debug_info    0x00005be4      0xc38 THUMB Debug/stm32fxxx_it.o
 .debug_info    0x0000681c      0x97a THUMB Debug/usart_lib.o
 .debug_info    0x00007196       0x8c THUMB Debug/thumb_crt0.o
 .debug_info    0x00007222       0xbc THUMB Debug/STM32_Startup.o
 .debug_info    0x000072de      0x584 THUMB Debug/misc.o
 .debug_info    0x00007862      0x363 THUMB Debug/stm32f4xx_exti.o
 .debug_info    0x00007bc5      0x638 THUMB Debug/stm32f4xx_gpio.o
 .debug_info    0x000081fd      0xbbd THUMB Debug/stm32f4xx_i2c.o
 .debug_info    0x00008dba      0xd3d THUMB Debug/stm32f4xx_rcc.o
 .debug_info    0x00009af7      0x26b THUMB Debug/stm32f4xx_syscfg.o
 .debug_info    0x00009d62      0xa59 THUMB Debug/stm32f4xx_usart.o
 .debug_info    0x0000a7bb     0x10fe THUMB Debug/usb_bsp.o
 .debug_info    0x0000b8b9      0x4e8 THUMB Debug/usbd_cdc_vcp.o
 .debug_info    0x0000bda1      0x372 THUMB Debug/usbd_desc.o
 .debug_info    0x0000c113      0x803 THUMB Debug/usbd_usr.o
 .debug_info    0x0000c916     0x102d THUMB Debug/usbd_cdc_core.o
 .debug_info    0x0000d943      0xfe1 THUMB Debug/usbd_core.o
 .debug_info    0x0000e924      0xdd6 THUMB Debug/usbd_ioreq.o
 .debug_info    0x0000f6fa     0x10ea THUMB Debug/usbd_req.o
 .debug_info    0x000107e4     0x280e THUMB Debug/usb_core.o
 .debug_info    0x00012ff2     0x1174 THUMB Debug/usb_dcd.o
 .debug_info    0x00014166     0x1ff9 THUMB Debug/usb_dcd_int.o
 .debug_info    0x0001615f      0xd02 /Applications/CrossWorks for ARM 2.3/lib/libc_v7em_fpv4_sp_d16_hard_t_le_eabi.a(libc2.o)
 .debug_info    0x00016e61       0x37 /Applications/CrossWorks for ARM 2.3/lib/libc_v7em_fpv4_sp_d16_hard_t_le_eabi.a(__vfprintf_double_long_long.o)
 .debug_info    0x00016e98       0x68 /Applications/CrossWorks for ARM 2.3/lib/libc_v7em_fpv4_sp_d16_hard_t_le_eabi.a(__vfscanf_int.o)
 .debug_info    0x00016f00      0x55f /Applications/CrossWorks for ARM 2.3/lib/libdebugio_v7em_fpv4_sp_d16_hard_t_le_eabi.a(libdebugio.o)
 .debug_info    0x0001745f       0xd6 /Applications/CrossWorks for ARM 2.3/lib/libc_user_libc_v7em_fpv4_sp_d16_hard_t_le_eabi.a(user_libc.o)
 .debug_info    0x00017535      0x5ac /Applications/CrossWorks for ARM 2.3/lib/libm_v7em_fpv4_sp_d16_hard_t_le_eabi.a(libm2.o)

.debug_abbrev   0x00000000     0x373d
 .debug_abbrev  0x00000000      0x20e THUMB Debug/main.o
 .debug_abbrev  0x0000020e       0xc0 THUMB Debug/list.o
 .debug_abbrev  0x000002ce      0x164 THUMB Debug/queue.o
 .debug_abbrev  0x00000432      0x1b7 THUMB Debug/tasks.o
 .debug_abbrev  0x000005e9      0x177 THUMB Debug/timers.o
 .debug_abbrev  0x00000760      0x1c4 THUMB Debug/port.o
 .debug_abbrev  0x00000924      0x16a THUMB Debug/heap_2.o
 .debug_abbrev  0x00000a8e      0x12d THUMB Debug/system_stm32f4xx.o
 .debug_abbrev  0x00000bbb      0x17f THUMB Debug/ADXL345.o
 .debug_abbrev  0x00000d3a      0x10e THUMB Debug/I2C.o
 .debug_abbrev  0x00000e48      0x119 THUMB Debug/STM32_LEDBlinky.o
 .debug_abbrev  0x00000f61       0x8a THUMB Debug/data_trace.o
 .debug_abbrev  0x00000feb      0x163 THUMB Debug/ITG3200.o
 .debug_abbrev  0x0000114e      0x17a THUMB Debug/stm32f4_discovery.o
 .debug_abbrev  0x000012c8      0x181 THUMB Debug/stm32fxxx_it.o
 .debug_abbrev  0x00001449      0x1f2 THUMB Debug/usart_lib.o
 .debug_abbrev  0x0000163b       0x14 THUMB Debug/thumb_crt0.o
 .debug_abbrev  0x0000164f       0x14 THUMB Debug/STM32_Startup.o
 .debug_abbrev  0x00001663      0x11e THUMB Debug/misc.o
 .debug_abbrev  0x00001781      0x166 THUMB Debug/stm32f4xx_exti.o
 .debug_abbrev  0x000018e7      0x180 THUMB Debug/stm32f4xx_gpio.o
 .debug_abbrev  0x00001a67      0x15b THUMB Debug/stm32f4xx_i2c.o
 .debug_abbrev  0x00001bc2      0x1a8 THUMB Debug/stm32f4xx_rcc.o
 .debug_abbrev  0x00001d6a      0x128 THUMB Debug/stm32f4xx_syscfg.o
 .debug_abbrev  0x00001e92      0x14c THUMB Debug/stm32f4xx_usart.o
 .debug_abbrev  0x00001fde      0x1c1 THUMB Debug/usb_bsp.o
 .debug_abbrev  0x0000219f      0x204 THUMB Debug/usbd_cdc_vcp.o
 .debug_abbrev  0x000023a3      0x123 THUMB Debug/usbd_desc.o
 .debug_abbrev  0x000024c6      0x1bd THUMB Debug/usbd_usr.o
 .debug_abbrev  0x00002683      0x1df THUMB Debug/usbd_cdc_core.o
 .debug_abbrev  0x00002862      0x1e7 THUMB Debug/usbd_core.o
 .debug_abbrev  0x00002a49      0x179 THUMB Debug/usbd_ioreq.o
 .debug_abbrev  0x00002bc2      0x25d THUMB Debug/usbd_req.o
 .debug_abbrev  0x00002e1f      0x295 THUMB Debug/usb_core.o
 .debug_abbrev  0x000030b4      0x1ed THUMB Debug/usb_dcd.o
 .debug_abbrev  0x000032a1      0x225 THUMB Debug/usb_dcd_int.o
 .debug_abbrev  0x000034c6       0xcb /Applications/CrossWorks for ARM 2.3/lib/libc_v7em_fpv4_sp_d16_hard_t_le_eabi.a(libc2.o)
 .debug_abbrev  0x00003591       0x28 /Applications/CrossWorks for ARM 2.3/lib/libc_v7em_fpv4_sp_d16_hard_t_le_eabi.a(__vfprintf_double_long_long.o)
 .debug_abbrev  0x000035b9       0x49 /Applications/CrossWorks for ARM 2.3/lib/libc_v7em_fpv4_sp_d16_hard_t_le_eabi.a(__vfscanf_int.o)
 .debug_abbrev  0x00003602       0x3e /Applications/CrossWorks for ARM 2.3/lib/libdebugio_v7em_fpv4_sp_d16_hard_t_le_eabi.a(libdebugio.o)
 .debug_abbrev  0x00003640       0x28 /Applications/CrossWorks for ARM 2.3/lib/libc_user_libc_v7em_fpv4_sp_d16_hard_t_le_eabi.a(user_libc.o)
 .debug_abbrev  0x00003668       0xd5 /Applications/CrossWorks for ARM 2.3/lib/libm_v7em_fpv4_sp_d16_hard_t_le_eabi.a(libm2.o)

.debug_loc      0x00000000     0x7b4c
 .debug_loc     0x00000000       0xe4 THUMB Debug/main.o
 .debug_loc     0x000000e4      0x118 THUMB Debug/list.o
 .debug_loc     0x000001fc      0x508 THUMB Debug/queue.o
 .debug_loc     0x00000704      0x7b0 THUMB Debug/tasks.o
 .debug_loc     0x00000eb4      0x304 THUMB Debug/timers.o
 .debug_loc     0x000011b8      0x16c THUMB Debug/port.o
 .debug_loc     0x00001324       0xc8 THUMB Debug/heap_2.o
 .debug_loc     0x000013ec       0x9c THUMB Debug/system_stm32f4xx.o
 .debug_loc     0x00001488      0x1c0 THUMB Debug/ADXL345.o
 .debug_loc     0x00001648       0xa8 THUMB Debug/I2C.o
 .debug_loc     0x000016f0      0x118 THUMB Debug/STM32_LEDBlinky.o
 .debug_loc     0x00001808       0x70 THUMB Debug/data_trace.o
 .debug_loc     0x00001878      0x17c THUMB Debug/ITG3200.o
 .debug_loc     0x000019f4      0x150 THUMB Debug/stm32f4_discovery.o
 .debug_loc     0x00001b44       0xb0 THUMB Debug/stm32fxxx_it.o
 .debug_loc     0x00001bf4      0x1f8 THUMB Debug/usart_lib.o
 .debug_loc     0x00001dec      0x118 THUMB Debug/misc.o
 .debug_loc     0x00001f04      0x1b4 THUMB Debug/stm32f4xx_exti.o
 .debug_loc     0x000020b8      0x310 THUMB Debug/stm32f4xx_gpio.o
 .debug_loc     0x000023c8      0x738 THUMB Debug/stm32f4xx_i2c.o
 .debug_loc     0x00002b00      0x97c THUMB Debug/stm32f4xx_rcc.o
 .debug_loc     0x0000347c      0x144 THUMB Debug/stm32f4xx_syscfg.o
 .debug_loc     0x000035c0      0x658 THUMB Debug/stm32f4xx_usart.o
 .debug_loc     0x00003c18       0xe0 THUMB Debug/usb_bsp.o
 .debug_loc     0x00003cf8      0x244 THUMB Debug/usbd_cdc_vcp.o
 .debug_loc     0x00003f3c      0x188 THUMB Debug/usbd_desc.o
 .debug_loc     0x000040c4      0x1b0 THUMB Debug/usbd_usr.o
 .debug_loc     0x00004274      0x1f8 THUMB Debug/usbd_cdc_core.o
 .debug_loc     0x0000446c      0x2d8 THUMB Debug/usbd_core.o
 .debug_loc     0x00004744      0x188 THUMB Debug/usbd_ioreq.o
 .debug_loc     0x000048cc      0x310 THUMB Debug/usbd_req.o
 .debug_loc     0x00004bdc      0x7e0 THUMB Debug/usb_core.o
 .debug_loc     0x000053bc      0x2d8 THUMB Debug/usb_dcd.o
 .debug_loc     0x00005694      0x2d8 THUMB Debug/usb_dcd_int.o
 .debug_loc     0x0000596c     0x109f /Applications/CrossWorks for ARM 2.3/lib/libc_v7em_fpv4_sp_d16_hard_t_le_eabi.a(libc2.o)